10-16 15:56:00.019   904   962 D PowerManagerService: acquireWakeLockInternal: lock=111214972, flags=0x40000001, tag="*alarm*", ws=WorkSource{1000}, uid=1000, pid=904
10-16 15:56:00.019   904   962 D PowerManagerService: updateWakeLockSummaryLocked: mWakefulness=Awake, mWakeLockSummary=0x1
10-16 15:56:00.019   904   962 D PowerManagerService: updateUserActivitySummaryLocked: mWakefulness=Awake, mUserActivitySummary=0x4, nextTimeout=-1 (636023 ms ago)
10-16 15:56:00.020   904   962 D DisplayPowerController: requestPowerState: policy=DIM, useProximitySensor=false, screenBrightness=173, screenAutoBrightnessAdjustment=0.0, brightnessSetByUser=true, useAutoBrightness=false, blockScreenOn=false, lowPowerMode=false, boostScreenBrightness=false, dozeScreenBrightness=-1, dozeScreenState=UNKNOWN, waitForNegativeProximity=false
10-16 15:56:00.020   904   962 I PowerManagerService: setBrightness mButtonLight 0.
10-16 15:56:00.020   904   962 D PowerManagerService: updateDisplayPowerStateLocked: mDisplayReady=true, policy=2, mWakefulness=1, mWakeLockSummary=0x1, mUserActivitySummary=0x4, mBootCompleted=true, mScreenBrightnessBoostInProgress=false
10-16 15:56:00.030   904   962 D PowerManagerService: Acquiring suspend blocker "PowerManagerService.WakeLocks".
10-16 15:56:00.030   904   962 D PowerManagerNotifier: onWakeLockAcquired: flags=1073741825, tag="*alarm*", packageName=android, ownerUid=1000, ownerPid=904, workSource=WorkSource{1000}
10-16 15:56:00.035  2078  2078 D ActivityThread: BDC-Calling finishReceiver: IIntentReceiver=eda125f
10-16 15:56:00.038   904   904 V AlarmManager: APP set(PendingIntent{fc57fcf: PendingIntentRecord{d22ad5c android broadcastIntent}}) : type=3 triggerAtTime=696004 win=0 tElapsed=696004 maxElapsed=696004 interval=0 flags=0x1
10-16 15:56:00.044   904   904 D AlarmManager:  whichBatch = -1
10-16 15:56:00.044   904   904 D AlarmManager: set alarm to RTC 696004
10-16 15:56:00.044   904   904 D ActivityThread: BDC-Calling finishReceiver: IIntentReceiver=805de30
10-16 15:56:00.046  1055  1055 D ActivityThread: BDC-Calling finishReceiver: IIntentReceiver=2c19176
10-16 15:56:00.055  1055  1055 D ActivityThread: BDC-Calling finishReceiver: IIntentReceiver=2a5594e
10-16 15:56:00.058  1055  1055 D ActivityThread: BDC-Calling finishReceiver: IIntentReceiver=1f0fa6f
10-16 15:56:00.063  1055  1055 D ActivityThread: BDC-Calling finishReceiver: IIntentReceiver=c2a37c
10-16 15:56:00.068  1055  1055 D ActivityThread: BDC-Calling finishReceiver: IIntentReceiver=e979405
10-16 15:56:00.083  1055  1055 D ActivityThread: BDC-Calling finishReceiver: IIntentReceiver=681bc5a
10-16 15:56:00.087  1055  1055 D ActivityThread: BDC-Calling finishReceiver: IIntentReceiver=43cce8b
10-16 15:56:00.089  1055  1055 D ActivityThread: BDC-Calling finishReceiver: IIntentReceiver=f547b68
10-16 15:56:00.093  1055  1055 D ActivityThread: BDC-Calling finishReceiver: IIntentReceiver=f026b81
10-16 15:56:00.096  1055  1055 D ActivityThread: BDC-Calling finishReceiver: IIntentReceiver=78f4426
10-16 15:56:00.103  1055  1055 D ActivityThread: BDC-Calling finishReceiver: IIntentReceiver=a27c867
10-16 15:56:00.141  1055  1055 D ActivityThread: BDC-Calling finishReceiver: IIntentReceiver=be93ebd
10-16 15:56:00.179  1055  1055 D ActivityThread: BDC-Calling finishReceiver: IIntentReceiver=3de8403
10-16 15:56:00.198  1055  1055 D ActivityThread: BDC-Calling finishReceiver: IIntentReceiver=57009b9
10-16 15:56:00.208   904   904 D AlarmManager: onSendFinished begin
10-16 15:56:00.208   904   904 D PowerManagerService: releaseWakeLockInternal: lock=111214972 [*alarm*], flags=0x0, total_time=189ms
10-16 15:56:00.208   904   904 D PowerManagerNotifier: onWakeLockReleased: flags=1073741825, tag="*alarm*", packageName=android, ownerUid=1000, ownerPid=904, workSource=WorkSource{1000}
10-16 15:56:00.208   904   904 D PowerManagerService: updateWakeLockSummaryLocked: mWakefulness=Awake, mWakeLockSummary=0x0
10-16 15:56:00.208   904   904 D PowerManagerService: updateUserActivitySummaryLocked: mWakefulness=Awake, mUserActivitySummary=0x4, nextTimeout=-1 (636212 ms ago)
10-16 15:56:00.211   904   904 D DisplayPowerController: requestPowerState: policy=DIM, useProximitySensor=false, screenBrightness=173, screenAutoBrightnessAdjustment=0.0, brightnessSetByUser=true, useAutoBrightness=false, blockScreenOn=false, lowPowerMode=false, boostScreenBrightness=false, dozeScreenBrightness=-1, dozeScreenState=UNKNOWN, waitForNegativeProximity=false
10-16 15:56:00.211   904   904 I PowerManagerService: setBrightness mButtonLight 0.
10-16 15:56:00.211   904   904 D PowerManagerService: updateDisplayPowerStateLocked: mDisplayReady=true, policy=2, mWakefulness=1, mWakeLockSummary=0x0, mUserActivitySummary=0x4, mBootCompleted=true, mScreenBrightnessBoostInProgress=false
10-16 15:56:00.211   904   904 D PowerManagerService: Releasing suspend blocker "PowerManagerService.WakeLocks".
10-16 15:56:00.640   904   975 D ConnectivityService: updateNetworkScore for NetworkAgentInfo [WIFI () - 1000] to 56
10-16 15:56:00.640   904   975 D ConnectivityService: rematching NetworkAgentInfo [WIFI () - 1000]
10-16 15:56:00.640   904   975 D ConnectivityService:  network has: [ Transports: WIFI Capabilities: INTERNET&NOT_RESTRICTED&TRUSTED&NOT_VPN&VALIDATED LinkUpBandwidth>=1048576Kbps LinkDnBandwidth>=1048576Kbps SignalStrength: -69]
10-16 15:56:00.641   904   975 D ConnectivityService: Network NetworkAgentInfo [WIFI () - 1000] was already satisfying request 1. No change.
10-16 15:56:00.641   904   975 D ConnectivityService:   checking if request is satisfied: NetworkRequest [ id=4, legacyType=-1, [ Transports: WIFI Capabilities: NOT_RESTRICTED&TRUSTED&NOT_VPN&VALIDATED] ]
10-16 15:56:00.641   904   975 D ConnectivityService:   checking if request is satisfied: NetworkRequest [ id=3, legacyType=-1, [] ]
10-16 15:56:00.641   904   975 D ConnectivityService: sending new Min Network Score(56): NetworkRequest [ id=1, legacyType=-1, [ Capabilities: INTERNET&NOT_RESTRICTED&TRUSTED&NOT_VPN] ]
10-16 15:56:00.650   904   972 V ActivityManager: Broadcast sticky: Intent { act=android.net.wifi.RSSI_CHANGED flg=0x4000010 (has extras) } ordered=false userid=-1 callerApp=ProcessRecord{51a6cc8 904:system/1000}
10-16 15:56:03.699   904   972 V ActivityManager: Broadcast sticky: Intent { act=android.net.wifi.RSSI_CHANGED flg=0x4000010 (has extras) } ordered=false userid=-1 callerApp=ProcessRecord{51a6cc8 904:system/1000}
10-16 15:56:05.775   904  1035 D BatteryService: Processing new values: chargerAcOnline=false, chargerUsbOnline=true, chargerWirelessOnline=false, batteryStatus=5, batteryHealth=2, batteryPresent=true, batteryLevel=100, batteryTechnology=Li-ion, batteryVoltage=4351, batteryTemperature=320, mBatteryLevelCritical=false, mPlugType=2
10-16 15:56:05.787   904  1036 D BatteryService: Processing new values: chargerAcOnline=false, chargerUsbOnline=true, chargerWirelessOnline=false, batteryStatus=5, batteryHealth=2, batteryPresent=true, batteryLevel=100, batteryTechnology=Li-ion, batteryVoltage=4351, batteryTemperature=320, mBatteryLevelCritical=false, mPlugType=2
10-16 15:56:05.794   904  1549 D BatteryService: Processing new values: chargerAcOnline=false, chargerUsbOnline=true, chargerWirelessOnline=false, batteryStatus=5, batteryHealth=2, batteryPresent=true, batteryLevel=100, batteryTechnology=Li-ion, batteryVoltage=4352, batteryTemperature=310, mBatteryLevelCritical=false, mPlugType=2
10-16 15:56:05.795   904  1549 D BatteryService: Sending ACTION_BATTERY_CHANGED.  level:100, scale:100, status:5, health:2, present:true, voltage: 4352, temperature: 310, technology: Li-ion, AC powered:false, USB powered:true, Wireless powered:false, icon:17303294, invalid charger:0, status_smb:1, present_smb:false,level_smb:50
10-16 15:56:05.798   904   904 V ActivityManager: Broadcast sticky: Intent { act=android.intent.action.BATTERY_CHANGED flg=0x60000010 (has extras) } ordered=false userid=-1 callerApp=null
10-16 15:56:05.804   904  1553 V SettingsProvider: name : key_battery_charge_status callingUid : 1000
10-16 15:56:05.806   904  1608 V SettingsProvider: packageValueForCallResult, name = star_power_save_mode, value : 0
10-16 15:56:05.809   904   904 D WifiService: onReceive, action:android.intent.action.BATTERY_CHANGED
10-16 15:56:05.810   904   974 D WifiController: DeviceActiveState{ when=0 what=155652 arg1=2 target=com.android.internal.util.StateMachine$SmHandler }
10-16 15:56:05.810   904   974 D WifiController: StaEnabledState{ when=0 what=155652 arg1=2 target=com.android.internal.util.StateMachine$SmHandler }
10-16 15:56:05.810   904   974 D WifiController: DefaultState{ when=0 what=155652 arg1=2 target=com.android.internal.util.StateMachine$SmHandler }
10-16 15:56:05.810   904   974 D WifiController: battery changed pluggedType: 2
10-16 15:56:05.811   904  1556 V SettingsProvider: packageValueForCallResult, name = star_super_power_save_mode, value : 0
10-16 15:56:05.812   904  1575 V SettingsProvider: name : LavaBatteryLevel callingUid : 1000
10-16 15:56:05.813   904   929 D PowerManagerService: updateIsPoweredLocked: wasPowered=true, mIsPowered=true, oldPlugType=2, mPlugType=2, mBatteryLevel=100
10-16 15:56:05.814   904  1511 V ActivityManager: Broadcast: Intent { act=terminate_SwitchModeActivity flg=0x10 } ordered=false userid=0 callerApp=ProcessRecord{c9cd5ef 1055:com.android.systemui/u0a21}
10-16 15:56:05.820   904  1603 D BatteryService: Processing new values: chargerAcOnline=false, chargerUsbOnline=true, chargerWirelessOnline=false, batteryStatus=5, batteryHealth=2, batteryPresent=true, batteryLevel=100, batteryTechnology=Li-ion, batteryVoltage=4352, batteryTemperature=310, mBatteryLevelCritical=false, mPlugType=2
10-16 15:56:06.712   904   975 D ConnectivityService: updateCapabilities cap: [ Transports: WIFI Capabilities: INTERNET&NOT_RESTRICTED&TRUSTED&NOT_VPN LinkUpBandwidth>=1048576Kbps LinkDnBandwidth>=1048576Kbps SignalStrength: -76]
10-16 15:56:06.712   904   975 D ConnectivityService: rematching NetworkAgentInfo [WIFI () - 1000]
10-16 15:56:06.712   904   975 D ConnectivityService:  network has: [ Transports: WIFI Capabilities: INTERNET&NOT_RESTRICTED&TRUSTED&NOT_VPN&VALIDATED LinkUpBandwidth>=1048576Kbps LinkDnBandwidth>=1048576Kbps SignalStrength: -76]
10-16 15:56:06.712   904   975 D ConnectivityService: Network NetworkAgentInfo [WIFI () - 1000] was already satisfying request 1. No change.
10-16 15:56:06.712   904   975 D ConnectivityService:   checking if request is satisfied: NetworkRequest [ id=4, legacyType=-1, [ Transports: WIFI Capabilities: NOT_RESTRICTED&TRUSTED&NOT_VPN&VALIDATED] ]
10-16 15:56:06.712   904   975 D ConnectivityService:   checking if request is satisfied: NetworkRequest [ id=3, legacyType=-1, [] ]
10-16 15:56:06.712   904   975 D ConnectivityService: notifyType CAP_CHANGED for NetworkAgentInfo [WIFI () - 1000]
10-16 15:56:06.712   904   975 D ConnectivityService:  sending notification for NetworkRequest [ id=1, legacyType=-1, [ Capabilities: INTERNET&NOT_RESTRICTED&TRUSTED&NOT_VPN] ]
10-16 15:56:06.713   904   975 D ConnectivityService:  sending notification for NetworkRequest [ id=3, legacyType=-1, [] ]
10-16 15:56:06.713   904   975 D ConnectivityService: sending notification CAP_CHANGED for NetworkRequest [ id=3, legacyType=-1, [] ]
10-16 15:56:06.713   904   975 D ConnectivityService:  sending notification for NetworkRequest [ id=4, legacyType=-1, [ Transports: WIFI Capabilities: NOT_RESTRICTED&TRUSTED&NOT_VPN&VALIDATED] ]
10-16 15:56:06.717   904   975 D ConnectivityService: sending notification CAP_CHANGED for NetworkRequest [ id=4, legacyType=-1, [ Transports: WIFI Capabilities: NOT_RESTRICTED&TRUSTED&NOT_VPN&VALIDATED] ]
10-16 15:56:06.720   904   975 D ConnectivityService: rematchCapabilityClearDefault
10-16 15:56:06.720   904   975 D ConnectivityService: checking requestId:1
10-16 15:56:06.720   904   975 D ConnectivityService: satisfied:true
10-16 15:56:06.720   904   975 D ConnectivityService: checking requestId:3
10-16 15:56:06.720   904   975 D ConnectivityService: satisfied:true
10-16 15:56:06.720   904   975 D ConnectivityService: checking requestId:4
10-16 15:56:06.720   904   975 D ConnectivityService: satisfied:true
10-16 15:56:06.724   904   972 V ActivityManager: Broadcast sticky: Intent { act=android.net.wifi.RSSI_CHANGED flg=0x4000010 (has extras) } ordered=false userid=-1 callerApp=ProcessRecord{51a6cc8 904:system/1000}
10-16 15:56:06.731   904   972 V ActivityManager: Broadcast sticky: Intent { act=android.net.wifi.RSSI_CHANGED flg=0x4000010 (has extras) } ordered=false userid=-1 callerApp=ProcessRecord{51a6cc8 904:system/1000}
10-16 15:56:07.917   330   896 D SocketClient: SocketClient sendData done: 600 Iface linkstate wlan0 up
10-16 15:56:07.917   904   968 D NetdConnector: RCV <- {600 Iface linkstate wlan0 up}
10-16 15:56:07.918   904   923 D NetworkManagement: onEvent:600 Iface linkstate wlan0 up:5
10-16 15:56:09.779   904   972 V ActivityManager: Broadcast sticky: Intent { act=android.net.wifi.RSSI_CHANGED flg=0x4000010 (has extras) } ordered=false userid=-1 callerApp=ProcessRecord{51a6cc8 904:system/1000}
10-16 15:56:10.078   330   895 D SocketClient: SocketClient sendData done: 613 IfaceClass idle 1 646080240037
10-16 15:56:10.078   904   968 D NetdConnector: RCV <- {613 IfaceClass idle 1 646080240037}
10-16 15:56:10.080   904   923 D NetworkManagement: onEvent:613 IfaceClass idle 1 646080240037:5
10-16 15:56:10.081   904   923 V ActivityManager: Broadcast: Intent { act=android.net.conn.DATA_ACTIVITY_CHANGE flg=0x10 (has extras) } ordered=true userid=-1 callerApp=ProcessRecord{51a6cc8 904:system/1000}
10-16 15:56:10.086   904   923 V ActivityManager: Broadcast sticky: Intent { act=android.net.conn.DATA_ACTIVITY_CHANGE_CT flg=0x10 (has extras) } ordered=false userid=-1 callerApp=ProcessRecord{51a6cc8 904:system/1000}
10-16 15:56:12.820   904   972 V ActivityManager: Broadcast sticky: Intent { act=android.net.wifi.RSSI_CHANGED flg=0x4000010 (has extras) } ordered=false userid=-1 callerApp=ProcessRecord{51a6cc8 904:system/1000}
10-16 15:56:15.120   330   895 D SocketClient: SocketClient sendData done: 613 IfaceClass active 1 651122838807 0
10-16 15:56:15.122   904   968 D NetdConnector: RCV <- {613 IfaceClass active 1 651122838807 0}
10-16 15:56:15.123   904   923 D NetworkManagement: onEvent:613 IfaceClass active 1 651122838807 0:6
10-16 15:56:15.124   904   923 V ActivityManager: Broadcast: Intent { act=android.net.conn.DATA_ACTIVITY_CHANGE flg=0x10 (has extras) } ordered=true userid=-1 callerApp=ProcessRecord{51a6cc8 904:system/1000}
10-16 15:56:15.135   904   923 V ActivityManager: Broadcast sticky: Intent { act=android.net.conn.DATA_ACTIVITY_CHANGE_CT flg=0x10 (has extras) } ordered=false userid=-1 callerApp=ProcessRecord{51a6cc8 904:system/1000}
10-16 15:56:15.761   904  1036 D BatteryService: Processing new values: chargerAcOnline=false, chargerUsbOnline=true, chargerWirelessOnline=false, batteryStatus=5, batteryHealth=2, batteryPresent=true, batteryLevel=100, batteryTechnology=Li-ion, batteryVoltage=4352, batteryTemperature=310, mBatteryLevelCritical=false, mPlugType=2
10-16 15:56:15.769   904  1553 D BatteryService: Processing new values: chargerAcOnline=false, chargerUsbOnline=true, chargerWirelessOnline=false, batteryStatus=5, batteryHealth=2, batteryPresent=true, batteryLevel=100, batteryTechnology=Li-ion, batteryVoltage=4352, batteryTemperature=310, mBatteryLevelCritical=false, mPlugType=2
10-16 15:56:15.773   904   914 D BatteryService: Processing new values: chargerAcOnline=false, chargerUsbOnline=true, chargerWirelessOnline=false, batteryStatus=5, batteryHealth=2, batteryPresent=true, batteryLevel=100, batteryTechnology=Li-ion, batteryVoltage=4353, batteryTemperature=310, mBatteryLevelCritical=false, mPlugType=2
10-16 15:56:15.774   904   914 D BatteryService: Sending ACTION_BATTERY_CHANGED.  level:100, scale:100, status:5, health:2, present:true, voltage: 4353, temperature: 310, technology: Li-ion, AC powered:false, USB powered:true, Wireless powered:false, icon:17303294, invalid charger:0, status_smb:1, present_smb:false,level_smb:50
10-16 15:56:15.774   904   904 V ActivityManager: Broadcast sticky: Intent { act=android.intent.action.BATTERY_CHANGED flg=0x60000010 (has extras) } ordered=false userid=-1 callerApp=null
10-16 15:56:15.781   904  1512 V SettingsProvider: name : key_battery_charge_status callingUid : 1000
10-16 15:56:15.777   904   929 D PowerManagerService: updateIsPoweredLocked: wasPowered=true, mIsPowered=true, oldPlugType=2, mPlugType=2, mBatteryLevel=100
10-16 15:56:15.784   904   904 D WifiService: onReceive, action:android.intent.action.BATTERY_CHANGED
10-16 15:56:15.784   904   974 D WifiController: DeviceActiveState{ when=0 what=155652 arg1=2 target=com.android.internal.util.StateMachine$SmHandler }
10-16 15:56:15.784   904   974 D WifiController: StaEnabledState{ when=-1ms what=155652 arg1=2 target=com.android.internal.util.StateMachine$SmHandler }
10-16 15:56:15.784   904   974 D WifiController: DefaultState{ when=-1ms what=155652 arg1=2 target=com.android.internal.util.StateMachine$SmHandler }
10-16 15:56:15.784   904   974 D WifiController: battery changed pluggedType: 2
10-16 15:56:15.785   904  1575 V SettingsProvider: packageValueForCallResult, name = star_power_save_mode, value : 0
10-16 15:56:15.787   904  1549 V SettingsProvider: packageValueForCallResult, name = star_super_power_save_mode, value : 0
10-16 15:56:15.789   904  1511 V SettingsProvider: name : LavaBatteryLevel callingUid : 1000
10-16 15:56:15.790   904  1514 V ActivityManager: Broadcast: Intent { act=terminate_SwitchModeActivity flg=0x10 } ordered=false userid=0 callerApp=ProcessRecord{c9cd5ef 1055:com.android.systemui/u0a21}
10-16 15:56:15.799   904  1562 D BatteryService: Processing new values: chargerAcOnline=false, chargerUsbOnline=true, chargerWirelessOnline=false, batteryStatus=5, batteryHealth=2, batteryPresent=true, batteryLevel=100, batteryTechnology=Li-ion, batteryVoltage=4353, batteryTemperature=310, mBatteryLevelCritical=false, mPlugType=2
10-16 15:56:15.842   904   972 V ActivityManager: Broadcast sticky: Intent { act=android.net.wifi.RSSI_CHANGED flg=0x4000010 (has extras) } ordered=false userid=-1 callerApp=ProcessRecord{51a6cc8 904:system/1000}
10-16 15:56:16.854   904  1398 W Watchdog: SWT Watchdog after wait current time:652858
10-16 15:56:16.855   904  1398 W Watchdog: **Get SF Time **1
10-16 15:56:16.855   904  1398 W Watchdog: SWT Watchdog before synchronized:652858
10-16 15:56:16.855   904  1398 W Watchdog: SWT Watchdog after synchronized:652858
10-16 15:56:16.855   904  1398 W Watchdog: SWT Watchdog before wait timeout:30000
10-16 15:56:16.855   904  1398 W Watchdog: SWT Watchdog before wait current time:652858
10-16 15:56:16.855   904  1398 W Watchdog: SWT Watchdog before wait start:652858
10-16 15:56:16.855   904  1398 W Watchdog: SWT Watchdog before wait CHECK_INTERVAL:30000
10-16 15:56:18.899   904   972 V ActivityManager: Broadcast sticky: Intent { act=android.net.wifi.RSSI_CHANGED flg=0x4000010 (has extras) } ordered=false userid=-1 callerApp=ProcessRecord{51a6cc8 904:system/1000}
10-16 15:56:21.951   904   972 V ActivityManager: Broadcast sticky: Intent { act=android.net.wifi.RSSI_CHANGED flg=0x4000010 (has extras) } ordered=false userid=-1 callerApp=ProcessRecord{51a6cc8 904:system/1000}
10-16 15:56:24.982   904   975 D ConnectivityService: updateCapabilities cap: [ Transports: WIFI Capabilities: INTERNET&NOT_RESTRICTED&TRUSTED&NOT_VPN LinkUpBandwidth>=1048576Kbps LinkDnBandwidth>=1048576Kbps SignalStrength: -75]
10-16 15:56:24.982   904   975 D ConnectivityService: rematching NetworkAgentInfo [WIFI () - 1000]
10-16 15:56:24.983   904   975 D ConnectivityService:  network has: [ Transports: WIFI Capabilities: INTERNET&NOT_RESTRICTED&TRUSTED&NOT_VPN&VALIDATED LinkUpBandwidth>=1048576Kbps LinkDnBandwidth>=1048576Kbps SignalStrength: -75]
10-16 15:56:24.983   904   975 D ConnectivityService: Network NetworkAgentInfo [WIFI () - 1000] was already satisfying request 1. No change.
10-16 15:56:24.983   904   975 D ConnectivityService:   checking if request is satisfied: NetworkRequest [ id=4, legacyType=-1, [ Transports: WIFI Capabilities: NOT_RESTRICTED&TRUSTED&NOT_VPN&VALIDATED] ]
10-16 15:56:24.983   904   975 D ConnectivityService:   checking if request is satisfied: NetworkRequest [ id=3, legacyType=-1, [] ]
10-16 15:56:24.983   904   975 D ConnectivityService: notifyType CAP_CHANGED for NetworkAgentInfo [WIFI () - 1000]
10-16 15:56:24.983   904   975 D ConnectivityService:  sending notification for NetworkRequest [ id=1, legacyType=-1, [ Capabilities: INTERNET&NOT_RESTRICTED&TRUSTED&NOT_VPN] ]
10-16 15:56:24.983   904   975 D ConnectivityService:  sending notification for NetworkRequest [ id=3, legacyType=-1, [] ]
10-16 15:56:24.983   904   975 D ConnectivityService: sending notification CAP_CHANGED for NetworkRequest [ id=3, legacyType=-1, [] ]
10-16 15:56:24.984   904   975 D ConnectivityService:  sending notification for NetworkRequest [ id=4, legacyType=-1, [ Transports: WIFI Capabilities: NOT_RESTRICTED&TRUSTED&NOT_VPN&VALIDATED] ]
10-16 15:56:24.984   904   975 D ConnectivityService: sending notification CAP_CHANGED for NetworkRequest [ id=4, legacyType=-1, [ Transports: WIFI Capabilities: NOT_RESTRICTED&TRUSTED&NOT_VPN&VALIDATED] ]
10-16 15:56:24.988   904   975 D ConnectivityService: rematchCapabilityClearDefault
10-16 15:56:24.988   904   975 D ConnectivityService: checking requestId:1
10-16 15:56:24.988   904   975 D ConnectivityService: satisfied:true
10-16 15:56:24.988   904   975 D ConnectivityService: checking requestId:3
10-16 15:56:24.988   904   975 D ConnectivityService: satisfied:true
10-16 15:56:24.988   904   975 D ConnectivityService: checking requestId:4
10-16 15:56:24.988   904   975 D ConnectivityService: satisfied:true
10-16 15:56:24.989   904   972 V ActivityManager: Broadcast sticky: Intent { act=android.net.wifi.RSSI_CHANGED flg=0x4000010 (has extras) } ordered=false userid=-1 callerApp=ProcessRecord{51a6cc8 904:system/1000}
10-16 15:56:24.993   904   972 V ActivityManager: Broadcast sticky: Intent { act=android.net.wifi.RSSI_CHANGED flg=0x4000010 (has extras) } ordered=false userid=-1 callerApp=ProcessRecord{51a6cc8 904:system/1000}
10-16 15:56:25.780   904   915 D BatteryService: Processing new values: chargerAcOnline=false, chargerUsbOnline=true, chargerWirelessOnline=false, batteryStatus=5, batteryHealth=2, batteryPresent=true, batteryLevel=100, batteryTechnology=Li-ion, batteryVoltage=4353, batteryTemperature=310, mBatteryLevelCritical=false, mPlugType=2
10-16 15:56:25.798   904  1556 D BatteryService: Processing new values: chargerAcOnline=false, chargerUsbOnline=true, chargerWirelessOnline=false, batteryStatus=5, batteryHealth=2, batteryPresent=true, batteryLevel=100, batteryTechnology=Li-ion, batteryVoltage=4353, batteryTemperature=310, mBatteryLevelCritical=false, mPlugType=2
10-16 15:56:25.801   904  1575 D BatteryService: Processing new values: chargerAcOnline=false, chargerUsbOnline=true, chargerWirelessOnline=false, batteryStatus=5, batteryHealth=2, batteryPresent=true, batteryLevel=100, batteryTechnology=Li-ion, batteryVoltage=4354, batteryTemperature=310, mBatteryLevelCritical=false, mPlugType=2
10-16 15:56:25.802   904  1575 D BatteryService: Sending ACTION_BATTERY_CHANGED.  level:100, scale:100, status:5, health:2, present:true, voltage: 4354, temperature: 310, technology: Li-ion, AC powered:false, USB powered:true, Wireless powered:false, icon:17303294, invalid charger:0, status_smb:1, present_smb:false,level_smb:50
10-16 15:56:25.802   904   904 V ActivityManager: Broadcast sticky: Intent { act=android.intent.action.BATTERY_CHANGED flg=0x60000010 (has extras) } ordered=false userid=-1 callerApp=null
10-16 15:56:25.806   904   929 D PowerManagerService: updateIsPoweredLocked: wasPowered=true, mIsPowered=true, oldPlugType=2, mPlugType=2, mBatteryLevel=100
10-16 15:56:25.810   904  1549 V SettingsProvider: name : key_battery_charge_status callingUid : 1000
10-16 15:56:25.815   904   904 D WifiService: onReceive, action:android.intent.action.BATTERY_CHANGED
10-16 15:56:25.815   904   974 D WifiController: DeviceActiveState{ when=0 what=155652 arg1=2 target=com.android.internal.util.StateMachine$SmHandler }
10-16 15:56:25.815   904   974 D WifiController: StaEnabledState{ when=-1ms what=155652 arg1=2 target=com.android.internal.util.StateMachine$SmHandler }
10-16 15:56:25.815   904   974 D WifiController: DefaultState{ when=-1ms what=155652 arg1=2 target=com.android.internal.util.StateMachine$SmHandler }
10-16 15:56:25.815   904   974 D WifiController: battery changed pluggedType: 2
10-16 15:56:25.817   904  1035 V SettingsProvider: packageValueForCallResult, name = star_power_save_mode, value : 0
10-16 15:56:25.819   904  1036 V SettingsProvider: packageValueForCallResult, name = star_super_power_save_mode, value : 0
10-16 15:56:25.821   904  1553 V SettingsProvider: name : LavaBatteryLevel callingUid : 1000
10-16 15:56:25.823   904   914 V ActivityManager: Broadcast: Intent { act=terminate_SwitchModeActivity flg=0x10 } ordered=false userid=0 callerApp=ProcessRecord{c9cd5ef 1055:com.android.systemui/u0a21}
10-16 15:56:25.834   904   918 D BatteryService: Processing new values: chargerAcOnline=false, chargerUsbOnline=true, chargerWirelessOnline=false, batteryStatus=5, batteryHealth=2, batteryPresent=true, batteryLevel=100, batteryTechnology=Li-ion, batteryVoltage=4354, batteryTemperature=310, mBatteryLevelCritical=false, mPlugType=2
10-16 15:56:28.019   904   972 V ActivityManager: Broadcast sticky: Intent { act=android.net.wifi.RSSI_CHANGED flg=0x4000010 (has extras) } ordered=false userid=-1 callerApp=ProcessRecord{51a6cc8 904:system/1000}
10-16 15:56:29.250   330   896 D SocketClient: SocketClient sendData done: 600 Iface linkstate wlan0 up
10-16 15:56:29.250   904   968 D NetdConnector: RCV <- {600 Iface linkstate wlan0 up}
10-16 15:56:29.251   904   923 D NetworkManagement: onEvent:600 Iface linkstate wlan0 up:5
10-16 15:56:31.061   904   975 D ConnectivityService: updateNetworkScore for NetworkAgentInfo [WIFI () - 1000] to 60
10-16 15:56:31.061   904   975 D ConnectivityService: rematching NetworkAgentInfo [WIFI () - 1000]
10-16 15:56:31.061   904   975 D ConnectivityService:  network has: [ Transports: WIFI Capabilities: INTERNET&NOT_RESTRICTED&TRUSTED&NOT_VPN&VALIDATED LinkUpBandwidth>=1048576Kbps LinkDnBandwidth>=1048576Kbps SignalStrength: -75]
10-16 15:56:31.061   904   975 D ConnectivityService: Network NetworkAgentInfo [WIFI () - 1000] was already satisfying request 1. No change.
10-16 15:56:31.061   904   975 D ConnectivityService:   checking if request is satisfied: NetworkRequest [ id=4, legacyType=-1, [ Transports: WIFI Capabilities: NOT_RESTRICTED&TRUSTED&NOT_VPN&VALIDATED] ]
10-16 15:56:31.062   904   975 D ConnectivityService:   checking if request is satisfied: NetworkRequest [ id=3, legacyType=-1, [] ]
10-16 15:56:31.062   904   975 D ConnectivityService: sending new Min Network Score(60): NetworkRequest [ id=1, legacyType=-1, [ Capabilities: INTERNET&NOT_RESTRICTED&TRUSTED&NOT_VPN] ]
10-16 15:56:31.070   904   972 V ActivityManager: Broadcast sticky: Intent { act=android.net.wifi.RSSI_CHANGED flg=0x4000010 (has extras) } ordered=false userid=-1 callerApp=ProcessRecord{51a6cc8 904:system/1000}
10-16 15:56:34.101   904   972 V ActivityManager: Broadcast sticky: Intent { act=android.net.wifi.RSSI_CHANGED flg=0x4000010 (has extras) } ordered=false userid=-1 callerApp=ProcessRecord{51a6cc8 904:system/1000}
10-16 15:56:35.777   904   914 D BatteryService: Processing new values: chargerAcOnline=false, chargerUsbOnline=true, chargerWirelessOnline=false, batteryStatus=5, batteryHealth=2, batteryPresent=true, batteryLevel=100, batteryTechnology=Li-ion, batteryVoltage=4354, batteryTemperature=310, mBatteryLevelCritical=false, mPlugType=2
10-16 15:56:35.779   904  1512 D BatteryService: Processing new values: chargerAcOnline=false, chargerUsbOnline=true, chargerWirelessOnline=false, batteryStatus=5, batteryHealth=2, batteryPresent=true, batteryLevel=100, batteryTechnology=Li-ion, batteryVoltage=4354, batteryTemperature=310, mBatteryLevelCritical=false, mPlugType=2
10-16 15:56:35.782   904   918 D BatteryService: Processing new values: chargerAcOnline=false, chargerUsbOnline=true, chargerWirelessOnline=false, batteryStatus=5, batteryHealth=2, batteryPresent=true, batteryLevel=100, batteryTechnology=Li-ion, batteryVoltage=4355, batteryTemperature=310, mBatteryLevelCritical=false, mPlugType=2
10-16 15:56:35.783   904   918 D BatteryService: Sending ACTION_BATTERY_CHANGED.  level:100, scale:100, status:5, health:2, present:true, voltage: 4355, temperature: 310, technology: Li-ion, AC powered:false, USB powered:true, Wireless powered:false, icon:17303294, invalid charger:0, status_smb:1, present_smb:false,level_smb:50
10-16 15:56:35.783   904   904 V ActivityManager: Broadcast sticky: Intent { act=android.intent.action.BATTERY_CHANGED flg=0x60000010 (has extras) } ordered=false userid=-1 callerApp=null
10-16 15:56:35.786   904   929 D PowerManagerService: updateIsPoweredLocked: wasPowered=true, mIsPowered=true, oldPlugType=2, mPlugType=2, mBatteryLevel=100
10-16 15:56:35.789   904  1608 V SettingsProvider: name : key_battery_charge_status callingUid : 1000
10-16 15:56:35.797   904   904 D WifiService: onReceive, action:android.intent.action.BATTERY_CHANGED
10-16 15:56:35.797   904   974 D WifiController: DeviceActiveState{ when=-1ms what=155652 arg1=2 target=com.android.internal.util.StateMachine$SmHandler }
10-16 15:56:35.797   904   974 D WifiController: StaEnabledState{ when=-1ms what=155652 arg1=2 target=com.android.internal.util.StateMachine$SmHandler }
10-16 15:56:35.797   904   974 D WifiController: DefaultState{ when=-1ms what=155652 arg1=2 target=com.android.internal.util.StateMachine$SmHandler }
10-16 15:56:35.798   904   974 D WifiController: battery changed pluggedType: 2
10-16 15:56:35.799   904  1549 V SettingsProvider: packageValueForCallResult, name = star_power_save_mode, value : 0
10-16 15:56:35.801   904  1511 V SettingsProvider: packageValueForCallResult, name = star_super_power_save_mode, value : 0
10-16 15:56:35.802   904  1514 V SettingsProvider: name : LavaBatteryLevel callingUid : 1000
10-16 15:56:35.803   904  1603 V ActivityManager: Broadcast: Intent { act=terminate_SwitchModeActivity flg=0x10 } ordered=false userid=0 callerApp=ProcessRecord{c9cd5ef 1055:com.android.systemui/u0a21}
10-16 15:56:35.809   904  1035 D BatteryService: Processing new values: chargerAcOnline=false, chargerUsbOnline=true, chargerWirelessOnline=false, batteryStatus=5, batteryHealth=2, batteryPresent=true, batteryLevel=100, batteryTechnology=Li-ion, batteryVoltage=4355, batteryTemperature=310, mBatteryLevelCritical=false, mPlugType=2
10-16 15:56:37.141   904   972 V ActivityManager: Broadcast sticky: Intent { act=android.net.wifi.RSSI_CHANGED flg=0x4000010 (has extras) } ordered=false userid=-1 callerApp=ProcessRecord{51a6cc8 904:system/1000}
10-16 15:56:37.142   904   975 D ConnectivityService: updateNetworkScore for NetworkAgentInfo [WIFI () - 1000] to 56
10-16 15:56:37.142   904   975 D ConnectivityService: rematching NetworkAgentInfo [WIFI () - 1000]
10-16 15:56:37.142   904   975 D ConnectivityService:  network has: [ Transports: WIFI Capabilities: INTERNET&NOT_RESTRICTED&TRUSTED&NOT_VPN&VALIDATED LinkUpBandwidth>=1048576Kbps LinkDnBandwidth>=1048576Kbps SignalStrength: -75]
10-16 15:56:37.142   904   975 D ConnectivityService: Network NetworkAgentInfo [WIFI () - 1000] was already satisfying request 1. No change.
10-16 15:56:37.142   904   975 D ConnectivityService:   checking if request is satisfied: NetworkRequest [ id=4, legacyType=-1, [ Transports: WIFI Capabilities: NOT_RESTRICTED&TRUSTED&NOT_VPN&VALIDATED] ]
10-16 15:56:37.142   904   975 D ConnectivityService:   checking if request is satisfied: NetworkRequest [ id=3, legacyType=-1, [] ]
10-16 15:56:37.143   904   975 D ConnectivityService: sending new Min Network Score(56): NetworkRequest [ id=1, legacyType=-1, [ Capabilities: INTERNET&NOT_RESTRICTED&TRUSTED&NOT_VPN] ]
10-16 15:56:40.171   904   972 V ActivityManager: Broadcast sticky: Intent { act=android.net.wifi.RSSI_CHANGED flg=0x4000010 (has extras) } ordered=false userid=-1 callerApp=ProcessRecord{51a6cc8 904:system/1000}
10-16 15:56:43.199   904   972 V ActivityManager: Broadcast sticky: Intent { act=android.net.wifi.RSSI_CHANGED flg=0x4000010 (has extras) } ordered=false userid=-1 callerApp=ProcessRecord{51a6cc8 904:system/1000}
10-16 15:56:45.781   904  1603 D BatteryService: Processing new values: chargerAcOnline=false, chargerUsbOnline=true, chargerWirelessOnline=false, batteryStatus=5, batteryHealth=2, batteryPresent=true, batteryLevel=100, batteryTechnology=Li-ion, batteryVoltage=4355, batteryTemperature=310, mBatteryLevelCritical=false, mPlugType=2
10-16 15:56:45.798   904  1562 D BatteryService: Processing new values: chargerAcOnline=false, chargerUsbOnline=true, chargerWirelessOnline=false, batteryStatus=5, batteryHealth=2, batteryPresent=true, batteryLevel=100, batteryTechnology=Li-ion, batteryVoltage=4355, batteryTemperature=310, mBatteryLevelCritical=false, mPlugType=2
10-16 15:56:45.813   904  1036 D BatteryService: Processing new values: chargerAcOnline=false, chargerUsbOnline=true, chargerWirelessOnline=false, batteryStatus=5, batteryHealth=2, batteryPresent=true, batteryLevel=100, batteryTechnology=Li-ion, batteryVoltage=4356, batteryTemperature=310, mBatteryLevelCritical=false, mPlugType=2
10-16 15:56:45.814   904  1036 D BatteryService: Sending ACTION_BATTERY_CHANGED.  level:100, scale:100, status:5, health:2, present:true, voltage: 4356, temperature: 310, technology: Li-ion, AC powered:false, USB powered:true, Wireless powered:false, icon:17303294, invalid charger:0, status_smb:1, present_smb:false,level_smb:50
10-16 15:56:45.814   904   904 V ActivityManager: Broadcast sticky: Intent { act=android.intent.action.BATTERY_CHANGED flg=0x60000010 (has extras) } ordered=false userid=-1 callerApp=null
10-16 15:56:45.817   904   929 D PowerManagerService: updateIsPoweredLocked: wasPowered=true, mIsPowered=true, oldPlugType=2, mPlugType=2, mBatteryLevel=100
10-16 15:56:45.821   904  1553 V SettingsProvider: name : key_battery_charge_status callingUid : 1000
10-16 15:56:45.824   904   904 D WifiService: onReceive, action:android.intent.action.BATTERY_CHANGED
10-16 15:56:45.824   904   974 D WifiController: DeviceActiveState{ when=0 what=155652 arg1=2 target=com.android.internal.util.StateMachine$SmHandler }
10-16 15:56:45.824   904   974 D WifiController: StaEnabledState{ when=-1ms what=155652 arg1=2 target=com.android.internal.util.StateMachine$SmHandler }
10-16 15:56:45.824   904   974 D WifiController: DefaultState{ when=-1ms what=155652 arg1=2 target=com.android.internal.util.StateMachine$SmHandler }
10-16 15:56:45.824   904   974 D WifiController: battery changed pluggedType: 2
10-16 15:56:45.827   904   915 V SettingsProvider: packageValueForCallResult, name = star_power_save_mode, value : 0
10-16 15:56:45.830   904  1556 V SettingsProvider: packageValueForCallResult, name = star_super_power_save_mode, value : 0
10-16 15:56:45.831   904  1575 V SettingsProvider: name : LavaBatteryLevel callingUid : 1000
10-16 15:56:45.833   904  1549 V ActivityManager: Broadcast: Intent { act=terminate_SwitchModeActivity flg=0x10 } ordered=false userid=0 callerApp=ProcessRecord{c9cd5ef 1055:com.android.systemui/u0a21}
10-16 15:56:45.838   904  1514 D BatteryService: Processing new values: chargerAcOnline=false, chargerUsbOnline=true, chargerWirelessOnline=false, batteryStatus=5, batteryHealth=2, batteryPresent=true, batteryLevel=100, batteryTechnology=Li-ion, batteryVoltage=4356, batteryTemperature=310, mBatteryLevelCritical=false, mPlugType=2
10-16 15:56:46.250   904   972 V ActivityManager: Broadcast sticky: Intent { act=android.net.wifi.RSSI_CHANGED flg=0x4000010 (has extras) } ordered=false userid=-1 callerApp=ProcessRecord{51a6cc8 904:system/1000}
10-16 15:56:46.856   904  1398 W Watchdog: SWT Watchdog after wait current time:682859
10-16 15:56:46.856   904  1398 W Watchdog: **Get SF Time **1
10-16 15:56:46.856   904  1398 W Watchdog: SWT Watchdog before synchronized:682859
10-16 15:56:46.860   904  1398 W Watchdog: SWT Watchdog after synchronized:682859
10-16 15:56:46.860   904  1398 W Watchdog: SWT Watchdog before wait timeout:30000
10-16 15:56:46.861   904  1398 W Watchdog: SWT Watchdog before wait current time:682864
10-16 15:56:46.861   904  1398 W Watchdog: SWT Watchdog before wait start:682864
10-16 15:56:46.861   904  1398 W Watchdog: SWT Watchdog before wait CHECK_INTERVAL:30000
10-16 15:56:47.944   330   896 D SocketClient: SocketClient sendData done: 600 Iface linkstate wlan0 up
10-16 15:56:47.944   904   968 D NetdConnector: RCV <- {600 Iface linkstate wlan0 up}
10-16 15:56:47.949   904   923 D NetworkManagement: onEvent:600 Iface linkstate wlan0 up:5
10-16 15:56:49.300   904   975 D ConnectivityService: updateCapabilities cap: [ Transports: WIFI Capabilities: INTERNET&NOT_RESTRICTED&TRUSTED&NOT_VPN LinkUpBandwidth>=1048576Kbps LinkDnBandwidth>=1048576Kbps SignalStrength: -76]
10-16 15:56:49.300   904   975 D ConnectivityService: rematching NetworkAgentInfo [WIFI () - 1000]
10-16 15:56:49.300   904   975 D ConnectivityService:  network has: [ Transports: WIFI Capabilities: INTERNET&NOT_RESTRICTED&TRUSTED&NOT_VPN&VALIDATED LinkUpBandwidth>=1048576Kbps LinkDnBandwidth>=1048576Kbps SignalStrength: -76]
10-16 15:56:49.300   904   975 D ConnectivityService: Network NetworkAgentInfo [WIFI () - 1000] was already satisfying request 1. No change.
10-16 15:56:49.301   904   975 D ConnectivityService:   checking if request is satisfied: NetworkRequest [ id=4, legacyType=-1, [ Transports: WIFI Capabilities: NOT_RESTRICTED&TRUSTED&NOT_VPN&VALIDATED] ]
10-16 15:56:49.301   904   975 D ConnectivityService:   checking if request is satisfied: NetworkRequest [ id=3, legacyType=-1, [] ]
10-16 15:56:49.301   904   975 D ConnectivityService: notifyType CAP_CHANGED for NetworkAgentInfo [WIFI () - 1000]
10-16 15:56:49.301   904   975 D ConnectivityService:  sending notification for NetworkRequest [ id=1, legacyType=-1, [ Capabilities: INTERNET&NOT_RESTRICTED&TRUSTED&NOT_VPN] ]
10-16 15:56:49.301   904   975 D ConnectivityService:  sending notification for NetworkRequest [ id=3, legacyType=-1, [] ]
10-16 15:56:49.301   904   975 D ConnectivityService: sending notification CAP_CHANGED for NetworkRequest [ id=3, legacyType=-1, [] ]
10-16 15:56:49.302   904   975 D ConnectivityService:  sending notification for NetworkRequest [ id=4, legacyType=-1, [ Transports: WIFI Capabilities: NOT_RESTRICTED&TRUSTED&NOT_VPN&VALIDATED] ]
10-16 15:56:49.302   904   975 D ConnectivityService: sending notification CAP_CHANGED for NetworkRequest [ id=4, legacyType=-1, [ Transports: WIFI Capabilities: NOT_RESTRICTED&TRUSTED&NOT_VPN&VALIDATED] ]
10-16 15:56:49.307   904   975 D ConnectivityService: rematchCapabilityClearDefault
10-16 15:56:49.307   904   975 D ConnectivityService: checking requestId:1
10-16 15:56:49.307   904   975 D ConnectivityService: satisfied:true
10-16 15:56:49.307   904   975 D ConnectivityService: checking requestId:3
10-16 15:56:49.307   904   975 D ConnectivityService: satisfied:true
10-16 15:56:49.307   904   975 D ConnectivityService: checking requestId:4
10-16 15:56:49.307   904   975 D ConnectivityService: satisfied:true
10-16 15:56:49.311   904   972 V ActivityManager: Broadcast sticky: Intent { act=android.net.wifi.RSSI_CHANGED flg=0x4000010 (has extras) } ordered=false userid=-1 callerApp=ProcessRecord{51a6cc8 904:system/1000}
10-16 15:56:49.318   904   972 V ActivityManager: Broadcast sticky: Intent { act=android.net.wifi.RSSI_CHANGED flg=0x4000010 (has extras) } ordered=false userid=-1 callerApp=ProcessRecord{51a6cc8 904:system/1000}
10-16 15:56:50.077   330   895 D SocketClient: SocketClient sendData done: 613 IfaceClass idle 1 686080150655
10-16 15:56:50.078   904   968 D NetdConnector: RCV <- {613 IfaceClass idle 1 686080150655}
10-16 15:56:50.080   904   923 D NetworkManagement: onEvent:613 IfaceClass idle 1 686080150655:5
10-16 15:56:50.081   904   923 V ActivityManager: Broadcast: Intent { act=android.net.conn.DATA_ACTIVITY_CHANGE flg=0x10 (has extras) } ordered=true userid=-1 callerApp=ProcessRecord{51a6cc8 904:system/1000}
10-16 15:56:50.089   904   923 V ActivityManager: Broadcast sticky: Intent { act=android.net.conn.DATA_ACTIVITY_CHANGE_CT flg=0x10 (has extras) } ordered=false userid=-1 callerApp=ProcessRecord{51a6cc8 904:system/1000}
10-16 15:56:52.359   904   972 V ActivityManager: Broadcast sticky: Intent { act=android.net.wifi.RSSI_CHANGED flg=0x4000010 (has extras) } ordered=false userid=-1 callerApp=ProcessRecord{51a6cc8 904:system/1000}
10-16 15:56:55.128   330   895 D SocketClient: SocketClient sendData done: 613 IfaceClass active 1 691130670424 0
10-16 15:56:55.129   904   968 D NetdConnector: RCV <- {613 IfaceClass active 1 691130670424 0}
10-16 15:56:55.130   904   923 D NetworkManagement: onEvent:613 IfaceClass active 1 691130670424 0:6
10-16 15:56:55.131   904   923 V ActivityManager: Broadcast: Intent { act=android.net.conn.DATA_ACTIVITY_CHANGE flg=0x10 (has extras) } ordered=true userid=-1 callerApp=ProcessRecord{51a6cc8 904:system/1000}
10-16 15:56:55.146   904   923 V ActivityManager: Broadcast sticky: Intent { act=android.net.conn.DATA_ACTIVITY_CHANGE_CT flg=0x10 (has extras) } ordered=false userid=-1 callerApp=ProcessRecord{51a6cc8 904:system/1000}
10-16 15:56:55.391   904   975 D ConnectivityService: updateCapabilities cap: [ Transports: WIFI Capabilities: INTERNET&NOT_RESTRICTED&TRUSTED&NOT_VPN LinkUpBandwidth>=1048576Kbps LinkDnBandwidth>=1048576Kbps SignalStrength: -74]
10-16 15:56:55.391   904   975 D ConnectivityService: rematching NetworkAgentInfo [WIFI () - 1000]
10-16 15:56:55.391   904   975 D ConnectivityService:  network has: [ Transports: WIFI Capabilities: INTERNET&NOT_RESTRICTED&TRUSTED&NOT_VPN&VALIDATED LinkUpBandwidth>=1048576Kbps LinkDnBandwidth>=1048576Kbps SignalStrength: -74]
10-16 15:56:55.391   904   975 D ConnectivityService: Network NetworkAgentInfo [WIFI () - 1000] was already satisfying request 1. No change.
10-16 15:56:55.391   904   975 D ConnectivityService:   checking if request is satisfied: NetworkRequest [ id=4, legacyType=-1, [ Transports: WIFI Capabilities: NOT_RESTRICTED&TRUSTED&NOT_VPN&VALIDATED] ]
10-16 15:56:55.392   904   975 D ConnectivityService:   checking if request is satisfied: NetworkRequest [ id=3, legacyType=-1, [] ]
10-16 15:56:55.392   904   975 D ConnectivityService: notifyType CAP_CHANGED for NetworkAgentInfo [WIFI () - 1000]
10-16 15:56:55.392   904   975 D ConnectivityService:  sending notification for NetworkRequest [ id=1, legacyType=-1, [ Capabilities: INTERNET&NOT_RESTRICTED&TRUSTED&NOT_VPN] ]
10-16 15:56:55.392   904   975 D ConnectivityService:  sending notification for NetworkRequest [ id=3, legacyType=-1, [] ]
10-16 15:56:55.392   904   975 D ConnectivityService: sending notification CAP_CHANGED for NetworkRequest [ id=3, legacyType=-1, [] ]
10-16 15:56:55.393   904   975 D ConnectivityService:  sending notification for NetworkRequest [ id=4, legacyType=-1, [ Transports: WIFI Capabilities: NOT_RESTRICTED&TRUSTED&NOT_VPN&VALIDATED] ]
10-16 15:56:55.393   904   975 D ConnectivityService: sending notification CAP_CHANGED for NetworkRequest [ id=4, legacyType=-1, [ Transports: WIFI Capabilities: NOT_RESTRICTED&TRUSTED&NOT_VPN&VALIDATED] ]
10-16 15:56:55.408   904   975 D ConnectivityService: rematchCapabilityClearDefault
10-16 15:56:55.408   904   975 D ConnectivityService: checking requestId:1
10-16 15:56:55.408   904   975 D ConnectivityService: satisfied:true
10-16 15:56:55.408   904   975 D ConnectivityService: checking requestId:3
10-16 15:56:55.408   904   975 D ConnectivityService: satisfied:true
10-16 15:56:55.408   904   975 D ConnectivityService: checking requestId:4
10-16 15:56:55.408   904   975 D ConnectivityService: satisfied:true
10-16 15:56:55.428   904   972 V ActivityManager: Broadcast sticky: Intent { act=android.net.wifi.RSSI_CHANGED flg=0x4000010 (has extras) } ordered=false userid=-1 callerApp=ProcessRecord{51a6cc8 904:system/1000}
10-16 15:56:55.437   904   972 V ActivityManager: Broadcast sticky: Intent { act=android.net.wifi.RSSI_CHANGED flg=0x4000010 (has extras) } ordered=false userid=-1 callerApp=ProcessRecord{51a6cc8 904:system/1000}
10-16 15:56:55.769   904  1512 D BatteryService: Processing new values: chargerAcOnline=false, chargerUsbOnline=true, chargerWirelessOnline=false, batteryStatus=5, batteryHealth=2, batteryPresent=true, batteryLevel=100, batteryTechnology=Li-ion, batteryVoltage=4356, batteryTemperature=310, mBatteryLevelCritical=false, mPlugType=2
10-16 15:56:55.770   904  1512 D BatteryService: Processing new values: chargerAcOnline=false, chargerUsbOnline=true, chargerWirelessOnline=false, batteryStatus=5, batteryHealth=2, batteryPresent=true, batteryLevel=100, batteryTechnology=Li-ion, batteryVoltage=4356, batteryTemperature=310, mBatteryLevelCritical=false, mPlugType=2
10-16 15:56:55.771   904   918 D BatteryService: Processing new values: chargerAcOnline=false, chargerUsbOnline=true, chargerWirelessOnline=false, batteryStatus=5, batteryHealth=2, batteryPresent=true, batteryLevel=100, batteryTechnology=Li-ion, batteryVoltage=4356, batteryTemperature=310, mBatteryLevelCritical=false, mPlugType=2
10-16 15:56:55.772   904  1608 D BatteryService: Processing new values: chargerAcOnline=false, chargerUsbOnline=true, chargerWirelessOnline=false, batteryStatus=5, batteryHealth=2, batteryPresent=true, batteryLevel=100, batteryTechnology=Li-ion, batteryVoltage=4356, batteryTemperature=310, mBatteryLevelCritical=false, mPlugType=2
10-16 15:56:58.460   904   972 V ActivityManager: Broadcast sticky: Intent { act=android.net.wifi.RSSI_CHANGED flg=0x4000010 (has extras) } ordered=false userid=-1 callerApp=ProcessRecord{51a6cc8 904:system/1000}
10-16 15:57:00.001   904   962 D AlarmManager: set alarm to RTC 877003
10-16 15:57:00.002   904   962 D DataShapingService: Alarm manager openLteDataUpLinkGate: false
10-16 15:57:00.002   904   962 V AlarmManager: openLteGateSuccess = false
10-16 15:57:00.003   904   962 V ActivityManager: Broadcast: Intent { act=android.intent.action.TIME_TICK flg=0x50000114 (has extras) } ordered=true userid=-1 callerApp=null
10-16 15:57:00.013   904   962 V AlarmManager: sending alarm Alarm{b05f502 type 3 when 696004 android} success
10-16 15:57:00.013   904   962 D PowerManagerService: acquireWakeLockInternal: lock=111214972, flags=0x40000001, tag="*alarm*", ws=WorkSource{1000}, uid=1000, pid=904
10-16 15:57:00.014   904   962 D PowerManagerService: updateWakeLockSummaryLocked: mWakefulness=Awake, mWakeLockSummary=0x1
10-16 15:57:00.014  2078  2078 D ActivityThread: BDC-Calling finishReceiver: IIntentReceiver=eda125f
10-16 15:57:00.017   904   962 D PowerManagerService: updateUserActivitySummaryLocked: mWakefulness=Awake, mUserActivitySummary=0x4, nextTimeout=-1 (696021 ms ago)
10-16 15:57:00.017   904   962 D DisplayPowerController: requestPowerState: policy=DIM, useProximitySensor=false, screenBrightness=173, screenAutoBrightnessAdjustment=0.0, brightnessSetByUser=true, useAutoBrightness=false, blockScreenOn=false, lowPowerMode=false, boostScreenBrightness=false, dozeScreenBrightness=-1, dozeScreenState=UNKNOWN, waitForNegativeProximity=false
10-16 15:57:00.017   904   962 I PowerManagerService: setBrightness mButtonLight 0.
10-16 15:57:00.017   904   962 D PowerManagerService: updateDisplayPowerStateLocked: mDisplayReady=true, policy=2, mWakefulness=1, mWakeLockSummary=0x1, mUserActivitySummary=0x4, mBootCompleted=true, mScreenBrightnessBoostInProgress=false
10-16 15:57:00.018   904   962 D PowerManagerService: Acquiring suspend blocker "PowerManagerService.WakeLocks".
10-16 15:57:00.018   904   962 D PowerManagerNotifier: onWakeLockAcquired: flags=1073741825, tag="*alarm*", packageName=android, ownerUid=1000, ownerPid=904, workSource=WorkSource{1000}
10-16 15:57:00.019   904   904 V AlarmManager: APP set(PendingIntent{fc57fcf: PendingIntentRecord{d22ad5c android broadcastIntent}}) : type=3 triggerAtTime=756003 win=0 tElapsed=756003 maxElapsed=756003 interval=0 flags=0x1
10-16 15:57:00.019   904   904 D AlarmManager:  whichBatch = -1
10-16 15:57:00.019   904   904 D AlarmManager: set alarm to RTC 756003
10-16 15:57:00.019   904   904 D ActivityThread: BDC-Calling finishReceiver: IIntentReceiver=805de30
10-16 15:57:00.020  1055  1055 D ActivityThread: BDC-Calling finishReceiver: IIntentReceiver=2c19176
10-16 15:57:00.028  1055  1055 D ActivityThread: BDC-Calling finishReceiver: IIntentReceiver=2a5594e
10-16 15:57:00.029  1055  1055 D ActivityThread: BDC-Calling finishReceiver: IIntentReceiver=1f0fa6f
10-16 15:57:00.035  1055  1055 D ActivityThread: BDC-Calling finishReceiver: IIntentReceiver=c2a37c
10-16 15:57:00.040  1055  1055 D ActivityThread: BDC-Calling finishReceiver: IIntentReceiver=e979405
10-16 15:57:00.060  1055  1055 D ActivityThread: BDC-Calling finishReceiver: IIntentReceiver=681bc5a
10-16 15:57:00.063  1055  1055 D ActivityThread: BDC-Calling finishReceiver: IIntentReceiver=43cce8b
10-16 15:57:00.065  1055  1055 D ActivityThread: BDC-Calling finishReceiver: IIntentReceiver=f547b68
10-16 15:57:00.070  1055  1055 D ActivityThread: BDC-Calling finishReceiver: IIntentReceiver=f026b81
