10-16 15:59:38.761   904   921 V WindowManager: Looking for focus: 7 = Window{3a1e22f u0 StatusBar}, flags=-2122055608, canReceive=false
10-16 15:59:38.761   904   921 V WindowManager: findFocusedWindow: Found new focus @ 5 = Window{823c425 u0 Application Error: com.android.pacificist.helloandroid}
10-16 15:59:38.762   904   921 V WindowManager: Changing focus from Window{229f8e u0 com.android.pacificist.helloandroid/com.android.pacificist.helloandroid.MainActivity} to Window{823c425 u0 Application Error: com.android.pacificist.helloandroid} Callers=com.android.server.wm.WindowManagerService.addWindow:2913 com.android.server.wm.Session.addToDisplay:171 android.view.ViewRootImpl.setView:645 android.view.WindowManagerGlobal.addView:319 
10-16 15:59:38.762   904   921 D WindowManager: Input focus has changed to Window{823c425 u0 Application Error: com.android.pacificist.helloandroid}
10-16 15:59:38.762   904   926 I WindowManager: Focus moving from Window{229f8e u0 com.android.pacificist.helloandroid/com.android.pacificist.helloandroid.MainActivity} to Window{823c425 u0 Application Error: com.android.pacificist.helloandroid}
10-16 15:59:38.762   904   926 I WindowManager: Gaining focus: Window{823c425 u0 Application Error: com.android.pacificist.helloandroid}
10-16 15:59:38.778   904   921 V WindowManager: Looking for focus: 7 = Window{3a1e22f u0 StatusBar}, flags=-2122055608, canReceive=false
10-16 15:59:38.778   904   921 V WindowManager: findFocusedWindow: Found new focus @ 5 = Window{823c425 u0 Application Error: com.android.pacificist.helloandroid}
10-16 15:59:38.820   904   926 I WindowManager: Losing delayed focus: Window{229f8e u0 com.android.pacificist.helloandroid/com.android.pacificist.helloandroid.MainActivity}
10-16 15:59:39.244   904   920 W ActivityManager: Activity pause timeout for ActivityRecord{413f6d5 u0 com.android.pacificist.helloandroid/.MainActivity t760 f}
10-16 15:59:39.246   904   920 V WindowManager: Looking for focus: 7 = Window{3a1e22f u0 StatusBar}, flags=-2122055608, canReceive=false
10-16 15:59:39.246   904   920 V WindowManager: findFocusedWindow: Found new focus @ 5 = Window{823c425 u0 Application Error: com.android.pacificist.helloandroid}
10-16 15:59:39.261   904   920 V WindowManager: Set focused app to: AppWindowToken{2e65fb token=Token{2c64b8a ActivityRecord{ec521f5 u0 com.android.launcher3/.Launcher t754}}} old focus=AppWindowToken{f5275db token=Token{f732eea ActivityRecord{413f6d5 u0 com.android.pacificist.helloandroid/.MainActivity t760}}} moveFocusNow=true
10-16 15:59:39.263   904   920 V WindowManager: Looking for focus: 7 = Window{3a1e22f u0 StatusBar}, flags=-2122055608, canReceive=false
10-16 15:59:39.264   904   920 V WindowManager: findFocusedWindow: Found new focus @ 5 = Window{823c425 u0 Application Error: com.android.pacificist.helloandroid}
10-16 15:59:39.265   904   920 D PowerManagerService: updateWakeLockWorkSourceInternal: lock=84659104 [*launch*], ws=WorkSource{10015}
10-16 15:59:39.267   904   920 D PowerManagerNotifier: onWakeLockChanging: flags=1, tag="*launch*", packageName=android, ownerUid=1000, ownerPid=904, workSource=WorkSource{10015}
10-16 15:59:39.278   904   920 D ActivityManager: Delay resumeKeyDispatchingLocked() to avoid deadlock.
10-16 15:59:39.286   904  1575 V WindowManager: Looking for focus: 7 = Window{3a1e22f u0 StatusBar}, flags=-2122055608, canReceive=false
10-16 15:59:39.286   904  1575 V WindowManager: findFocusedWindow: Found new focus @ 5 = Window{823c425 u0 Application Error: com.android.pacificist.helloandroid}
10-16 15:59:39.291   904   972 V ActivityManager: Broadcast sticky: Intent { act=android.net.wifi.RSSI_CHANGED flg=0x4000010 (has extras) } ordered=false userid=-1 callerApp=ProcessRecord{51a6cc8 904:system/1000}
10-16 15:59:39.296  1631  1631 V ActivityThread: Performing resume of ActivityRecord{2d8dd67 token=android.os.BinderProxy@e75d714 {com.android.launcher3/com.android.launcher3.Launcher}}
10-16 15:59:39.297   904  1514 V SettingsProvider: packageValueForCallResult, name = first_set_wifi_scan_always_available, value : 1
10-16 15:59:39.298   904  1036 V SettingsProvider: packageValueForCallResult, name = reset_workspace, value : 0
10-16 15:59:39.302  1631  1631 D ActivityThread: ACT-AM_ON_RESUME_CALLED ActivityRecord{2d8dd67 token=android.os.BinderProxy@e75d714 {com.android.launcher3/com.android.launcher3.Launcher}}
10-16 15:59:39.302  1631  1631 V ActivityThread: Resume ActivityRecord{2d8dd67 token=android.os.BinderProxy@e75d714 {com.android.launcher3/com.android.launcher3.Launcher}} started activity: false, hideForNow: false, finished: false
10-16 15:59:39.303  1631  1631 V ActivityThread: Resuming ActivityRecord{2d8dd67 token=android.os.BinderProxy@e75d714 {com.android.launcher3/com.android.launcher3.Launcher}} with isForward=false
10-16 15:59:39.303  1631  1631 V ActivityThread: Scheduling idle handler for ActivityRecord{2d8dd67 token=android.os.BinderProxy@e75d714 {com.android.launcher3/com.android.launcher3.Launcher}}
10-16 15:59:39.304   904  1608 V SettingsProvider: packageValueForCallResult, name = xolo.settings.hall, value : 0
10-16 15:59:39.304  1631  1631 D ActivityThread: ACT-RESUME_ACTIVITY handled : 0 / android.os.BinderProxy@e75d714
10-16 15:59:39.330   904  1514 D PowerManagerService: releaseWakeLockInternal: lock=84659104 [*launch*], flags=0x0, total_time=2461ms
10-16 15:59:39.330   904  1514 D PowerManagerNotifier: onWakeLockReleased: flags=1, tag="*launch*", packageName=android, ownerUid=1000, ownerPid=904, workSource=WorkSource{10015}
10-16 15:59:39.331   904  1514 D PowerManagerService: updateWakeLockSummaryLocked: mWakefulness=Awake, mWakeLockSummary=0x0
10-16 15:59:39.331   904  1514 D PowerManagerService: updateUserActivitySummaryLocked: mWakefulness=Awake, mUserActivitySummary=0x4, nextTimeout=-1 (855335 ms ago)
10-16 15:59:39.331   904  1514 D DisplayPowerController: requestPowerState: policy=DIM, useProximitySensor=false, screenBrightness=173, screenAutoBrightnessAdjustment=0.0, brightnessSetByUser=true, useAutoBrightness=false, blockScreenOn=false, lowPowerMode=false, boostScreenBrightness=false, dozeScreenBrightness=-1, dozeScreenState=UNKNOWN, waitForNegativeProximity=false
10-16 15:59:39.331   904  1514 I PowerManagerService: setBrightness mButtonLight 0.
10-16 15:59:39.331   904  1514 D PowerManagerService: updateDisplayPowerStateLocked: mDisplayReady=true, policy=2, mWakefulness=1, mWakeLockSummary=0x0, mUserActivitySummary=0x4, mBootCompleted=true, mScreenBrightnessBoostInProgress=false
10-16 15:59:39.331   904  1514 D PowerManagerService: Releasing suspend blocker "PowerManagerService.WakeLocks".
10-16 15:59:39.340   904   926 V WindowManager: Looking for focus: 7 = Window{3a1e22f u0 StatusBar}, flags=-2122055608, canReceive=false
10-16 15:59:39.340   904   926 V WindowManager: findFocusedWindow: Found new focus @ 5 = Window{823c425 u0 Application Error: com.android.pacificist.helloandroid}
10-16 15:59:39.340   904   926 D WindowManager: notifyActivityDrawnForKeyguard: waiting=false Callers=com.android.server.wm.WindowManagerService.handleAppTransitionReadyLocked:10229 com.android.server.wm.WindowManagerService.performLayoutAndPlaceSurfacesLockedInner:10849 com.android.server.wm.WindowManagerService.performLayoutAndPlaceSurfacesLockedLoop:9593 com.android.server.wm.WindowManagerService.performLayoutAndPlaceSurfacesLocked:9540 com.android.server.wm.WindowManagerService.-wrap10:-1 
10-16 15:59:39.349   904   926 V WindowManager: Looking for focus: 7 = Window{3a1e22f u0 StatusBar}, flags=-2122055608, canReceive=false
10-16 15:59:39.349   904   926 V WindowManager: findFocusedWindow: Found new focus @ 5 = Window{823c425 u0 Application Error: com.android.pacificist.helloandroid}
10-16 15:59:39.673   904   926 V WindowManager: Looking for focus: 7 = Window{3a1e22f u0 StatusBar}, flags=-2122055608, canReceive=false
10-16 15:59:39.673   904   926 V WindowManager: findFocusedWindow: Found new focus @ 5 = Window{823c425 u0 Application Error: com.android.pacificist.helloandroid}
10-16 15:59:42.340   904   972 V ActivityManager: Broadcast sticky: Intent { act=android.net.wifi.RSSI_CHANGED flg=0x4000010 (has extras) } ordered=false userid=-1 callerApp=ProcessRecord{51a6cc8 904:system/1000}
--------- beginning of main
10-16 15:59:42.634   239   556 W MAL-Daemon:  (             simmngr_srv, 3509) [SIM_MNGR] 3509 EN_SIM:simmngr_srv() SIM SET CMEE FAIL,result=3,error code=100,continue to retry!!
10-16 15:59:42.637   241   241 I ccci_mdinit(1): wait_for_property() ready for name:init.svc.ccci_fsd, loop:18
10-16 15:59:42.637   241   241 D ccci_mdinit(1): BC queue free space 6
10-16 15:59:42.637   241   241 E ccci_mdinit(0): set md boot data:0
10-16 15:59:42.729   241   241 D ccci_mdinit(1): buff.data[0] = 0xFFFFFFFF, data[1] = 0xFAF50002, channel = F0000000, reserved = 0x00000000
10-16 15:59:42.729   241   241 D ccci_mdinit(1): set md status:mtk.md1.status=bootup 
10-16 15:59:42.731   241   241 D ccci_mdinit(1): modem boot up, set runtime data
10-16 15:59:42.734   239   553 E MAL-Daemon:  (     simmngr_cache_reply,  297) [SIM_MNGR]  297 EN_SIM:Non cache data request()!!
10-16 15:59:42.734   239   553 I MAL-Daemon:  (        simmngr_task_hdl, 1412) [SIM_MNGR] 1412 EN_SIM:atcmd = (AT+CMEE=1)
10-16 15:59:42.734   239   553 W MAL-Daemon:  (    mdfx_task_send_event,  636) mdfx_task_send_event(): [ACT] should NOT enter this leagcy API!!
10-16 15:59:42.735   239   536 D MAL-Daemon:  (         mdmngr_task_hdl,   36) mdmngr_task_hdl(), receive event = 101 (vendor/mediatek/proprietary/frameworks/opt/mal/entity/mdmngr/mdmngr.c:36)
10-16 15:59:42.735   239   536 D MAL-Daemon:  (         mdmngr_task_hdl,   67) EVENT_MDMNGR_ATCMD_REQ@MDMNGR, priv_data = f751a4c0, channel = 3, cmd = (AT+CMEE=1) (vendor/mediatek/proprietary/frameworks/opt/mal/entity/mdmngr/mdmngr.c:67)
10-16 15:59:42.735   239   536 W MAL-Daemon:  (    mdfx_task_send_event,  636) mdfx_task_send_event(): [ACT] should NOT enter this leagcy API!!
10-16 15:59:42.735   239   552 E MAL-Daemon:  (void* rilproxy_task_hdl(,  439) rilproxy_task_hdl(), receive event = 401
10-16 15:59:42.735   239   552 E MAL-Daemon:  (void* rilproxy_task_hdl(,  505) RILD is disconnected
10-16 15:59:42.735   239   536 D MAL-Daemon:  (         mdmngr_task_hdl,   36) mdmngr_task_hdl(), receive event = 102 (vendor/mediatek/proprietary/frameworks/opt/mal/entity/mdmngr/mdmngr.c:36)
10-16 15:59:42.735   239   536 D MAL-Daemon:  (         mdmngr_task_hdl,  115) EVENT_MDMNGR_ATCMD_RESP@MDMNGR (vendor/mediatek/proprietary/frameworks/opt/mal/entity/mdmngr/mdmngr.c:115)
10-16 15:59:42.736   239   536 D MAL-Daemon:  (         mdmngr_task_hdl,  122) event_req = f751a4c0, ID = 101 (vendor/mediatek/proprietary/frameworks/opt/mal/entity/mdmngr/mdmngr.c:122)
10-16 15:59:42.736   239   536 D MAL-Daemon:  (         mdmngr_task_hdl,  125) atcmd_resp->priv_data = f751b268 (vendor/mediatek/proprietary/frameworks/opt/mal/entity/mdmngr/mdmngr.c:125)
10-16 15:59:42.736   239   553 E MAL-Daemon:  (     simmngr_cache_reply,  297) [SIM_MNGR]  297 EN_SIM:Non cache data request()!!
10-16 15:59:42.736   239   553 I MAL-Daemon:  (        simmngr_task_hdl, 1434) [SIM_MNGR] 1434 EN_SIM:EVENT_MDMNGR_ATCMD_RESP,event_id = 222, event_req = 0xf751b268, result = 5, str = ()
10-16 15:59:42.737   239   556 W MAL-Daemon:  (             simmngr_srv, 3509) [SIM_MNGR] 3509 EN_SIM:simmngr_srv() SIM SET CMEE FAIL,result=3,error code=100,continue to retry!!
10-16 15:59:42.773  3907  3907 E ccci_fsd(1): IsReadOnly: [error]fail on file: /data/nvram/md/FATC62610C9.log 
10-16 15:59:42.838   239   553 E MAL-Daemon:  (     simmngr_cache_reply,  297) [SIM_MNGR]  297 EN_SIM:Non cache data request()!!
10-16 15:59:42.838   239   553 I MAL-Daemon:  (        simmngr_task_hdl, 1412) [SIM_MNGR] 1412 EN_SIM:atcmd = (AT+CMEE=1)
10-16 15:59:42.838   239   553 W MAL-Daemon:  (    mdfx_task_send_event,  636) mdfx_task_send_event(): [ACT] should NOT enter this leagcy API!!
10-16 15:59:42.839   239   536 D MAL-Daemon:  (         mdmngr_task_hdl,   36) mdmngr_task_hdl(), receive event = 101 (vendor/mediatek/proprietary/frameworks/opt/mal/entity/mdmngr/mdmngr.c:36)
10-16 15:59:42.839   239   536 D MAL-Daemon:  (         mdmngr_task_hdl,   67) EVENT_MDMNGR_ATCMD_REQ@MDMNGR, priv_data = f751db60, channel = 3, cmd = (AT+CMEE=1) (vendor/mediatek/proprietary/frameworks/opt/mal/entity/mdmngr/mdmngr.c:67)
10-16 15:59:42.839   239   536 W MAL-Daemon:  (    mdfx_task_send_event,  636) mdfx_task_send_event(): [ACT] should NOT enter this leagcy API!!
10-16 15:59:42.839   239   552 E MAL-Daemon:  (void* rilproxy_task_hdl(,  439) rilproxy_task_hdl(), receive event = 401
10-16 15:59:42.839   239   552 E MAL-Daemon:  (void* rilproxy_task_hdl(,  505) RILD is disconnected
10-16 15:59:42.843   239   536 D MAL-Daemon:  (         mdmngr_task_hdl,   36) mdmngr_task_hdl(), receive event = 102 (vendor/mediatek/proprietary/frameworks/opt/mal/entity/mdmngr/mdmngr.c:36)
10-16 15:59:42.843   239   536 D MAL-Daemon:  (         mdmngr_task_hdl,  115) EVENT_MDMNGR_ATCMD_RESP@MDMNGR (vendor/mediatek/proprietary/frameworks/opt/mal/entity/mdmngr/mdmngr.c:115)
10-16 15:59:42.843   239   536 D MAL-Daemon:  (         mdmngr_task_hdl,  122) event_req = f751db60, ID = 101 (vendor/mediatek/proprietary/frameworks/opt/mal/entity/mdmngr/mdmngr.c:122)
10-16 15:59:42.843   239   536 D MAL-Daemon:  (         mdmngr_task_hdl,  125) atcmd_resp->priv_data = f751cdb8 (vendor/mediatek/proprietary/frameworks/opt/mal/entity/mdmngr/mdmngr.c:125)
10-16 15:59:42.844   239   553 E MAL-Daemon:  (     simmngr_cache_reply,  297) [SIM_MNGR]  297 EN_SIM:Non cache data request()!!
10-16 15:59:42.844   239   553 I MAL-Daemon:  (        simmngr_task_hdl, 1434) [SIM_MNGR] 1434 EN_SIM:EVENT_MDMNGR_ATCMD_RESP,event_id = 222, event_req = 0xf751cdb8, result = 5, str = ()
10-16 15:59:42.845   239   556 W MAL-Daemon:  (             simmngr_srv, 3509) [SIM_MNGR] 3509 EN_SIM:simmngr_srv() SIM SET CMEE FAIL,result=3,error code=100,continue to retry!!
10-16 15:59:42.857  1925  1928 I PerfService: PerfServiceNative_getPackName
10-16 15:59:42.858   904  1556 I libPerfService: perfGetLastBoostPid 1631
10-16 15:59:42.858   904  1556 D PerfServiceManager: [PerfService] getLastBoostPid 1631 
10-16 15:59:42.858   904  1556 I libPerfService: perfGetLastBoostPid 1631
10-16 15:59:42.946   239   553 E MAL-Daemon:  (     simmngr_cache_reply,  297) [SIM_MNGR]  297 EN_SIM:Non cache data request()!!
10-16 15:59:42.946   239   553 I MAL-Daemon:  (        simmngr_task_hdl, 1412) [SIM_MNGR] 1412 EN_SIM:atcmd = (AT+CMEE=1)
10-16 15:59:42.946   239   553 W MAL-Daemon:  (    mdfx_task_send_event,  636) mdfx_task_send_event(): [ACT] should NOT enter this leagcy API!!
10-16 15:59:42.947   239   536 D MAL-Daemon:  (         mdmngr_task_hdl,   36) mdmngr_task_hdl(), receive event = 101 (vendor/mediatek/proprietary/frameworks/opt/mal/entity/mdmngr/mdmngr.c:36)
10-16 15:59:42.947   239   536 D MAL-Daemon:  (         mdmngr_task_hdl,   67) EVENT_MDMNGR_ATCMD_REQ@MDMNGR, priv_data = f751b268, channel = 3, cmd = (AT+CMEE=1) (vendor/mediatek/proprietary/frameworks/opt/mal/entity/mdmngr/mdmngr.c:67)
10-16 15:59:42.947   239   536 W MAL-Daemon:  (    mdfx_task_send_event,  636) mdfx_task_send_event(): [ACT] should NOT enter this leagcy API!!
10-16 15:59:42.947   239   552 E MAL-Daemon:  (void* rilproxy_task_hdl(,  439) rilproxy_task_hdl(), receive event = 401
10-16 15:59:42.947   239   552 E MAL-Daemon:  (void* rilproxy_task_hdl(,  505) RILD is disconnected
10-16 15:59:42.952   239   536 D MAL-Daemon:  (         mdmngr_task_hdl,   36) mdmngr_task_hdl(), receive event = 102 (vendor/mediatek/proprietary/frameworks/opt/mal/entity/mdmngr/mdmngr.c:36)
10-16 15:59:42.952   239   536 D MAL-Daemon:  (         mdmngr_task_hdl,  115) EVENT_MDMNGR_ATCMD_RESP@MDMNGR (vendor/mediatek/proprietary/frameworks/opt/mal/entity/mdmngr/mdmngr.c:115)
10-16 15:59:42.952   239   536 D MAL-Daemon:  (         mdmngr_task_hdl,  122) event_req = f751b268, ID = 101 (vendor/mediatek/proprietary/frameworks/opt/mal/entity/mdmngr/mdmngr.c:122)
10-16 15:59:42.952   239   536 D MAL-Daemon:  (         mdmngr_task_hdl,  125) atcmd_resp->priv_data = f751a4c0 (vendor/mediatek/proprietary/frameworks/opt/mal/entity/mdmngr/mdmngr.c:125)
10-16 15:59:42.953   239   553 E MAL-Daemon:  (     simmngr_cache_reply,  297) [SIM_MNGR]  297 EN_SIM:Non cache data request()!!
10-16 15:59:42.953   239   553 I MAL-Daemon:  (        simmngr_task_hdl, 1434) [SIM_MNGR] 1434 EN_SIM:EVENT_MDMNGR_ATCMD_RESP,event_id = 222, event_req = 0xf751a4c0, result = 5, str = ()
10-16 15:59:42.954   239   556 W MAL-Daemon:  (             simmngr_srv, 3509) [SIM_MNGR] 3509 EN_SIM:simmngr_srv() SIM SET CMEE FAIL,result=3,error code=100,continue to retry!!
10-16 15:59:42.960   904   904 E WifiTrafficPoller: TRAFFIC_STATS_POLL true Token 14 num clients 6
10-16 15:59:42.961   904   904 E WifiTrafficPoller:  packet count Tx=31 Rx=63
10-16 15:59:43.054   239   553 E MAL-Daemon:  (     simmngr_cache_reply,  297) [SIM_MNGR]  297 EN_SIM:Non cache data request()!!
10-16 15:59:43.055   239   553 I MAL-Daemon:  (        simmngr_task_hdl, 1412) [SIM_MNGR] 1412 EN_SIM:atcmd = (AT+CMEE=1)
10-16 15:59:43.055   239   553 W MAL-Daemon:  (    mdfx_task_send_event,  636) mdfx_task_send_event(): [ACT] should NOT enter this leagcy API!!
10-16 15:59:43.055   239   536 D MAL-Daemon:  (         mdmngr_task_hdl,   36) mdmngr_task_hdl(), receive event = 101 (vendor/mediatek/proprietary/frameworks/opt/mal/entity/mdmngr/mdmngr.c:36)
10-16 15:59:43.055   239   536 D MAL-Daemon:  (         mdmngr_task_hdl,   67) EVENT_MDMNGR_ATCMD_REQ@MDMNGR, priv_data = f751cdb8, channel = 3, cmd = (AT+CMEE=1) (vendor/mediatek/proprietary/frameworks/opt/mal/entity/mdmngr/mdmngr.c:67)
10-16 15:59:43.055   239   536 W MAL-Daemon:  (    mdfx_task_send_event,  636) mdfx_task_send_event(): [ACT] should NOT enter this leagcy API!!
10-16 15:59:43.056   239   552 E MAL-Daemon:  (void* rilproxy_task_hdl(,  439) rilproxy_task_hdl(), receive event = 401
10-16 15:59:43.056   239   552 E MAL-Daemon:  (void* rilproxy_task_hdl(,  505) RILD is disconnected
10-16 15:59:43.059   239   536 D MAL-Daemon:  (         mdmngr_task_hdl,   36) mdmngr_task_hdl(), receive event = 102 (vendor/mediatek/proprietary/frameworks/opt/mal/entity/mdmngr/mdmngr.c:36)
10-16 15:59:43.059   239   536 D MAL-Daemon:  (         mdmngr_task_hdl,  115) EVENT_MDMNGR_ATCMD_RESP@MDMNGR (vendor/mediatek/proprietary/frameworks/opt/mal/entity/mdmngr/mdmngr.c:115)
10-16 15:59:43.059   239   536 D MAL-Daemon:  (         mdmngr_task_hdl,  122) event_req = f751cdb8, ID = 101 (vendor/mediatek/proprietary/frameworks/opt/mal/entity/mdmngr/mdmngr.c:122)
10-16 15:59:43.059   239   536 D MAL-Daemon:  (         mdmngr_task_hdl,  125) atcmd_resp->priv_data = f751db60 (vendor/mediatek/proprietary/frameworks/opt/mal/entity/mdmngr/mdmngr.c:125)
10-16 15:59:43.060   239   553 E MAL-Daemon:  (     simmngr_cache_reply,  297) [SIM_MNGR]  297 EN_SIM:Non cache data request()!!
10-16 15:59:43.060   239   553 I MAL-Daemon:  (        simmngr_task_hdl, 1434) [SIM_MNGR] 1434 EN_SIM:EVENT_MDMNGR_ATCMD_RESP,event_id = 222, event_req = 0xf751db60, result = 5, str = ()
10-16 15:59:43.060   239   556 W MAL-Daemon:  (             simmngr_srv, 3509) [SIM_MNGR] 3509 EN_SIM:simmngr_srv() SIM SET CMEE FAIL,result=3,error code=100,continue to retry!!
10-16 15:59:43.103   241   241 D ccci_mdinit(1): buff.data[0] = 0xFFFFFFFF, data[1] = 0xFAF50001, channel = F0000000, reserved = 0x00000000
10-16 15:59:43.109   241   241 D ccci_mdinit(1): set md status:mtk.md1.status=ready 
10-16 15:59:43.113   241   241 D ccci_mdinit(1): modem ready
10-16 15:59:43.113   241   241 D ccci_mdinit(1): start all ccci up layer services
10-16 15:59:43.113   241   241 D ccci_mdinit(1): set ril.mux.report.case 2
10-16 15:59:43.116   241   241 D ccci_mdinit(1): start mdlogger
10-16 15:59:43.116   241   241 I ccci_mdinit(1): start_service init.svc.emdlogger1, current state:stopped, returned:7
10-16 15:59:43.124   241   241 I ccci_mdinit(1): wait_for_property() name:init.svc.emdlogger1, desired_value:running, waitmsec:0, loop:1
10-16 15:59:43.124   241   241 I ccci_mdinit(1): wait_for_property() ready for name:init.svc.emdlogger1, loop:0
10-16 15:59:43.124   241   241 D ccci_mdinit(1): Current muxd: gsm0710muxd, rild:ril-daemon-mtk
10-16 15:59:43.124   241   241 I ccci_mdinit(1): start_service init.svc.gsm0710muxd, current state:stopped, returned:7
10-16 15:59:43.127   241   241 I ccci_mdinit(1): wait_for_property() name:init.svc.gsm0710muxd, desired_value:running, waitmsec:2000, loop:20
10-16 15:59:43.161   239   553 E MAL-Daemon:  (     simmngr_cache_reply,  297) [SIM_MNGR]  297 EN_SIM:Non cache data request()!!
10-16 15:59:43.161   239   553 I MAL-Daemon:  (        simmngr_task_hdl, 1412) [SIM_MNGR] 1412 EN_SIM:atcmd = (AT+CMEE=1)
10-16 15:59:43.161   239   553 W MAL-Daemon:  (    mdfx_task_send_event,  636) mdfx_task_send_event(): [ACT] should NOT enter this leagcy API!!
10-16 15:59:43.162   239   536 D MAL-Daemon:  (         mdmngr_task_hdl,   36) mdmngr_task_hdl(), receive event = 101 (vendor/mediatek/proprietary/frameworks/opt/mal/entity/mdmngr/mdmngr.c:36)
10-16 15:59:43.162   239   536 D MAL-Daemon:  (         mdmngr_task_hdl,   67) EVENT_MDMNGR_ATCMD_REQ@MDMNGR, priv_data = f751a4c0, channel = 3, cmd = (AT+CMEE=1) (vendor/mediatek/proprietary/frameworks/opt/mal/entity/mdmngr/mdmngr.c:67)
10-16 15:59:43.162   239   536 W MAL-Daemon:  (    mdfx_task_send_event,  636) mdfx_task_send_event(): [ACT] should NOT enter this leagcy API!!
10-16 15:59:43.162   239   552 E MAL-Daemon:  (void* rilproxy_task_hdl(,  439) rilproxy_task_hdl(), receive event = 401
10-16 15:59:43.162   239   552 E MAL-Daemon:  (void* rilproxy_task_hdl(,  505) RILD is disconnected
10-16 15:59:43.163   239   536 D MAL-Daemon:  (         mdmngr_task_hdl,   36) mdmngr_task_hdl(), receive event = 102 (vendor/mediatek/proprietary/frameworks/opt/mal/entity/mdmngr/mdmngr.c:36)
10-16 15:59:43.163   239   536 D MAL-Daemon:  (         mdmngr_task_hdl,  115) EVENT_MDMNGR_ATCMD_RESP@MDMNGR (vendor/mediatek/proprietary/frameworks/opt/mal/entity/mdmngr/mdmngr.c:115)
10-16 15:59:43.163   239   536 D MAL-Daemon:  (         mdmngr_task_hdl,  122) event_req = f751a4c0, ID = 101 (vendor/mediatek/proprietary/frameworks/opt/mal/entity/mdmngr/mdmngr.c:122)
10-16 15:59:43.163   239   536 D MAL-Daemon:  (         mdmngr_task_hdl,  125) atcmd_resp->priv_data = f751b268 (vendor/mediatek/proprietary/frameworks/opt/mal/entity/mdmngr/mdmngr.c:125)
10-16 15:59:43.165   239   553 E MAL-Daemon:  (     simmngr_cache_reply,  297) [SIM_MNGR]  297 EN_SIM:Non cache data request()!!
10-16 15:59:43.165   239   553 I MAL-Daemon:  (        simmngr_task_hdl, 1434) [SIM_MNGR] 1434 EN_SIM:EVENT_MDMNGR_ATCMD_RESP,event_id = 222, event_req = 0xf751b268, result = 5, str = ()
10-16 15:59:43.165   239   556 W MAL-Daemon:  (             simmngr_srv, 3509) [SIM_MNGR] 3509 EN_SIM:simmngr_srv() SIM SET CMEE FAIL,result=3,error code=100,continue to retry!!
10-16 15:59:43.197  3908  3908 I EMDLOGGER1: previous mask value is 077
10-16 15:59:43.197  3908  3908 I EMDLOGGER1: Starting EMDLogger. Version=W1522.p1 (Dec 16 2016 12:42:13)
10-16 15:59:43.197  3908  3908 I EMDLOGGER1: signal ignore
10-16 15:59:43.197  3908  3908 D EMDLOGGER1: Normal Mode 0
10-16 15:59:43.225  3908  3908 D EMDLOGGER1: initUSBPortMappingFile
10-16 15:59:43.226  3908  3908 D ccci_lib: read info:[modem num]:1
10-16 15:59:43.226  3908  3908 D ccci_lib: [modem en]:1-0-0-0-0
10-16 15:59:43.226  3908  3908 D ccci_lib: [EVDO_DT_SUPPORT]:0
10-16 15:59:43.226  3908  3908 D ccci_lib: [MTK_LTE_DC_SUPPORT]:0
10-16 15:59:43.226  3908  3908 D ccci_lib: total:78
10-16 15:59:43.226  3908  3908 D ccci_lib: vice:s0
10-16 15:59:43.226  3908  3908 D ccci_lib: /dev/block/platform/mtk-msdc\.0/[0-9]+\.msdc0/by-name/expdb		u:object_r:expdb_block_device:s0
10-16 15:59:43.226  3908  3908 D ccci_lib: /dev/block/platform/mtk-msdc\.0/[0-9]+\.msdc0/by-name/misc2		u:object_r:misc2_block_device:s0
10-16 15:59:43.226  3908  3908 D ccci_lib: /dev/block/platform/mtk-msdc\.0/[0-9]+\.msdc0/by-name/logo		u:object_r:logo_block_device:s0
10-16 15:59:43.226  3908  3908 D ccci_lib: /dev/block/platform/mtk-msdc\.0/[0-9]+\.msdc0/by-name/para		u:object_r:para_block_device:s0
10-16 15:59:43.226  3908  3908 D ccci_lib: /dev/block/platform/mtk-msdc\.0/[0-9]+\.msdc0/by-name/tee1		u:object_r:tee_block_device:s0
10-16 15:59:43.226  3908  3908 D ccci_lib: /dev/block/platform/mtk-msdc\.0/[0-9]+\.msdc0/by-name/tee2		u:object_r:tee_block_device:s0
10-16 15:59:43.226  3908  3908 D ccci_lib: /dev/block/platform/mtk-msdc\.0/[0-9]+\.msdc0/by-name/seccfg		u:object_r:seccfg_block_device:s0
10-16 15:59:43.226  3908  3908 D ccci_lib: /dev/block/platform/mtk-msdc\.0/[0-9]+\.msdc0/by-name/secro		u:object_r:secro_block_device:s0
10-16 15:59:43.226  3908  3908 D ccci_lib: /dev/block/platform/mtk-msdc\.0/[0-9]+\.msdc0/by-name/userdata		u:object_r:userdata_block_device:s0
10-16 15:59:43.226  3908  3908 D ccci_lib: /dev/block/platform/mtk-msdc\.0/[0-9]+\.msdc0/by-name/cache		u:object_r:ca
10-16 15:59:43.226  3908  3908 D ccci_lib: parse_info name:modem num
10-16 15:59:43.226  3908  3908 D EMDLOGGER1: initUSBPortMappingFile get current port is 1
10-16 15:59:43.228   241   241 I ccci_mdinit(1): wait_for_property() ready for name:init.svc.gsm0710muxd, loop:18
10-16 15:59:43.228   241   241 D ccci_mdinit(1): BC queue free space 5
10-16 15:59:43.228   241   241 D ccci_mdinit(1): Store sbp file start... metamode:0,md_sbp_lid:25
10-16 15:59:43.228   241   241 D ccci_mdinit(1): Store md sbp code! ret:0, needstore:0x0, sbp1:18, flag1:1, sbp2:0, flag2:1, times:6853
10-16 15:59:43.228   241   241 D ccci_mdinit(1): Store sbp file End.
10-16 15:59:43.232  3908  3908 I EMDLOGGER1: debug property persist.mtklog.mdlog.path value is none
10-16 15:59:43.233  3908  3908 I EMDLOGGER1: Customize Prop file exist.
10-16 15:59:43.235  3908  3908 I EMDLOGGER1: Log Save debug.mdlogger.log2sd.path = internal_sd.
10-16 15:59:43.235  3908  3908 I EMDLOGGER1: Auto Run com.mediatek.log.modem.enabled = false.
10-16 15:59:43.236  3908  3908 D EMDLOGGER1: Get auto start mode: 0
10-16 15:59:43.236  3908  3908 D EMDLOGGER1: getSavedLoggingMode(): mode = 0
10-16 15:59:43.236  3908  3908 D EMDLOGGER1: MAL_Init
10-16 15:59:43.236  3908  3908 D EMDLOGGER1: mal_emmcs_mdlog_port /dev/ttyC1
10-16 15:59:43.236  3908  3908 D EMDLOGGER1: mal_emmcs_mdlog_ctrl_port /dev/ccci_md_log_ctrl
10-16 15:59:43.236  3908  3908 D EMDLOGGER1: eemcs_port_open: port /dev/ccci_md_log_ctrl
10-16 15:59:43.236  3908  3908 D EMDLOGGER1: MAL_OnLoggingStart: md_log_ctrl port opened
10-16 15:59:43.239  3908  3908 I EMDLOGGER1: Set name mdl_ctrl_reader for thread(866c6450)
10-16 15:59:43.240  3908  3908 I EMDLOGGER1: Set detach  mdl_ctrl_reader for thread(866c6450)
10-16 15:59:43.240  3908  3908 I EMDLOGGER1: MAL_OnLoggingStart: CTRL reader thread created
10-16 15:59:43.241  3908  3910 I EMDLOGGER1: mdlog_ctrl_reader_thread started
10-16 15:59:43.242  3908  3908 D EMDLOGGER1: MAL_OnLoggingStart: Send SPLM_A2M_RESET_SPLM_STATE
10-16 15:59:43.242  3908  3908 I EMDLOGGER1: splm_send_req: msg=5, plen=4, token=1, retry=3
10-16 15:59:43.244  3908  3910 D EMDLOGGER1: CTRL_reader: incoming SPLM req, msgid=6, token=0, result=0
10-16 15:59:43.244  3908  3910 I EMDLOGGER1: [MDLOG] [MD] Set Logging Level Success and reset SPLM state!
10-16 15:59:43.244  3908  3910 I EMDLOGGER1: CTRL reader: got response, msgid=5 token=1 result=1
10-16 15:59:43.245  3908  3908 D EMDLOGGER1: MAL_Init: Send SPLM_A2M_QUERY_MD_VERSION
10-16 15:59:43.246  3908  3908 I EMDLOGGER1: splm_send_req: msg=14, plen=0, token=2, retry=3
10-16 15:59:43.247  3908  3910 I EMDLOGGER1: CTRL reader: got response, msgid=14 token=2 result=3
10-16 15:59:43.248  3908  3908 I EMDLOGGER1: MAL_Init: failed to get md version, rslt=3
10-16 15:59:43.248  3908  3908 D EMDLOGGER1: Not set property: persist.mtklog.mdlog.mdsilrbt
10-16 15:59:43.249  3908  3908 E EMDLOGGER1: mSockListenId ok
10-16 15:59:43.251  3908  3908 I EMDLOGGER1: Set name mdl_sock_host for thread(865c8450)
10-16 15:59:43.251  3908  3908 I EMDLOGGER1: Set detach  mdl_sock_host for thread(865c8450)
10-16 15:59:43.251  3908  3908 D EMDLOGGER1: Success to setup socket local server
10-16 15:59:43.251  3908  3908 D EMDLOGGER1: start Mdlogger mode 0
10-16 15:59:43.251  3908  3908 D EMDLOGGER1: Normal boot 1
10-16 15:59:43.251  3908  3908 D EMDLOGGER1: Open servFifoFd FIFO -1
10-16 15:59:43.252  3908  3911 D EMDLOGGER1: runListener
10-16 15:59:43.253  3908  3911 D EMDLOGGER1: mdlogger socket select start
10-16 15:59:43.265   239   553 E MAL-Daemon:  (     simmngr_cache_reply,  297) [SIM_MNGR]  297 EN_SIM:Non cache data request()!!
10-16 15:59:43.265   239   553 I MAL-Daemon:  (        simmngr_task_hdl, 1412) [SIM_MNGR] 1412 EN_SIM:atcmd = (AT+CMEE=1)
10-16 15:59:43.265   239   553 W MAL-Daemon:  (    mdfx_task_send_event,  636) mdfx_task_send_event(): [ACT] should NOT enter this leagcy API!!
10-16 15:59:43.266   239   536 D MAL-Daemon:  (         mdmngr_task_hdl,   36) mdmngr_task_hdl(), receive event = 101 (vendor/mediatek/proprietary/frameworks/opt/mal/entity/mdmngr/mdmngr.c:36)
10-16 15:59:43.266   239   536 D MAL-Daemon:  (         mdmngr_task_hdl,   67) EVENT_MDMNGR_ATCMD_REQ@MDMNGR, priv_data = f751db60, channel = 3, cmd = (AT+CMEE=1) (vendor/mediatek/proprietary/frameworks/opt/mal/entity/mdmngr/mdmngr.c:67)
10-16 15:59:43.266   239   536 W MAL-Daemon:  (    mdfx_task_send_event,  636) mdfx_task_send_event(): [ACT] should NOT enter this leagcy API!!
10-16 15:59:43.266   239   552 E MAL-Daemon:  (void* rilproxy_task_hdl(,  439) rilproxy_task_hdl(), receive event = 401
10-16 15:59:43.266   239   552 E MAL-Daemon:  (void* rilproxy_task_hdl(,  505) RILD is disconnected
10-16 15:59:43.266   239   536 D MAL-Daemon:  (         mdmngr_task_hdl,   36) mdmngr_task_hdl(), receive event = 102 (vendor/mediatek/proprietary/frameworks/opt/mal/entity/mdmngr/mdmngr.c:36)
10-16 15:59:43.266   239   536 D MAL-Daemon:  (         mdmngr_task_hdl,  115) EVENT_MDMNGR_ATCMD_RESP@MDMNGR (vendor/mediatek/proprietary/frameworks/opt/mal/entity/mdmngr/mdmngr.c:115)
10-16 15:59:43.266   239   536 D MAL-Daemon:  (         mdmngr_task_hdl,  122) event_req = f751db60, ID = 101 (vendor/mediatek/proprietary/frameworks/opt/mal/entity/mdmngr/mdmngr.c:122)
10-16 15:59:43.266   239   536 D MAL-Daemon:  (         mdmngr_task_hdl,  125) atcmd_resp->priv_data = f751cdb8 (vendor/mediatek/proprietary/frameworks/opt/mal/entity/mdmngr/mdmngr.c:125)
10-16 15:59:43.266   239   553 E MAL-Daemon:  (     simmngr_cache_reply,  297) [SIM_MNGR]  297 EN_SIM:Non cache data request()!!
10-16 15:59:43.266   239   553 I MAL-Daemon:  (        simmngr_task_hdl, 1434) [SIM_MNGR] 1434 EN_SIM:EVENT_MDMNGR_ATCMD_RESP,event_id = 222, event_req = 0xf751cdb8, result = 5, str = ()
10-16 15:59:43.267   239   556 W MAL-Daemon:  (             simmngr_srv, 3509) [SIM_MNGR] 3509 EN_SIM:simmngr_srv() SIM SET CMEE FAIL,result=3,error code=100,continue to retry!!
10-16 15:59:43.367   239   553 E MAL-Daemon:  (     simmngr_cache_reply,  297) [SIM_MNGR]  297 EN_SIM:Non cache data request()!!
10-16 15:59:43.368   239   553 I MAL-Daemon:  (        simmngr_task_hdl, 1412) [SIM_MNGR] 1412 EN_SIM:atcmd = (AT+CMEE=1)
10-16 15:59:43.368   239   553 W MAL-Daemon:  (    mdfx_task_send_event,  636) mdfx_task_send_event(): [ACT] should NOT enter this leagcy API!!
10-16 15:59:43.368   239   536 D MAL-Daemon:  (         mdmngr_task_hdl,   36) mdmngr_task_hdl(), receive event = 101 (vendor/mediatek/proprietary/frameworks/opt/mal/entity/mdmngr/mdmngr.c:36)
10-16 15:59:43.368   239   536 D MAL-Daemon:  (         mdmngr_task_hdl,   67) EVENT_MDMNGR_ATCMD_REQ@MDMNGR, priv_data = f751b268, channel = 3, cmd = (AT+CMEE=1) (vendor/mediatek/proprietary/frameworks/opt/mal/entity/mdmngr/mdmngr.c:67)
10-16 15:59:43.369   239   536 W MAL-Daemon:  (    mdfx_task_send_event,  636) mdfx_task_send_event(): [ACT] should NOT enter this leagcy API!!
10-16 15:59:43.369   239   552 E MAL-Daemon:  (void* rilproxy_task_hdl(,  439) rilproxy_task_hdl(), receive event = 401
10-16 15:59:43.369   239   552 E MAL-Daemon:  (void* rilproxy_task_hdl(,  505) RILD is disconnected
10-16 15:59:43.372   239   536 D MAL-Daemon:  (         mdmngr_task_hdl,   36) mdmngr_task_hdl(), receive event = 102 (vendor/mediatek/proprietary/frameworks/opt/mal/entity/mdmngr/mdmngr.c:36)
10-16 15:59:43.372   239   536 D MAL-Daemon:  (         mdmngr_task_hdl,  115) EVENT_MDMNGR_ATCMD_RESP@MDMNGR (vendor/mediatek/proprietary/frameworks/opt/mal/entity/mdmngr/mdmngr.c:115)
10-16 15:59:43.372   239   536 D MAL-Daemon:  (         mdmngr_task_hdl,  122) event_req = f751b268, ID = 101 (vendor/mediatek/proprietary/frameworks/opt/mal/entity/mdmngr/mdmngr.c:122)
10-16 15:59:43.372   239   536 D MAL-Daemon:  (         mdmngr_task_hdl,  125) atcmd_resp->priv_data = f751a4c0 (vendor/mediatek/proprietary/frameworks/opt/mal/entity/mdmngr/mdmngr.c:125)
10-16 15:59:43.374   239   553 E MAL-Daemon:  (     simmngr_cache_reply,  297) [SIM_MNGR]  297 EN_SIM:Non cache data request()!!
10-16 15:59:43.374   239   553 I MAL-Daemon:  (        simmngr_task_hdl, 1434) [SIM_MNGR] 1434 EN_SIM:EVENT_MDMNGR_ATCMD_RESP,event_id = 222, event_req = 0xf751a4c0, result = 5, str = ()
10-16 15:59:43.374   239   556 W MAL-Daemon:  (             simmngr_srv, 3509) [SIM_MNGR] 3509 EN_SIM:simmngr_srv() SIM SET CMEE FAIL,result=3,error code=100,continue to retry!!
10-16 15:59:43.433   239   549 D MAL-Daemon:  (void* rilproxy_cmd_resp_,  588) RIL Command thread try to connect the rild (rild-mal)
10-16 15:59:43.433   239   549 E MAL-Daemon:  (void* rilproxy_cmd_resp_,  593) can't open socket : rild-mal (No such file or directory)
10-16 15:59:43.448   239   550 D MAL-Daemon:  (void* rilproxy_urc_threa,  879) RIL URC thread try to connect the rild (rild-mal-at)
10-16 15:59:43.449   239   550 E MAL-Daemon:  (void* rilproxy_urc_threa,  886) can't open socket : rild-mal-at
10-16 15:59:43.475   239   553 E MAL-Daemon:  (     simmngr_cache_reply,  297) [SIM_MNGR]  297 EN_SIM:Non cache data request()!!
10-16 15:59:43.475   239   553 I MAL-Daemon:  (        simmngr_task_hdl, 1412) [SIM_MNGR] 1412 EN_SIM:atcmd = (AT+CMEE=1)
10-16 15:59:43.476   239   553 W MAL-Daemon:  (    mdfx_task_send_event,  636) mdfx_task_send_event(): [ACT] should NOT enter this leagcy API!!
10-16 15:59:43.476   239   536 D MAL-Daemon:  (         mdmngr_task_hdl,   36) mdmngr_task_hdl(), receive event = 101 (vendor/mediatek/proprietary/frameworks/opt/mal/entity/mdmngr/mdmngr.c:36)
10-16 15:59:43.476   239   536 D MAL-Daemon:  (         mdmngr_task_hdl,   67) EVENT_MDMNGR_ATCMD_REQ@MDMNGR, priv_data = f751cdb8, channel = 3, cmd = (AT+CMEE=1) (vendor/mediatek/proprietary/frameworks/opt/mal/entity/mdmngr/mdmngr.c:67)
10-16 15:59:43.476   239   536 W MAL-Daemon:  (    mdfx_task_send_event,  636) mdfx_task_send_event(): [ACT] should NOT enter this leagcy API!!
10-16 15:59:43.476   239   552 E MAL-Daemon:  (void* rilproxy_task_hdl(,  439) rilproxy_task_hdl(), receive event = 401
10-16 15:59:43.478   239   552 E MAL-Daemon:  (void* rilproxy_task_hdl(,  505) RILD is disconnected
10-16 15:59:43.478   239   536 D MAL-Daemon:  (         mdmngr_task_hdl,   36) mdmngr_task_hdl(), receive event = 102 (vendor/mediatek/proprietary/frameworks/opt/mal/entity/mdmngr/mdmngr.c:36)
10-16 15:59:43.479   239   536 D MAL-Daemon:  (         mdmngr_task_hdl,  115) EVENT_MDMNGR_ATCMD_RESP@MDMNGR (vendor/mediatek/proprietary/frameworks/opt/mal/entity/mdmngr/mdmngr.c:115)
10-16 15:59:43.479   239   536 D MAL-Daemon:  (         mdmngr_task_hdl,  122) event_req = f751cdb8, ID = 101 (vendor/mediatek/proprietary/frameworks/opt/mal/entity/mdmngr/mdmngr.c:122)
10-16 15:59:43.479   239   536 D MAL-Daemon:  (         mdmngr_task_hdl,  125) atcmd_resp->priv_data = f751db60 (vendor/mediatek/proprietary/frameworks/opt/mal/entity/mdmngr/mdmngr.c:125)
10-16 15:59:43.481   239   553 E MAL-Daemon:  (     simmngr_cache_reply,  297) [SIM_MNGR]  297 EN_SIM:Non cache data request()!!
10-16 15:59:43.481   239   553 I MAL-Daemon:  (        simmngr_task_hdl, 1434) [SIM_MNGR] 1434 EN_SIM:EVENT_MDMNGR_ATCMD_RESP,event_id = 222, event_req = 0xf751db60, result = 5, str = ()
10-16 15:59:43.484   239   556 W MAL-Daemon:  (             simmngr_srv, 3509) [SIM_MNGR] 3509 EN_SIM:simmngr_srv() SIM SET CMEE FAIL,result=3,error code=100,continue to retry!!
10-16 15:59:43.586   239   553 E MAL-Daemon:  (     simmngr_cache_reply,  297) [SIM_MNGR]  297 EN_SIM:Non cache data request()!!
10-16 15:59:43.586   239   553 I MAL-Daemon:  (        simmngr_task_hdl, 1412) [SIM_MNGR] 1412 EN_SIM:atcmd = (AT+CMEE=1)
10-16 15:59:43.586   239   553 W MAL-Daemon:  (    mdfx_task_send_event,  636) mdfx_task_send_event(): [ACT] should NOT enter this leagcy API!!
10-16 15:59:43.587   239   536 D MAL-Daemon:  (         mdmngr_task_hdl,   36) mdmngr_task_hdl(), receive event = 101 (vendor/mediatek/proprietary/frameworks/opt/mal/entity/mdmngr/mdmngr.c:36)
10-16 15:59:43.587   239   536 D MAL-Daemon:  (         mdmngr_task_hdl,   67) EVENT_MDMNGR_ATCMD_REQ@MDMNGR, priv_data = f751a4c0, channel = 3, cmd = (AT+CMEE=1) (vendor/mediatek/proprietary/frameworks/opt/mal/entity/mdmngr/mdmngr.c:67)
10-16 15:59:43.587   239   536 W MAL-Daemon:  (    mdfx_task_send_event,  636) mdfx_task_send_event(): [ACT] should NOT enter this leagcy API!!
10-16 15:59:43.587   239   552 E MAL-Daemon:  (void* rilproxy_task_hdl(,  439) rilproxy_task_hdl(), receive event = 401
10-16 15:59:43.587   239   552 E MAL-Daemon:  (void* rilproxy_task_hdl(,  505) RILD is disconnected
10-16 15:59:43.588   239   536 D MAL-Daemon:  (         mdmngr_task_hdl,   36) mdmngr_task_hdl(), receive event = 102 (vendor/mediatek/proprietary/frameworks/opt/mal/entity/mdmngr/mdmngr.c:36)
10-16 15:59:43.588   239   536 D MAL-Daemon:  (         mdmngr_task_hdl,  115) EVENT_MDMNGR_ATCMD_RESP@MDMNGR (vendor/mediatek/proprietary/frameworks/opt/mal/entity/mdmngr/mdmngr.c:115)
10-16 15:59:43.588   239   536 D MAL-Daemon:  (         mdmngr_task_hdl,  122) event_req = f751a4c0, ID = 101 (vendor/mediatek/proprietary/frameworks/opt/mal/entity/mdmngr/mdmngr.c:122)
10-16 15:59:43.588   239   536 D MAL-Daemon:  (         mdmngr_task_hdl,  125) atcmd_resp->priv_data = f751b268 (vendor/mediatek/proprietary/frameworks/opt/mal/entity/mdmngr/mdmngr.c:125)
10-16 15:59:43.589   239   553 E MAL-Daemon:  (     simmngr_cache_reply,  297) [SIM_MNGR]  297 EN_SIM:Non cache data request()!!
10-16 15:59:43.589   239   553 I MAL-Daemon:  (        simmngr_task_hdl, 1434) [SIM_MNGR] 1434 EN_SIM:EVENT_MDMNGR_ATCMD_RESP,event_id = 222, event_req = 0xf751b268, result = 5, str = ()
10-16 15:59:43.589   239   556 W MAL-Daemon:  (             simmngr_srv, 3509) [SIM_MNGR] 3509 EN_SIM:simmngr_srv() SIM SET CMEE FAIL,result=3,error code=100,continue to retry!!
10-16 15:59:43.690   239   553 E MAL-Daemon:  (     simmngr_cache_reply,  297) [SIM_MNGR]  297 EN_SIM:Non cache data request()!!
10-16 15:59:43.690   239   553 I MAL-Daemon:  (        simmngr_task_hdl, 1412) [SIM_MNGR] 1412 EN_SIM:atcmd = (AT+CMEE=1)
10-16 15:59:43.690   239   553 W MAL-Daemon:  (    mdfx_task_send_event,  636) mdfx_task_send_event(): [ACT] should NOT enter this leagcy API!!
10-16 15:59:43.690   239   536 D MAL-Daemon:  (         mdmngr_task_hdl,   36) mdmngr_task_hdl(), receive event = 101 (vendor/mediatek/proprietary/frameworks/opt/mal/entity/mdmngr/mdmngr.c:36)
10-16 15:59:43.690   239   536 D MAL-Daemon:  (         mdmngr_task_hdl,   67) EVENT_MDMNGR_ATCMD_REQ@MDMNGR, priv_data = f751db60, channel = 3, cmd = (AT+CMEE=1) (vendor/mediatek/proprietary/frameworks/opt/mal/entity/mdmngr/mdmngr.c:67)
10-16 15:59:43.690   239   536 W MAL-Daemon:  (    mdfx_task_send_event,  636) mdfx_task_send_event(): [ACT] should NOT enter this leagcy API!!
10-16 15:59:43.691   239   552 E MAL-Daemon:  (void* rilproxy_task_hdl(,  439) rilproxy_task_hdl(), receive event = 401
10-16 15:59:43.691   239   552 E MAL-Daemon:  (void* rilproxy_task_hdl(,  505) RILD is disconnected
10-16 15:59:43.691   239   536 D MAL-Daemon:  (         mdmngr_task_hdl,   36) mdmngr_task_hdl(), receive event = 102 (vendor/mediatek/proprietary/frameworks/opt/mal/entity/mdmngr/mdmngr.c:36)
10-16 15:59:43.691   239   536 D MAL-Daemon:  (         mdmngr_task_hdl,  115) EVENT_MDMNGR_ATCMD_RESP@MDMNGR (vendor/mediatek/proprietary/frameworks/opt/mal/entity/mdmngr/mdmngr.c:115)
10-16 15:59:43.691   239   536 D MAL-Daemon:  (         mdmngr_task_hdl,  122) event_req = f751db60, ID = 101 (vendor/mediatek/proprietary/frameworks/opt/mal/entity/mdmngr/mdmngr.c:122)
10-16 15:59:43.691   239   536 D MAL-Daemon:  (         mdmngr_task_hdl,  125) atcmd_resp->priv_data = f751cdb8 (vendor/mediatek/proprietary/frameworks/opt/mal/entity/mdmngr/mdmngr.c:125)
10-16 15:59:43.691   239   553 E MAL-Daemon:  (     simmngr_cache_reply,  297) [SIM_MNGR]  297 EN_SIM:Non cache data request()!!
10-16 15:59:43.691   239   553 I MAL-Daemon:  (        simmngr_task_hdl, 1434) [SIM_MNGR] 1434 EN_SIM:EVENT_MDMNGR_ATCMD_RESP,event_id = 222, event_req = 0xf751cdb8, result = 5, str = ()
10-16 15:59:43.691   239   556 W MAL-Daemon:  (             simmngr_srv, 3509) [SIM_MNGR] 3509 EN_SIM:simmngr_srv() SIM SET CMEE FAIL,result=3,error code=100,continue to retry!!
10-16 15:59:43.792   239   553 E MAL-Daemon:  (     simmngr_cache_reply,  297) [SIM_MNGR]  297 EN_SIM:Non cache data request()!!
10-16 15:59:43.792   239   553 I MAL-Daemon:  (        simmngr_task_hdl, 1412) [SIM_MNGR] 1412 EN_SIM:atcmd = (AT+CMEE=1)
10-16 15:59:43.793   239   553 W MAL-Daemon:  (    mdfx_task_send_event,  636) mdfx_task_send_event(): [ACT] should NOT enter this leagcy API!!
10-16 15:59:43.793   239   536 D MAL-Daemon:  (         mdmngr_task_hdl,   36) mdmngr_task_hdl(), receive event = 101 (vendor/mediatek/proprietary/frameworks/opt/mal/entity/mdmngr/mdmngr.c:36)
10-16 15:59:43.793   239   536 D MAL-Daemon:  (         mdmngr_task_hdl,   67) EVENT_MDMNGR_ATCMD_REQ@MDMNGR, priv_data = f751b268, channel = 3, cmd = (AT+CMEE=1) (vendor/mediatek/proprietary/frameworks/opt/mal/entity/mdmngr/mdmngr.c:67)
10-16 15:59:43.793   239   536 W MAL-Daemon:  (    mdfx_task_send_event,  636) mdfx_task_send_event(): [ACT] should NOT enter this leagcy API!!
10-16 15:59:43.794   239   552 E MAL-Daemon:  (void* rilproxy_task_hdl(,  439) rilproxy_task_hdl(), receive event = 401
10-16 15:59:43.794   239   552 E MAL-Daemon:  (void* rilproxy_task_hdl(,  505) RILD is disconnected
10-16 15:59:43.796   239   536 D MAL-Daemon:  (         mdmngr_task_hdl,   36) mdmngr_task_hdl(), receive event = 102 (vendor/mediatek/proprietary/frameworks/opt/mal/entity/mdmngr/mdmngr.c:36)
10-16 15:59:43.796   239   536 D MAL-Daemon:  (         mdmngr_task_hdl,  115) EVENT_MDMNGR_ATCMD_RESP@MDMNGR (vendor/mediatek/proprietary/frameworks/opt/mal/entity/mdmngr/mdmngr.c:115)
10-16 15:59:43.796   239   536 D MAL-Daemon:  (         mdmngr_task_hdl,  122) event_req = f751b268, ID = 101 (vendor/mediatek/proprietary/frameworks/opt/mal/entity/mdmngr/mdmngr.c:122)
10-16 15:59:43.796   239   536 D MAL-Daemon:  (         mdmngr_task_hdl,  125) atcmd_resp->priv_data = f751a4c0 (vendor/mediatek/proprietary/frameworks/opt/mal/entity/mdmngr/mdmngr.c:125)
10-16 15:59:43.797   239   553 E MAL-Daemon:  (     simmngr_cache_reply,  297) [SIM_MNGR]  297 EN_SIM:Non cache data request()!!
10-16 15:59:43.798   239   553 I MAL-Daemon:  (        simmngr_task_hdl, 1434) [SIM_MNGR] 1434 EN_SIM:EVENT_MDMNGR_ATCMD_RESP,event_id = 222, event_req = 0xf751a4c0, result = 5, str = ()
10-16 15:59:43.798   239   556 W MAL-Daemon:  (             simmngr_srv, 3509) [SIM_MNGR] 3509 EN_SIM:simmngr_srv() SIM SET CMEE FAIL,result=3,error code=100,continue to retry!!
10-16 15:59:43.862  1925  1928 I PerfService: PerfServiceNative_getPackName
10-16 15:59:43.863   904  1553 I libPerfService: perfGetLastBoostPid 1631
10-16 15:59:43.863   904  1553 D PerfServiceManager: [PerfService] getLastBoostPid 1631 
10-16 15:59:43.863   904  1553 I libPerfService: perfGetLastBoostPid 1631
10-16 15:59:43.899   239   553 E MAL-Daemon:  (     simmngr_cache_reply,  297) [SIM_MNGR]  297 EN_SIM:Non cache data request()!!
10-16 15:59:43.900   239   553 I MAL-Daemon:  (        simmngr_task_hdl, 1412) [SIM_MNGR] 1412 EN_SIM:atcmd = (AT+CMEE=1)
10-16 15:59:43.900   239   553 W MAL-Daemon:  (    mdfx_task_send_event,  636) mdfx_task_send_event(): [ACT] should NOT enter this leagcy API!!
10-16 15:59:43.901   239   536 D MAL-Daemon:  (         mdmngr_task_hdl,   36) mdmngr_task_hdl(), receive event = 101 (vendor/mediatek/proprietary/frameworks/opt/mal/entity/mdmngr/mdmngr.c:36)
10-16 15:59:43.901   239   536 D MAL-Daemon:  (         mdmngr_task_hdl,   67) EVENT_MDMNGR_ATCMD_REQ@MDMNGR, priv_data = f751cdb8, channel = 3, cmd = (AT+CMEE=1) (vendor/mediatek/proprietary/frameworks/opt/mal/entity/mdmngr/mdmngr.c:67)
10-16 15:59:43.901   239   536 W MAL-Daemon:  (    mdfx_task_send_event,  636) mdfx_task_send_event(): [ACT] should NOT enter this leagcy API!!
10-16 15:59:43.902   239   552 E MAL-Daemon:  (void* rilproxy_task_hdl(,  439) rilproxy_task_hdl(), receive event = 401
10-16 15:59:43.902   239   552 E MAL-Daemon:  (void* rilproxy_task_hdl(,  505) RILD is disconnected
10-16 15:59:43.903   239   536 D MAL-Daemon:  (         mdmngr_task_hdl,   36) mdmngr_task_hdl(), receive event = 102 (vendor/mediatek/proprietary/frameworks/opt/mal/entity/mdmngr/mdmngr.c:36)
10-16 15:59:43.903   239   536 D MAL-Daemon:  (         mdmngr_task_hdl,  115) EVENT_MDMNGR_ATCMD_RESP@MDMNGR (vendor/mediatek/proprietary/frameworks/opt/mal/entity/mdmngr/mdmngr.c:115)
10-16 15:59:43.903   239   536 D MAL-Daemon:  (         mdmngr_task_hdl,  122) event_req = f751cdb8, ID = 101 (vendor/mediatek/proprietary/frameworks/opt/mal/entity/mdmngr/mdmngr.c:122)
10-16 15:59:43.904   239   536 D MAL-Daemon:  (         mdmngr_task_hdl,  125) atcmd_resp->priv_data = f751db60 (vendor/mediatek/proprietary/frameworks/opt/mal/entity/mdmngr/mdmngr.c:125)
10-16 15:59:43.905   239   553 E MAL-Daemon:  (     simmngr_cache_reply,  297) [SIM_MNGR]  297 EN_SIM:Non cache data request()!!
10-16 15:59:43.905   239   553 I MAL-Daemon:  (        simmngr_task_hdl, 1434) [SIM_MNGR] 1434 EN_SIM:EVENT_MDMNGR_ATCMD_RESP,event_id = 222, event_req = 0xf751db60, result = 5, str = ()
10-16 15:59:43.905   239   556 W MAL-Daemon:  (             simmngr_srv, 3509) [SIM_MNGR] 3509 EN_SIM:simmngr_srv() SIM SET CMEE FAIL,result=3,error code=100,continue to retry!!
10-16 15:59:43.962   904   904 E WifiTrafficPoller: TRAFFIC_STATS_POLL true Token 14 num clients 6
10-16 15:59:43.963   904   904 E WifiTrafficPoller:  packet count Tx=31 Rx=63
10-16 15:59:44.007   239   553 E MAL-Daemon:  (     simmngr_cache_reply,  297) [SIM_MNGR]  297 EN_SIM:Non cache data request()!!
10-16 15:59:44.007   239   553 I MAL-Daemon:  (        simmngr_task_hdl, 1412) [SIM_MNGR] 1412 EN_SIM:atcmd = (AT+CMEE=1)
10-16 15:59:44.007   239   553 W MAL-Daemon:  (    mdfx_task_send_event,  636) mdfx_task_send_event(): [ACT] should NOT enter this leagcy API!!
10-16 15:59:44.008   239   536 D MAL-Daemon:  (         mdmngr_task_hdl,   36) mdmngr_task_hdl(), receive event = 101 (vendor/mediatek/proprietary/frameworks/opt/mal/entity/mdmngr/mdmngr.c:36)
10-16 15:59:44.008   239   536 D MAL-Daemon:  (         mdmngr_task_hdl,   67) EVENT_MDMNGR_ATCMD_REQ@MDMNGR, priv_data = f751a4c0, channel = 3, cmd = (AT+CMEE=1) (vendor/mediatek/proprietary/frameworks/opt/mal/entity/mdmngr/mdmngr.c:67)
10-16 15:59:44.008   239   536 W MAL-Daemon:  (    mdfx_task_send_event,  636) mdfx_task_send_event(): [ACT] should NOT enter this leagcy API!!
10-16 15:59:44.008   239   552 E MAL-Daemon:  (void* rilproxy_task_hdl(,  439) rilproxy_task_hdl(), receive event = 401
10-16 15:59:44.009   239   552 E MAL-Daemon:  (void* rilproxy_task_hdl(,  505) RILD is disconnected
10-16 15:59:44.010   239   536 D MAL-Daemon:  (         mdmngr_task_hdl,   36) mdmngr_task_hdl(), receive event = 102 (vendor/mediatek/proprietary/frameworks/opt/mal/entity/mdmngr/mdmngr.c:36)
10-16 15:59:44.011   239   536 D MAL-Daemon:  (         mdmngr_task_hdl,  115) EVENT_MDMNGR_ATCMD_RESP@MDMNGR (vendor/mediatek/proprietary/frameworks/opt/mal/entity/mdmngr/mdmngr.c:115)
10-16 15:59:44.011   239   536 D MAL-Daemon:  (         mdmngr_task_hdl,  122) event_req = f751a4c0, ID = 101 (vendor/mediatek/proprietary/frameworks/opt/mal/entity/mdmngr/mdmngr.c:122)
10-16 15:59:44.011   239   536 D MAL-Daemon:  (         mdmngr_task_hdl,  125) atcmd_resp->priv_data = f751b268 (vendor/mediatek/proprietary/frameworks/opt/mal/entity/mdmngr/mdmngr.c:125)
10-16 15:59:44.011   239   553 E MAL-Daemon:  (     simmngr_cache_reply,  297) [SIM_MNGR]  297 EN_SIM:Non cache data request()!!
10-16 15:59:44.012   239   553 I MAL-Daemon:  (        simmngr_task_hdl, 1434) [SIM_MNGR] 1434 EN_SIM:EVENT_MDMNGR_ATCMD_RESP,event_id = 222, event_req = 0xf751b268, result = 5, str = ()
10-16 15:59:44.013   239   556 W MAL-Daemon:  (             simmngr_srv, 3509) [SIM_MNGR] 3509 EN_SIM:simmngr_srv() SIM SET CMEE FAIL,result=3,error code=100,continue to retry!!
10-16 15:59:44.088   904   904 D SettingsInterface:  from settings cache , name = sys_free_storage_log_interval , value = null
10-16 15:59:44.088   904   904 D SettingsInterface:  from settings cache , name = disk_free_change_reporting_threshold , value = null
10-16 15:59:44.114   239   553 E MAL-Daemon:  (     simmngr_cache_reply,  297) [SIM_MNGR]  297 EN_SIM:Non cache data request()!!
10-16 15:59:44.114   239   553 I MAL-Daemon:  (        simmngr_task_hdl, 1412) [SIM_MNGR] 1412 EN_SIM:atcmd = (AT+CMEE=1)
