10-16 15:54:35.138   904   968 D NetdConnector: RCV <- {613 IfaceClass active 1 551140328955 0}
10-16 15:54:35.138   904   923 D NetworkManagement: onEvent:613 IfaceClass active 1 551140328955 0:6
10-16 15:54:35.139   904   923 V ActivityManager: Broadcast: Intent { act=android.net.conn.DATA_ACTIVITY_CHANGE flg=0x10 (has extras) } ordered=true userid=-1 callerApp=ProcessRecord{51a6cc8 904:system/1000}
10-16 15:54:35.139   904   923 V ActivityManager: Broadcast sticky: Intent { act=android.net.conn.DATA_ACTIVITY_CHANGE_CT flg=0x10 (has extras) } ordered=false userid=-1 callerApp=ProcessRecord{51a6cc8 904:system/1000}
10-16 15:54:35.601   904   972 V ActivityManager: Broadcast sticky: Intent { act=android.net.wifi.RSSI_CHANGED flg=0x4000010 (has extras) } ordered=false userid=-1 callerApp=ProcessRecord{51a6cc8 904:system/1000}
10-16 15:54:35.757   904  1514 D BatteryService: Processing new values: chargerAcOnline=false, chargerUsbOnline=true, chargerWirelessOnline=false, batteryStatus=5, batteryHealth=2, batteryPresent=true, batteryLevel=100, batteryTechnology=Li-ion, batteryVoltage=4346, batteryTemperature=320, mBatteryLevelCritical=false, mPlugType=2
10-16 15:54:35.757   904  1514 D BatteryService: Sending ACTION_BATTERY_CHANGED.  level:100, scale:100, status:5, health:2, present:true, voltage: 4346, temperature: 320, technology: Li-ion, AC powered:false, USB powered:true, Wireless powered:false, icon:17303294, invalid charger:0, status_smb:1, present_smb:false,level_smb:50
10-16 15:54:35.758   904   904 V ActivityManager: Broadcast sticky: Intent { act=android.intent.action.BATTERY_CHANGED flg=0x60000010 (has extras) } ordered=false userid=-1 callerApp=null
10-16 15:54:35.761   904   929 D PowerManagerService: updateIsPoweredLocked: wasPowered=true, mIsPowered=true, oldPlugType=2, mPlugType=2, mBatteryLevel=100
10-16 15:54:35.765   904  1603 V SettingsProvider: name : key_battery_charge_status callingUid : 1000
10-16 15:54:35.767   904   904 D WifiService: onReceive, action:android.intent.action.BATTERY_CHANGED
10-16 15:54:35.768   904   974 D WifiController: DeviceActiveState{ when=0 what=155652 arg1=2 target=com.android.internal.util.StateMachine$SmHandler }
10-16 15:54:35.768   904   974 D WifiController: StaEnabledState{ when=0 what=155652 arg1=2 target=com.android.internal.util.StateMachine$SmHandler }
10-16 15:54:35.768   904   974 D WifiController: DefaultState{ when=0 what=155652 arg1=2 target=com.android.internal.util.StateMachine$SmHandler }
10-16 15:54:35.768   904   974 D WifiController: battery changed pluggedType: 2
10-16 15:54:35.770   904  1562 V SettingsProvider: packageValueForCallResult, name = star_power_save_mode, value : 0
10-16 15:54:35.781   904   914 V SettingsProvider: packageValueForCallResult, name = star_super_power_save_mode, value : 0
10-16 15:54:35.783   904  1553 V SettingsProvider: name : LavaBatteryLevel callingUid : 1000
10-16 15:54:35.785   904  1035 V ActivityManager: Broadcast: Intent { act=terminate_SwitchModeActivity flg=0x10 } ordered=false userid=0 callerApp=ProcessRecord{c9cd5ef 1055:com.android.systemui/u0a21}
10-16 15:54:35.788   904  1512 D BatteryService: Processing new values: chargerAcOnline=false, chargerUsbOnline=true, chargerWirelessOnline=false, batteryStatus=5, batteryHealth=2, batteryPresent=true, batteryLevel=100, batteryTechnology=Li-ion, batteryVoltage=4346, batteryTemperature=320, mBatteryLevelCritical=false, mPlugType=2
10-16 15:54:35.792   904  1608 D BatteryService: Processing new values: chargerAcOnline=false, chargerUsbOnline=true, chargerWirelessOnline=false, batteryStatus=5, batteryHealth=2, batteryPresent=true, batteryLevel=100, batteryTechnology=Li-ion, batteryVoltage=4346, batteryTemperature=320, mBatteryLevelCritical=false, mPlugType=2
10-16 15:54:35.797   904   915 D BatteryService: Processing new values: chargerAcOnline=false, chargerUsbOnline=true, chargerWirelessOnline=false, batteryStatus=5, batteryHealth=2, batteryPresent=true, batteryLevel=100, batteryTechnology=Li-ion, batteryVoltage=4346, batteryTemperature=320, mBatteryLevelCritical=false, mPlugType=2
10-16 15:54:38.668   904   972 V ActivityManager: Broadcast sticky: Intent { act=android.net.wifi.RSSI_CHANGED flg=0x4000010 (has extras) } ordered=false userid=-1 callerApp=ProcessRecord{51a6cc8 904:system/1000}
10-16 15:54:40.873   364   364 I sn      : Retry 55
10-16 15:54:40.874   364   364 I sn      : Fail to access err=2
10-16 15:54:40.875   364   364 I sn      : Fail to access err=2
10-16 15:54:40.875   364   364 I sn      : Fail to access err=2
10-16 15:54:40.875   364   364 I sn      : Check all possible paths
10-16 15:54:41.701   904   972 V ActivityManager: Broadcast sticky: Intent { act=android.net.wifi.RSSI_CHANGED flg=0x4000010 (has extras) } ordered=false userid=-1 callerApp=ProcessRecord{51a6cc8 904:system/1000}
10-16 15:54:44.734   904   972 V ActivityManager: Broadcast sticky: Intent { act=android.net.wifi.RSSI_CHANGED flg=0x4000010 (has extras) } ordered=false userid=-1 callerApp=ProcessRecord{51a6cc8 904:system/1000}
10-16 15:54:45.762   904   915 D BatteryService: Processing new values: chargerAcOnline=false, chargerUsbOnline=true, chargerWirelessOnline=false, batteryStatus=5, batteryHealth=2, batteryPresent=true, batteryLevel=100, batteryTechnology=Li-ion, batteryVoltage=4346, batteryTemperature=320, mBatteryLevelCritical=false, mPlugType=2
10-16 15:54:45.769   904  1556 D BatteryService: Processing new values: chargerAcOnline=false, chargerUsbOnline=true, chargerWirelessOnline=false, batteryStatus=5, batteryHealth=2, batteryPresent=true, batteryLevel=100, batteryTechnology=Li-ion, batteryVoltage=4346, batteryTemperature=320, mBatteryLevelCritical=false, mPlugType=2
10-16 15:54:45.781   904  1511 D BatteryService: Processing new values: chargerAcOnline=false, chargerUsbOnline=true, chargerWirelessOnline=false, batteryStatus=5, batteryHealth=2, batteryPresent=true, batteryLevel=100, batteryTechnology=Li-ion, batteryVoltage=4346, batteryTemperature=320, mBatteryLevelCritical=false, mPlugType=2
10-16 15:54:45.787   904  1514 D BatteryService: Processing new values: chargerAcOnline=false, chargerUsbOnline=true, chargerWirelessOnline=false, batteryStatus=5, batteryHealth=2, batteryPresent=true, batteryLevel=100, batteryTechnology=Li-ion, batteryVoltage=4346, batteryTemperature=320, mBatteryLevelCritical=false, mPlugType=2
10-16 15:54:46.826   904  1398 W Watchdog: SWT Watchdog after wait current time:562829
10-16 15:54:46.826   904  1398 W Watchdog: **Get SF Time **1
10-16 15:54:46.827   904  1398 W Watchdog: SWT Watchdog before synchronized:562830
10-16 15:54:46.827   904  1398 W Watchdog: SWT Watchdog after synchronized:562830
10-16 15:54:46.829   904  1398 W Watchdog: SWT Watchdog before wait timeout:30000
10-16 15:54:46.829   904  1398 W Watchdog: SWT Watchdog before wait current time:562832
10-16 15:54:46.829   904  1398 W Watchdog: SWT Watchdog before wait start:562832
10-16 15:54:46.829   904  1398 W Watchdog: SWT Watchdog before wait CHECK_INTERVAL:30000
10-16 15:54:47.743   904   972 V ActivityManager: Broadcast sticky: Intent { act=android.net.wifi.RSSI_CHANGED flg=0x4000010 (has extras) } ordered=false userid=-1 callerApp=ProcessRecord{51a6cc8 904:system/1000}
10-16 15:54:47.856   330   896 D SocketClient: SocketClient sendData done: 600 Iface linkstate wlan0 up
10-16 15:54:47.858   904   968 D NetdConnector: RCV <- {600 Iface linkstate wlan0 up}
10-16 15:54:47.860   904   923 D NetworkManagement: onEvent:600 Iface linkstate wlan0 up:5
10-16 15:54:50.157   330   895 D SocketClient: SocketClient sendData done: 613 IfaceClass idle 1 566160127263
10-16 15:54:50.158   904   968 D NetdConnector: RCV <- {613 IfaceClass idle 1 566160127263}
10-16 15:54:50.160   904   923 D NetworkManagement: onEvent:613 IfaceClass idle 1 566160127263:5
10-16 15:54:50.161   904   923 V ActivityManager: Broadcast: Intent { act=android.net.conn.DATA_ACTIVITY_CHANGE flg=0x10 (has extras) } ordered=true userid=-1 callerApp=ProcessRecord{51a6cc8 904:system/1000}
10-16 15:54:50.165   904   923 V ActivityManager: Broadcast sticky: Intent { act=android.net.conn.DATA_ACTIVITY_CHANGE_CT flg=0x10 (has extras) } ordered=false userid=-1 callerApp=ProcessRecord{51a6cc8 904:system/1000}
10-16 15:54:50.786   904   972 V ActivityManager: Broadcast sticky: Intent { act=android.net.wifi.RSSI_CHANGED flg=0x4000010 (has extras) } ordered=false userid=-1 callerApp=ProcessRecord{51a6cc8 904:system/1000}
10-16 15:54:50.875   364   364 I sn      : Retry 56
10-16 15:54:50.880   364   364 I sn      : Fail to access err=2
10-16 15:54:50.882   364   364 I sn      : Fail to access err=2
10-16 15:54:50.882   364   364 I sn      : Fail to access err=2
10-16 15:54:50.882   364   364 I sn      : Check all possible paths
10-16 15:54:53.819   904   975 D ConnectivityService: updateNetworkScore for NetworkAgentInfo [WIFI () - 1000] to 56
10-16 15:54:53.819   904   975 D ConnectivityService: rematching NetworkAgentInfo [WIFI () - 1000]
10-16 15:54:53.819   904   975 D ConnectivityService:  network has: [ Transports: WIFI Capabilities: INTERNET&NOT_RESTRICTED&TRUSTED&NOT_VPN&VALIDATED LinkUpBandwidth>=1048576Kbps LinkDnBandwidth>=1048576Kbps SignalStrength: -69]
10-16 15:54:53.819   904   975 D ConnectivityService: Network NetworkAgentInfo [WIFI () - 1000] was already satisfying request 1. No change.
10-16 15:54:53.819   904   975 D ConnectivityService:   checking if request is satisfied: NetworkRequest [ id=4, legacyType=-1, [ Transports: WIFI Capabilities: NOT_RESTRICTED&TRUSTED&NOT_VPN&VALIDATED] ]
10-16 15:54:53.819   904   975 D ConnectivityService:   checking if request is satisfied: NetworkRequest [ id=3, legacyType=-1, [] ]
10-16 15:54:53.820   904   975 D ConnectivityService: sending new Min Network Score(56): NetworkRequest [ id=1, legacyType=-1, [ Capabilities: INTERNET&NOT_RESTRICTED&TRUSTED&NOT_VPN] ]
10-16 15:54:53.826   904   972 V ActivityManager: Broadcast sticky: Intent { act=android.net.wifi.RSSI_CHANGED flg=0x4000010 (has extras) } ordered=false userid=-1 callerApp=ProcessRecord{51a6cc8 904:system/1000}
10-16 15:54:55.088   330   895 D SocketClient: SocketClient sendData done: 613 IfaceClass active 1 571090625263 0
10-16 15:54:55.090   904   968 D NetdConnector: RCV <- {613 IfaceClass active 1 571090625263 0}
10-16 15:54:55.092   904   923 D NetworkManagement: onEvent:613 IfaceClass active 1 571090625263 0:6
10-16 15:54:55.094   904   923 V ActivityManager: Broadcast: Intent { act=android.net.conn.DATA_ACTIVITY_CHANGE flg=0x10 (has extras) } ordered=true userid=-1 callerApp=ProcessRecord{51a6cc8 904:system/1000}
10-16 15:54:55.100   904   923 V ActivityManager: Broadcast sticky: Intent { act=android.net.conn.DATA_ACTIVITY_CHANGE_CT flg=0x10 (has extras) } ordered=false userid=-1 callerApp=ProcessRecord{51a6cc8 904:system/1000}
10-16 15:54:55.748   904   914 D BatteryService: Processing new values: chargerAcOnline=false, chargerUsbOnline=true, chargerWirelessOnline=false, batteryStatus=5, batteryHealth=2, batteryPresent=true, batteryLevel=100, batteryTechnology=Li-ion, batteryVoltage=4346, batteryTemperature=320, mBatteryLevelCritical=false, mPlugType=2
10-16 15:54:55.749   904   914 D BatteryService: Processing new values: chargerAcOnline=false, chargerUsbOnline=true, chargerWirelessOnline=false, batteryStatus=5, batteryHealth=2, batteryPresent=true, batteryLevel=100, batteryTechnology=Li-ion, batteryVoltage=4346, batteryTemperature=320, mBatteryLevelCritical=false, mPlugType=2
10-16 15:54:55.750   904   914 D BatteryService: Processing new values: chargerAcOnline=false, chargerUsbOnline=true, chargerWirelessOnline=false, batteryStatus=5, batteryHealth=2, batteryPresent=true, batteryLevel=100, batteryTechnology=Li-ion, batteryVoltage=4346, batteryTemperature=320, mBatteryLevelCritical=false, mPlugType=2
10-16 15:54:55.753   904  1553 D BatteryService: Processing new values: chargerAcOnline=false, chargerUsbOnline=true, chargerWirelessOnline=false, batteryStatus=5, batteryHealth=2, batteryPresent=true, batteryLevel=100, batteryTechnology=Li-ion, batteryVoltage=4346, batteryTemperature=320, mBatteryLevelCritical=false, mPlugType=2
10-16 15:54:56.840   904   972 V ActivityManager: Broadcast sticky: Intent { act=android.net.wifi.RSSI_CHANGED flg=0x4000010 (has extras) } ordered=false userid=-1 callerApp=ProcessRecord{51a6cc8 904:system/1000}
10-16 15:54:59.870   904   972 V ActivityManager: Broadcast sticky: Intent { act=android.net.wifi.RSSI_CHANGED flg=0x4000010 (has extras) } ordered=false userid=-1 callerApp=ProcessRecord{51a6cc8 904:system/1000}
10-16 15:55:00.001   904   962 D AlarmManager: set alarm to RTC 877003
10-16 15:55:00.001   904   962 V SettingsProvider: packageValueForCallResult, name = background_power_saving_enable, value : 1
10-16 15:55:00.001   904   962 D DataShapingService: Alarm manager openLteDataUpLinkGate: false
10-16 15:55:00.001   904   962 V AlarmManager: openLteGateSuccess = false
10-16 15:55:00.002   904   962 V ActivityManager: Broadcast: Intent { act=android.intent.action.TIME_TICK flg=0x50000114 (has extras) } ordered=true userid=-1 callerApp=null
10-16 15:55:00.012   904  1549 V SettingsProvider: packageValueForCallResult, name = time_12_24, value : 12
10-16 15:55:00.015   904   962 V AlarmManager: sending alarm Alarm{b071e4 type 3 when 576004 android} success
10-16 15:55:00.016   904   962 D PowerManagerService: acquireWakeLockInternal: lock=111214972, flags=0x40000001, tag="*alarm*", ws=WorkSource{1000}, uid=1000, pid=904
10-16 15:55:00.016   904   962 D PowerManagerService: updateWakeLockSummaryLocked: mWakefulness=Awake, mWakeLockSummary=0x1
10-16 15:55:00.017   904   962 D PowerManagerService: updateUserActivitySummaryLocked: mWakefulness=Awake, mUserActivitySummary=0x4, nextTimeout=-1 (576021 ms ago)
10-16 15:55:00.017   904   962 D DisplayPowerController: requestPowerState: policy=DIM, useProximitySensor=false, screenBrightness=173, screenAutoBrightnessAdjustment=0.0, brightnessSetByUser=true, useAutoBrightness=false, blockScreenOn=false, lowPowerMode=false, boostScreenBrightness=false, dozeScreenBrightness=-1, dozeScreenState=UNKNOWN, waitForNegativeProximity=false
10-16 15:55:00.017   904   962 I PowerManagerService: setBrightness mButtonLight 0.
10-16 15:55:00.018   904   962 D PowerManagerService: updateDisplayPowerStateLocked: mDisplayReady=true, policy=2, mWakefulness=1, mWakeLockSummary=0x1, mUserActivitySummary=0x4, mBootCompleted=true, mScreenBrightnessBoostInProgress=false
10-16 15:55:00.033   904   962 D PowerManagerService: Acquiring suspend blocker "PowerManagerService.WakeLocks".
10-16 15:55:00.033   904   962 D PowerManagerNotifier: onWakeLockAcquired: flags=1073741825, tag="*alarm*", packageName=android, ownerUid=1000, ownerPid=904, workSource=WorkSource{1000}
10-16 15:55:00.036  2078  2078 D ActivityThread: BDC-Calling finishReceiver: IIntentReceiver=eda125f
10-16 15:55:00.039   904   904 V AlarmManager: APP set(PendingIntent{fc57fcf: PendingIntentRecord{d22ad5c android broadcastIntent}}) : type=3 triggerAtTime=636003 win=0 tElapsed=636003 maxElapsed=636003 interval=0 flags=0x1
10-16 15:55:00.042   904   904 D AlarmManager:  whichBatch = -1
10-16 15:55:00.042   904   904 D AlarmManager: set alarm to RTC 636003
10-16 15:55:00.042   904   904 D ActivityThread: BDC-Calling finishReceiver: IIntentReceiver=805de30
10-16 15:55:00.043  1055  1055 D ActivityThread: BDC-Calling finishReceiver: IIntentReceiver=2c19176
10-16 15:55:00.050  1055  1055 D ActivityThread: BDC-Calling finishReceiver: IIntentReceiver=2a5594e
10-16 15:55:00.052  1055  1055 D ActivityThread: BDC-Calling finishReceiver: IIntentReceiver=1f0fa6f
10-16 15:55:00.057  1055  1055 D ActivityThread: BDC-Calling finishReceiver: IIntentReceiver=c2a37c
10-16 15:55:00.062  1055  1055 D ActivityThread: BDC-Calling finishReceiver: IIntentReceiver=e979405
10-16 15:55:00.085  1055  1055 D ActivityThread: BDC-Calling finishReceiver: IIntentReceiver=681bc5a
10-16 15:55:00.089  1055  1055 D ActivityThread: BDC-Calling finishReceiver: IIntentReceiver=43cce8b
10-16 15:55:00.093  1055  1055 D ActivityThread: BDC-Calling finishReceiver: IIntentReceiver=f547b68
10-16 15:55:00.098  1055  1055 D ActivityThread: BDC-Calling finishReceiver: IIntentReceiver=f026b81
10-16 15:55:00.104  1055  1055 D ActivityThread: BDC-Calling finishReceiver: IIntentReceiver=78f4426
10-16 15:55:00.115  1055  1055 D ActivityThread: BDC-Calling finishReceiver: IIntentReceiver=a27c867
10-16 15:55:00.149  1055  1055 D ActivityThread: BDC-Calling finishReceiver: IIntentReceiver=be93ebd
10-16 15:55:00.175  1055  1055 D ActivityThread: BDC-Calling finishReceiver: IIntentReceiver=3de8403
10-16 15:55:00.199  1055  1055 D ActivityThread: BDC-Calling finishReceiver: IIntentReceiver=57009b9
10-16 15:55:00.201   904   904 D AlarmManager: onSendFinished begin
10-16 15:55:00.202   904   904 D PowerManagerService: releaseWakeLockInternal: lock=111214972 [*alarm*], flags=0x0, total_time=186ms
10-16 15:55:00.202   904   904 D PowerManagerNotifier: onWakeLockReleased: flags=1073741825, tag="*alarm*", packageName=android, ownerUid=1000, ownerPid=904, workSource=WorkSource{1000}
10-16 15:55:00.202   904   904 D PowerManagerService: updateWakeLockSummaryLocked: mWakefulness=Awake, mWakeLockSummary=0x0
10-16 15:55:00.202   904   904 D PowerManagerService: updateUserActivitySummaryLocked: mWakefulness=Awake, mUserActivitySummary=0x4, nextTimeout=-1 (576206 ms ago)
10-16 15:55:00.202   904   904 D DisplayPowerController: requestPowerState: policy=DIM, useProximitySensor=false, screenBrightness=173, screenAutoBrightnessAdjustment=0.0, brightnessSetByUser=true, useAutoBrightness=false, blockScreenOn=false, lowPowerMode=false, boostScreenBrightness=false, dozeScreenBrightness=-1, dozeScreenState=UNKNOWN, waitForNegativeProximity=false
10-16 15:55:00.202   904   904 I PowerManagerService: setBrightness mButtonLight 0.
10-16 15:55:00.203   904   904 D PowerManagerService: updateDisplayPowerStateLocked: mDisplayReady=true, policy=2, mWakefulness=1, mWakeLockSummary=0x0, mUserActivitySummary=0x4, mBootCompleted=true, mScreenBrightnessBoostInProgress=false
10-16 15:55:00.203   904   904 D PowerManagerService: Releasing suspend blocker "PowerManagerService.WakeLocks".
10-16 15:55:00.882   364   364 I sn      : Retry 57
10-16 15:55:00.883   364   364 I sn      : Fail to access err=2
10-16 15:55:00.884   364   364 I sn      : Fail to access err=2
10-16 15:55:00.884   364   364 I sn      : Fail to access err=2
10-16 15:55:00.885   364   364 I sn      : Check all possible paths
10-16 15:55:02.941   904   972 V ActivityManager: Broadcast sticky: Intent { act=android.net.wifi.RSSI_CHANGED flg=0x4000010 (has extras) } ordered=false userid=-1 callerApp=ProcessRecord{51a6cc8 904:system/1000}
10-16 15:55:05.784   904  1511 D BatteryService: Processing new values: chargerAcOnline=false, chargerUsbOnline=true, chargerWirelessOnline=false, batteryStatus=5, batteryHealth=2, batteryPresent=true, batteryLevel=100, batteryTechnology=Li-ion, batteryVoltage=4346, batteryTemperature=320, mBatteryLevelCritical=false, mPlugType=2
10-16 15:55:05.790   904  1514 D BatteryService: Processing new values: chargerAcOnline=false, chargerUsbOnline=true, chargerWirelessOnline=false, batteryStatus=5, batteryHealth=2, batteryPresent=true, batteryLevel=100, batteryTechnology=Li-ion, batteryVoltage=4346, batteryTemperature=320, mBatteryLevelCritical=false, mPlugType=2
10-16 15:55:05.794   904  1603 D BatteryService: Processing new values: chargerAcOnline=false, chargerUsbOnline=true, chargerWirelessOnline=false, batteryStatus=5, batteryHealth=2, batteryPresent=true, batteryLevel=100, batteryTechnology=Li-ion, batteryVoltage=4346, batteryTemperature=320, mBatteryLevelCritical=false, mPlugType=2
10-16 15:55:05.798   904  1562 D BatteryService: Processing new values: chargerAcOnline=false, chargerUsbOnline=true, chargerWirelessOnline=false, batteryStatus=5, batteryHealth=2, batteryPresent=true, batteryLevel=100, batteryTechnology=Li-ion, batteryVoltage=4346, batteryTemperature=320, mBatteryLevelCritical=false, mPlugType=2
10-16 15:55:05.965   904   972 V ActivityManager: Broadcast sticky: Intent { act=android.net.wifi.RSSI_CHANGED flg=0x4000010 (has extras) } ordered=false userid=-1 callerApp=ProcessRecord{51a6cc8 904:system/1000}
10-16 15:55:07.875   330   896 D SocketClient: SocketClient sendData done: 600 Iface linkstate wlan0 up
10-16 15:55:07.875   904   968 D NetdConnector: RCV <- {600 Iface linkstate wlan0 up}
10-16 15:55:07.876   904   923 D NetworkManagement: onEvent:600 Iface linkstate wlan0 up:5
10-16 15:55:07.997   904   972 V ActivityManager: Broadcast: Intent { act=android.net.wifi.SCAN_RESULTS flg=0x4000010 (has extras) } ordered=false userid=-1 callerApp=ProcessRecord{51a6cc8 904:system/1000}
10-16 15:55:07.999   904   904 I WifiNotificationController: checkAndSetNotification, state:CONNECTED
10-16 15:55:09.002   904   972 V ActivityManager: Broadcast sticky: Intent { act=android.net.wifi.RSSI_CHANGED flg=0x4000010 (has extras) } ordered=false userid=-1 callerApp=ProcessRecord{51a6cc8 904:system/1000}
10-16 15:55:10.117   330   895 D SocketClient: SocketClient sendData done: 613 IfaceClass idle 1 586120223264
10-16 15:55:10.118   904   968 D NetdConnector: RCV <- {613 IfaceClass idle 1 586120223264}
10-16 15:55:10.120   904   923 D NetworkManagement: onEvent:613 IfaceClass idle 1 586120223264:5
10-16 15:55:10.120   904   923 V ActivityManager: Broadcast: Intent { act=android.net.conn.DATA_ACTIVITY_CHANGE flg=0x10 (has extras) } ordered=true userid=-1 callerApp=ProcessRecord{51a6cc8 904:system/1000}
10-16 15:55:10.125   904   923 V ActivityManager: Broadcast sticky: Intent { act=android.net.conn.DATA_ACTIVITY_CHANGE_CT flg=0x10 (has extras) } ordered=false userid=-1 callerApp=ProcessRecord{51a6cc8 904:system/1000}
10-16 15:55:10.885   364   364 I sn      : Retry 58
10-16 15:55:10.889   364   364 I sn      : Fail to access err=2
10-16 15:55:10.891   364   364 I sn      : Fail to access err=2
10-16 15:55:10.891   364   364 I sn      : Fail to access err=2
10-16 15:55:10.891   364   364 I sn      : Check all possible paths
10-16 15:55:12.054   904   972 V ActivityManager: Broadcast sticky: Intent { act=android.net.wifi.RSSI_CHANGED flg=0x4000010 (has extras) } ordered=false userid=-1 callerApp=ProcessRecord{51a6cc8 904:system/1000}
10-16 15:55:15.048   330   895 D SocketClient: SocketClient sendData done: 613 IfaceClass active 1 591050646649 0
10-16 15:55:15.050   904   968 D NetdConnector: RCV <- {613 IfaceClass active 1 591050646649 0}
10-16 15:55:15.051   904   923 D NetworkManagement: onEvent:613 IfaceClass active 1 591050646649 0:6
10-16 15:55:15.052   904   923 V ActivityManager: Broadcast: Intent { act=android.net.conn.DATA_ACTIVITY_CHANGE flg=0x10 (has extras) } ordered=true userid=-1 callerApp=ProcessRecord{51a6cc8 904:system/1000}
10-16 15:55:15.060   904   923 V ActivityManager: Broadcast sticky: Intent { act=android.net.conn.DATA_ACTIVITY_CHANGE_CT flg=0x10 (has extras) } ordered=false userid=-1 callerApp=ProcessRecord{51a6cc8 904:system/1000}
10-16 15:55:15.099   904   972 V ActivityManager: Broadcast sticky: Intent { act=android.net.wifi.RSSI_CHANGED flg=0x4000010 (has extras) } ordered=false userid=-1 callerApp=ProcessRecord{51a6cc8 904:system/1000}
10-16 15:55:15.756   904  1553 D BatteryService: Processing new values: chargerAcOnline=false, chargerUsbOnline=true, chargerWirelessOnline=false, batteryStatus=5, batteryHealth=2, batteryPresent=true, batteryLevel=100, batteryTechnology=Li-ion, batteryVoltage=4346, batteryTemperature=320, mBatteryLevelCritical=false, mPlugType=2
10-16 15:55:15.780   904  1512 D BatteryService: Processing new values: chargerAcOnline=false, chargerUsbOnline=true, chargerWirelessOnline=false, batteryStatus=5, batteryHealth=2, batteryPresent=true, batteryLevel=100, batteryTechnology=Li-ion, batteryVoltage=4346, batteryTemperature=320, mBatteryLevelCritical=false, mPlugType=2
10-16 15:55:15.784   904   918 D BatteryService: Processing new values: chargerAcOnline=false, chargerUsbOnline=true, chargerWirelessOnline=false, batteryStatus=5, batteryHealth=2, batteryPresent=true, batteryLevel=100, batteryTechnology=Li-ion, batteryVoltage=4347, batteryTemperature=320, mBatteryLevelCritical=false, mPlugType=2
10-16 15:55:15.785   904   918 D BatteryService: Sending ACTION_BATTERY_CHANGED.  level:100, scale:100, status:5, health:2, present:true, voltage: 4347, temperature: 320, technology: Li-ion, AC powered:false, USB powered:true, Wireless powered:false, icon:17303294, invalid charger:0, status_smb:1, present_smb:false,level_smb:50
10-16 15:55:15.785   904   904 V ActivityManager: Broadcast sticky: Intent { act=android.intent.action.BATTERY_CHANGED flg=0x60000010 (has extras) } ordered=false userid=-1 callerApp=null
10-16 15:55:15.788   904   929 D PowerManagerService: updateIsPoweredLocked: wasPowered=true, mIsPowered=true, oldPlugType=2, mPlugType=2, mBatteryLevel=100
10-16 15:55:15.793   904  1035 V SettingsProvider: name : key_battery_charge_status callingUid : 1000
10-16 15:55:15.797   904   904 D WifiService: onReceive, action:android.intent.action.BATTERY_CHANGED
10-16 15:55:15.797   904   974 D WifiController: DeviceActiveState{ when=0 what=155652 arg1=2 target=com.android.internal.util.StateMachine$SmHandler }
10-16 15:55:15.797   904   974 D WifiController: StaEnabledState{ when=-1ms what=155652 arg1=2 target=com.android.internal.util.StateMachine$SmHandler }
10-16 15:55:15.798   904   974 D WifiController: DefaultState{ when=-1ms what=155652 arg1=2 target=com.android.internal.util.StateMachine$SmHandler }
10-16 15:55:15.798   904   974 D WifiController: battery changed pluggedType: 2
10-16 15:55:15.799   904  1514 V SettingsProvider: packageValueForCallResult, name = star_power_save_mode, value : 0
10-16 15:55:15.800   904  1603 V SettingsProvider: packageValueForCallResult, name = star_super_power_save_mode, value : 0
10-16 15:55:15.801   904  1562 V SettingsProvider: name : LavaBatteryLevel callingUid : 1000
10-16 15:55:15.807   904  1036 V ActivityManager: Broadcast: Intent { act=terminate_SwitchModeActivity flg=0x10 } ordered=false userid=0 callerApp=ProcessRecord{c9cd5ef 1055:com.android.systemui/u0a21}
10-16 15:55:15.813   904   914 D BatteryService: Processing new values: chargerAcOnline=false, chargerUsbOnline=true, chargerWirelessOnline=false, batteryStatus=5, batteryHealth=2, batteryPresent=true, batteryLevel=100, batteryTechnology=Li-ion, batteryVoltage=4347, batteryTemperature=320, mBatteryLevelCritical=false, mPlugType=2
10-16 15:55:16.833   904  1398 W Watchdog: SWT Watchdog after wait current time:592836
10-16 15:55:16.834   904  1398 W Watchdog: **Get SF Time **1
10-16 15:55:16.834   904  1398 W Watchdog: SWT Watchdog before synchronized:592838
10-16 15:55:16.835   904  1398 W Watchdog: SWT Watchdog after synchronized:592838
10-16 15:55:16.837   904  1398 W Watchdog: SWT Watchdog before wait timeout:30000
10-16 15:55:16.838   904  1398 W Watchdog: SWT Watchdog before wait current time:592841
10-16 15:55:16.838   904  1398 W Watchdog: SWT Watchdog before wait start:592841
10-16 15:55:16.838   904  1398 W Watchdog: SWT Watchdog before wait CHECK_INTERVAL:30000
10-16 15:55:18.152   904   972 V ActivityManager: Broadcast sticky: Intent { act=android.net.wifi.RSSI_CHANGED flg=0x4000010 (has extras) } ordered=false userid=-1 callerApp=ProcessRecord{51a6cc8 904:system/1000}
10-16 15:55:20.891   364   364 I sn      : Retry 59
10-16 15:55:20.892   364   364 I sn      : Fail to access err=2
10-16 15:55:20.892   364   364 I sn      : Fail to access err=2
10-16 15:55:20.892   364   364 I sn      : Fail to access err=2
10-16 15:55:20.892   364   364 I sn      : Check all possible paths
10-16 15:55:21.180   904   972 V ActivityManager: Broadcast sticky: Intent { act=android.net.wifi.RSSI_CHANGED flg=0x4000010 (has extras) } ordered=false userid=-1 callerApp=ProcessRecord{51a6cc8 904:system/1000}
10-16 15:55:24.210   904   972 V ActivityManager: Broadcast sticky: Intent { act=android.net.wifi.RSSI_CHANGED flg=0x4000010 (has extras) } ordered=false userid=-1 callerApp=ProcessRecord{51a6cc8 904:system/1000}
10-16 15:55:25.774   904  1512 D BatteryService: Processing new values: chargerAcOnline=false, chargerUsbOnline=true, chargerWirelessOnline=false, batteryStatus=5, batteryHealth=2, batteryPresent=true, batteryLevel=100, batteryTechnology=Li-ion, batteryVoltage=4347, batteryTemperature=320, mBatteryLevelCritical=false, mPlugType=2
10-16 15:55:25.789   904   918 D BatteryService: Processing new values: chargerAcOnline=false, chargerUsbOnline=true, chargerWirelessOnline=false, batteryStatus=5, batteryHealth=2, batteryPresent=true, batteryLevel=100, batteryTechnology=Li-ion, batteryVoltage=4347, batteryTemperature=320, mBatteryLevelCritical=false, mPlugType=2
10-16 15:55:25.795   904  1035 D BatteryService: Processing new values: chargerAcOnline=false, chargerUsbOnline=true, chargerWirelessOnline=false, batteryStatus=5, batteryHealth=2, batteryPresent=true, batteryLevel=100, batteryTechnology=Li-ion, batteryVoltage=4348, batteryTemperature=320, mBatteryLevelCritical=false, mPlugType=2
10-16 15:55:25.796   904  1035 D BatteryService: Sending ACTION_BATTERY_CHANGED.  level:100, scale:100, status:5, health:2, present:true, voltage: 4348, temperature: 320, technology: Li-ion, AC powered:false, USB powered:true, Wireless powered:false, icon:17303294, invalid charger:0, status_smb:1, present_smb:false,level_smb:50
10-16 15:55:25.807   904   904 V ActivityManager: Broadcast sticky: Intent { act=android.intent.action.BATTERY_CHANGED flg=0x60000010 (has extras) } ordered=false userid=-1 callerApp=null
10-16 15:55:25.814   904  1608 V SettingsProvider: name : key_battery_charge_status callingUid : 1000
10-16 15:55:25.817   904   904 D WifiService: onReceive, action:android.intent.action.BATTERY_CHANGED
10-16 15:55:25.817   904   974 D WifiController: DeviceActiveState{ when=0 what=155652 arg1=2 target=com.android.internal.util.StateMachine$SmHandler }
10-16 15:55:25.817   904   974 D WifiController: StaEnabledState{ when=0 what=155652 arg1=2 target=com.android.internal.util.StateMachine$SmHandler }
10-16 15:55:25.817   904   974 D WifiController: DefaultState{ when=0 what=155652 arg1=2 target=com.android.internal.util.StateMachine$SmHandler }
10-16 15:55:25.817   904   974 D WifiController: battery changed pluggedType: 2
10-16 15:55:25.818   904  1514 V SettingsProvider: packageValueForCallResult, name = star_power_save_mode, value : 0
10-16 15:55:25.819   904  1603 V SettingsProvider: packageValueForCallResult, name = star_super_power_save_mode, value : 0
10-16 15:55:25.821   904  1562 V SettingsProvider: name : LavaBatteryLevel callingUid : 1000
10-16 15:55:25.821   904   929 D PowerManagerService: updateIsPoweredLocked: wasPowered=true, mIsPowered=true, oldPlugType=2, mPlugType=2, mBatteryLevel=100
10-16 15:55:25.822   904  1036 V ActivityManager: Broadcast: Intent { act=terminate_SwitchModeActivity flg=0x10 } ordered=false userid=0 callerApp=ProcessRecord{c9cd5ef 1055:com.android.systemui/u0a21}
10-16 15:55:25.829   904   914 D BatteryService: Processing new values: chargerAcOnline=false, chargerUsbOnline=true, chargerWirelessOnline=false, batteryStatus=5, batteryHealth=2, batteryPresent=true, batteryLevel=100, batteryTechnology=Li-ion, batteryVoltage=4348, batteryTemperature=320, mBatteryLevelCritical=false, mPlugType=2
10-16 15:55:27.238   904   972 V ActivityManager: Broadcast sticky: Intent { act=android.net.wifi.RSSI_CHANGED flg=0x4000010 (has extras) } ordered=false userid=-1 callerApp=ProcessRecord{51a6cc8 904:system/1000}
10-16 15:55:29.189   330   896 D SocketClient: SocketClient sendData done: 600 Iface linkstate wlan0 up
10-16 15:55:29.190   904   968 D NetdConnector: RCV <- {600 Iface linkstate wlan0 up}
10-16 15:55:29.192   904   923 D NetworkManagement: onEvent:600 Iface linkstate wlan0 up:5
10-16 15:55:30.077   330   895 D SocketClient: SocketClient sendData done: 613 IfaceClass idle 1 606080163958
10-16 15:55:30.078   904   968 D NetdConnector: RCV <- {613 IfaceClass idle 1 606080163958}
10-16 15:55:30.079   904   923 D NetworkManagement: onEvent:613 IfaceClass idle 1 606080163958:5
10-16 15:55:30.080   904   923 V ActivityManager: Broadcast: Intent { act=android.net.conn.DATA_ACTIVITY_CHANGE flg=0x10 (has extras) } ordered=true userid=-1 callerApp=ProcessRecord{51a6cc8 904:system/1000}
10-16 15:55:30.082   904   923 V ActivityManager: Broadcast sticky: Intent { act=android.net.conn.DATA_ACTIVITY_CHANGE_CT flg=0x10 (has extras) } ordered=false userid=-1 callerApp=ProcessRecord{51a6cc8 904:system/1000}
10-16 15:55:30.289   904   972 V ActivityManager: Broadcast sticky: Intent { act=android.net.wifi.RSSI_CHANGED flg=0x4000010 (has extras) } ordered=false userid=-1 callerApp=ProcessRecord{51a6cc8 904:system/1000}
10-16 15:55:33.310   904   972 V ActivityManager: Broadcast sticky: Intent { act=android.net.wifi.RSSI_CHANGED flg=0x4000010 (has extras) } ordered=false userid=-1 callerApp=ProcessRecord{51a6cc8 904:system/1000}
10-16 15:55:35.107   330   895 D SocketClient: SocketClient sendData done: 613 IfaceClass active 1 611110319650 0
10-16 15:55:35.108   904   968 D NetdConnector: RCV <- {613 IfaceClass active 1 611110319650 0}
10-16 15:55:35.108   904   923 D NetworkManagement: onEvent:613 IfaceClass active 1 611110319650 0:6
10-16 15:55:35.109   904   923 V ActivityManager: Broadcast: Intent { act=android.net.conn.DATA_ACTIVITY_CHANGE flg=0x10 (has extras) } ordered=true userid=-1 callerApp=ProcessRecord{51a6cc8 904:system/1000}
10-16 15:55:35.109   904   923 V ActivityManager: Broadcast sticky: Intent { act=android.net.conn.DATA_ACTIVITY_CHANGE_CT flg=0x10 (has extras) } ordered=false userid=-1 callerApp=ProcessRecord{51a6cc8 904:system/1000}
10-16 15:55:35.777   904  1514 D BatteryService: Processing new values: chargerAcOnline=false, chargerUsbOnline=true, chargerWirelessOnline=false, batteryStatus=5, batteryHealth=2, batteryPresent=true, batteryLevel=100, batteryTechnology=Li-ion, batteryVoltage=4348, batteryTemperature=320, mBatteryLevelCritical=false, mPlugType=2
10-16 15:55:35.808   904  1603 D BatteryService: Processing new values: chargerAcOnline=false, chargerUsbOnline=true, chargerWirelessOnline=false, batteryStatus=5, batteryHealth=2, batteryPresent=true, batteryLevel=100, batteryTechnology=Li-ion, batteryVoltage=4348, batteryTemperature=320, mBatteryLevelCritical=false, mPlugType=2
10-16 15:55:35.811   904  1562 D BatteryService: Processing new values: chargerAcOnline=false, chargerUsbOnline=true, chargerWirelessOnline=false, batteryStatus=5, batteryHealth=2, batteryPresent=true, batteryLevel=100, batteryTechnology=Li-ion, batteryVoltage=4349, batteryTemperature=320, mBatteryLevelCritical=false, mPlugType=2
10-16 15:55:35.811   904  1562 D BatteryService: Sending ACTION_BATTERY_CHANGED.  level:100, scale:100, status:5, health:2, present:true, voltage: 4349, temperature: 320, technology: Li-ion, AC powered:false, USB powered:true, Wireless powered:false, icon:17303294, invalid charger:0, status_smb:1, present_smb:false,level_smb:50
10-16 15:55:35.812   904   904 V ActivityManager: Broadcast sticky: Intent { act=android.intent.action.BATTERY_CHANGED flg=0x60000010 (has extras) } ordered=false userid=-1 callerApp=null
10-16 15:55:35.815   904   929 D PowerManagerService: updateIsPoweredLocked: wasPowered=true, mIsPowered=true, oldPlugType=2, mPlugType=2, mBatteryLevel=100
10-16 15:55:35.819   904  1035 V SettingsProvider: name : key_battery_charge_status callingUid : 1000
10-16 15:55:35.823   904   904 D WifiService: onReceive, action:android.intent.action.BATTERY_CHANGED
10-16 15:55:35.823   904   974 D WifiController: DeviceActiveState{ when=0 what=155652 arg1=2 target=com.android.internal.util.StateMachine$SmHandler }
10-16 15:55:35.823   904   974 D WifiController: StaEnabledState{ when=0 what=155652 arg1=2 target=com.android.internal.util.StateMachine$SmHandler }
10-16 15:55:35.823   904   974 D WifiController: DefaultState{ when=0 what=155652 arg1=2 target=com.android.internal.util.StateMachine$SmHandler }
10-16 15:55:35.823   904   974 D WifiController: battery changed pluggedType: 2
10-16 15:55:35.825   904  1512 V SettingsProvider: packageValueForCallResult, name = star_power_save_mode, value : 0
10-16 15:55:35.826   904   918 V SettingsProvider: packageValueForCallResult, name = star_super_power_save_mode, value : 0
10-16 15:55:35.827   904  1608 V SettingsProvider: name : LavaBatteryLevel callingUid : 1000
10-16 15:55:35.830   904   915 V ActivityManager: Broadcast: Intent { act=terminate_SwitchModeActivity flg=0x10 } ordered=false userid=0 callerApp=ProcessRecord{c9cd5ef 1055:com.android.systemui/u0a21}
10-16 15:55:35.834   904  1575 D BatteryService: Processing new values: chargerAcOnline=false, chargerUsbOnline=true, chargerWirelessOnline=false, batteryStatus=5, batteryHealth=2, batteryPresent=true, batteryLevel=100, batteryTechnology=Li-ion, batteryVoltage=4349, batteryTemperature=320, mBatteryLevelCritical=false, mPlugType=2
10-16 15:55:36.373   904   975 D ConnectivityService: updateNetworkScore for NetworkAgentInfo [WIFI () - 1000] to 60
10-16 15:55:36.374   904   975 D ConnectivityService: rematching NetworkAgentInfo [WIFI () - 1000]
10-16 15:55:36.374   904   975 D ConnectivityService:  network has: [ Transports: WIFI Capabilities: INTERNET&NOT_RESTRICTED&TRUSTED&NOT_VPN&VALIDATED LinkUpBandwidth>=1048576Kbps LinkDnBandwidth>=1048576Kbps SignalStrength: -69]
10-16 15:55:36.374   904   975 D ConnectivityService: Network NetworkAgentInfo [WIFI () - 1000] was already satisfying request 1. No change.
10-16 15:55:36.374   904   975 D ConnectivityService:   checking if request is satisfied: NetworkRequest [ id=4, legacyType=-1, [ Transports: WIFI Capabilities: NOT_RESTRICTED&TRUSTED&NOT_VPN&VALIDATED] ]
10-16 15:55:36.374   904   975 D ConnectivityService:   checking if request is satisfied: NetworkRequest [ id=3, legacyType=-1, [] ]
10-16 15:55:36.374   904   975 D ConnectivityService: sending new Min Network Score(60): NetworkRequest [ id=1, legacyType=-1, [ Capabilities: INTERNET&NOT_RESTRICTED&TRUSTED&NOT_VPN] ]
10-16 15:55:36.383   904   972 V ActivityManager: Broadcast sticky: Intent { act=android.net.wifi.RSSI_CHANGED flg=0x4000010 (has extras) } ordered=false userid=-1 callerApp=ProcessRecord{51a6cc8 904:system/1000}
10-16 15:55:39.422   904   972 V ActivityManager: Broadcast sticky: Intent { act=android.net.wifi.RSSI_CHANGED flg=0x4000010 (has extras) } ordered=false userid=-1 callerApp=ProcessRecord{51a6cc8 904:system/1000}
10-16 15:55:42.450   904   972 V ActivityManager: Broadcast sticky: Intent { act=android.net.wifi.RSSI_CHANGED flg=0x4000010 (has extras) } ordered=false userid=-1 callerApp=ProcessRecord{51a6cc8 904:system/1000}
10-16 15:55:45.482   904   972 V ActivityManager: Broadcast sticky: Intent { act=android.net.wifi.RSSI_CHANGED flg=0x4000010 (has extras) } ordered=false userid=-1 callerApp=ProcessRecord{51a6cc8 904:system/1000}
10-16 15:55:45.785   904  1514 D BatteryService: Processing new values: chargerAcOnline=false, chargerUsbOnline=true, chargerWirelessOnline=false, batteryStatus=5, batteryHealth=2, batteryPresent=true, batteryLevel=100, batteryTechnology=Li-ion, batteryVoltage=4349, batteryTemperature=320, mBatteryLevelCritical=false, mPlugType=2
10-16 15:55:45.791   904  1603 D BatteryService: Processing new values: chargerAcOnline=false, chargerUsbOnline=true, chargerWirelessOnline=false, batteryStatus=5, batteryHealth=2, batteryPresent=true, batteryLevel=100, batteryTechnology=Li-ion, batteryVoltage=4349, batteryTemperature=320, mBatteryLevelCritical=false, mPlugType=2
10-16 15:55:45.796   904  1562 D BatteryService: Processing new values: chargerAcOnline=false, chargerUsbOnline=true, chargerWirelessOnline=false, batteryStatus=5, batteryHealth=2, batteryPresent=true, batteryLevel=100, batteryTechnology=Li-ion, batteryVoltage=4350, batteryTemperature=320, mBatteryLevelCritical=false, mPlugType=2
10-16 15:55:45.797   904  1562 D BatteryService: Sending ACTION_BATTERY_CHANGED.  level:100, scale:100, status:5, health:2, present:true, voltage: 4350, temperature: 320, technology: Li-ion, AC powered:false, USB powered:true, Wireless powered:false, icon:17303294, invalid charger:0, status_smb:1, present_smb:false,level_smb:50
10-16 15:55:45.797   904   904 V ActivityManager: Broadcast sticky: Intent { act=android.intent.action.BATTERY_CHANGED flg=0x60000010 (has extras) } ordered=false userid=-1 callerApp=null
10-16 15:55:45.800   904   929 D PowerManagerService: updateIsPoweredLocked: wasPowered=true, mIsPowered=true, oldPlugType=2, mPlugType=2, mBatteryLevel=100
10-16 15:55:45.804   904  1035 V SettingsProvider: name : key_battery_charge_status callingUid : 1000
10-16 15:55:45.807   904   904 D WifiService: onReceive, action:android.intent.action.BATTERY_CHANGED
10-16 15:55:45.808   904   974 D WifiController: DeviceActiveState{ when=0 what=155652 arg1=2 target=com.android.internal.util.StateMachine$SmHandler }
10-16 15:55:45.808   904   974 D WifiController: StaEnabledState{ when=0 what=155652 arg1=2 target=com.android.internal.util.StateMachine$SmHandler }
10-16 15:55:45.808   904   974 D WifiController: DefaultState{ when=0 what=155652 arg1=2 target=com.android.internal.util.StateMachine$SmHandler }
10-16 15:55:45.808   904   974 D WifiController: battery changed pluggedType: 2
10-16 15:55:45.809   904  1512 V SettingsProvider: packageValueForCallResult, name = star_power_save_mode, value : 0
10-16 15:55:45.810   904   918 V SettingsProvider: packageValueForCallResult, name = star_super_power_save_mode, value : 0
10-16 15:55:45.812   904  1608 V SettingsProvider: name : LavaBatteryLevel callingUid : 1000
10-16 15:55:45.813   904   915 V ActivityManager: Broadcast: Intent { act=terminate_SwitchModeActivity flg=0x10 } ordered=false userid=0 callerApp=ProcessRecord{c9cd5ef 1055:com.android.systemui/u0a21}
10-16 15:55:45.835   904  1514 D BatteryService: Processing new values: chargerAcOnline=false, chargerUsbOnline=true, chargerWirelessOnline=false, batteryStatus=5, batteryHealth=2, batteryPresent=true, batteryLevel=100, batteryTechnology=Li-ion, batteryVoltage=4350, batteryTemperature=320, mBatteryLevelCritical=false, mPlugType=2
10-16 15:55:46.845   904  1398 W Watchdog: SWT Watchdog after wait current time:622848
10-16 15:55:46.846   904  1398 W Watchdog: **Get SF Time **1
10-16 15:55:46.847   904  1398 W Watchdog: SWT Watchdog before synchronized:622850
10-16 15:55:46.847   904  1398 W Watchdog: SWT Watchdog after synchronized:622850
10-16 15:55:46.850   904  1398 W Watchdog: SWT Watchdog before wait timeout:30000
10-16 15:55:46.850   904  1398 W Watchdog: SWT Watchdog before wait current time:622853
10-16 15:55:46.850   904  1398 W Watchdog: SWT Watchdog before wait start:622853
10-16 15:55:46.851   904  1398 W Watchdog: SWT Watchdog before wait CHECK_INTERVAL:30000
10-16 15:55:48.502   904   972 V ActivityManager: Broadcast sticky: Intent { act=android.net.wifi.RSSI_CHANGED flg=0x4000010 (has extras) } ordered=false userid=-1 callerApp=ProcessRecord{51a6cc8 904:system/1000}
10-16 15:55:48.827   330   896 D SocketClient: SocketClient sendData done: 600 Iface linkstate wlan0 up
10-16 15:55:48.832   904   968 D NetdConnector: RCV <- {600 Iface linkstate wlan0 up}
10-16 15:55:48.834   904   923 D NetworkManagement: onEvent:600 Iface linkstate wlan0 up:5
10-16 15:55:50.157   330   895 D SocketClient: SocketClient sendData done: 613 IfaceClass idle 1 626160060190
10-16 15:55:50.157   904   968 D NetdConnector: RCV <- {613 IfaceClass idle 1 626160060190}
10-16 15:55:50.158   904   923 D NetworkManagement: onEvent:613 IfaceClass idle 1 626160060190:5
10-16 15:55:50.159   904   923 V ActivityManager: Broadcast: Intent { act=android.net.conn.DATA_ACTIVITY_CHANGE flg=0x10 (has extras) } ordered=true userid=-1 callerApp=ProcessRecord{51a6cc8 904:system/1000}
10-16 15:55:50.161   904   923 V ActivityManager: Broadcast sticky: Intent { act=android.net.conn.DATA_ACTIVITY_CHANGE_CT flg=0x10 (has extras) } ordered=false userid=-1 callerApp=ProcessRecord{51a6cc8 904:system/1000}
10-16 15:55:51.553   904   972 V ActivityManager: Broadcast sticky: Intent { act=android.net.wifi.RSSI_CHANGED flg=0x4000010 (has extras) } ordered=false userid=-1 callerApp=ProcessRecord{51a6cc8 904:system/1000}
10-16 15:55:54.595   904   972 V ActivityManager: Broadcast sticky: Intent { act=android.net.wifi.RSSI_CHANGED flg=0x4000010 (has extras) } ordered=false userid=-1 callerApp=ProcessRecord{51a6cc8 904:system/1000}
10-16 15:55:55.058   330   895 D SocketClient: SocketClient sendData done: 613 IfaceClass active 1 631060768421 0
10-16 15:55:55.058   904   968 D NetdConnector: RCV <- {613 IfaceClass active 1 631060768421 0}
10-16 15:55:55.060   904   923 D NetworkManagement: onEvent:613 IfaceClass active 1 631060768421 0:6
10-16 15:55:55.061   904   923 V ActivityManager: Broadcast: Intent { act=android.net.conn.DATA_ACTIVITY_CHANGE flg=0x10 (has extras) } ordered=true userid=-1 callerApp=ProcessRecord{51a6cc8 904:system/1000}
10-16 15:55:55.063   904   923 V ActivityManager: Broadcast sticky: Intent { act=android.net.conn.DATA_ACTIVITY_CHANGE_CT flg=0x10 (has extras) } ordered=false userid=-1 callerApp=ProcessRecord{51a6cc8 904:system/1000}
10-16 15:55:55.762   904   915 D BatteryService: Processing new values: chargerAcOnline=false, chargerUsbOnline=true, chargerWirelessOnline=false, batteryStatus=5, batteryHealth=2, batteryPresent=true, batteryLevel=100, batteryTechnology=Li-ion, batteryVoltage=4350, batteryTemperature=320, mBatteryLevelCritical=false, mPlugType=2
10-16 15:55:55.765   904  1556 D BatteryService: Processing new values: chargerAcOnline=false, chargerUsbOnline=true, chargerWirelessOnline=false, batteryStatus=5, batteryHealth=2, batteryPresent=true, batteryLevel=100, batteryTechnology=Li-ion, batteryVoltage=4350, batteryTemperature=320, mBatteryLevelCritical=false, mPlugType=2
10-16 15:55:55.769   904  1575 D BatteryService: Processing new values: chargerAcOnline=false, chargerUsbOnline=true, chargerWirelessOnline=false, batteryStatus=5, batteryHealth=2, batteryPresent=true, batteryLevel=100, batteryTechnology=Li-ion, batteryVoltage=4351, batteryTemperature=320, mBatteryLevelCritical=false, mPlugType=2
10-16 15:55:55.770   904  1575 D BatteryService: Sending ACTION_BATTERY_CHANGED.  level:100, scale:100, status:5, health:2, present:true, voltage: 4351, temperature: 320, technology: Li-ion, AC powered:false, USB powered:true, Wireless powered:false, icon:17303294, invalid charger:0, status_smb:1, present_smb:false,level_smb:50
10-16 15:55:55.770   904   904 V ActivityManager: Broadcast sticky: Intent { act=android.intent.action.BATTERY_CHANGED flg=0x60000010 (has extras) } ordered=false userid=-1 callerApp=null
10-16 15:55:55.773   904   929 D PowerManagerService: updateIsPoweredLocked: wasPowered=true, mIsPowered=true, oldPlugType=2, mPlugType=2, mBatteryLevel=100
10-16 15:55:55.777   904  1511 V SettingsProvider: name : key_battery_charge_status callingUid : 1000
10-16 15:55:55.780   904   904 D WifiService: onReceive, action:android.intent.action.BATTERY_CHANGED
10-16 15:55:55.781   904   974 D WifiController: DeviceActiveState{ when=0 what=155652 arg1=2 target=com.android.internal.util.StateMachine$SmHandler }
10-16 15:55:55.781   904   974 D WifiController: StaEnabledState{ when=0 what=155652 arg1=2 target=com.android.internal.util.StateMachine$SmHandler }
10-16 15:55:55.781   904   974 D WifiController: DefaultState{ when=0 what=155652 arg1=2 target=com.android.internal.util.StateMachine$SmHandler }
10-16 15:55:55.781   904   974 D WifiController: battery changed pluggedType: 2
10-16 15:55:55.782   904  1036 V SettingsProvider: packageValueForCallResult, name = star_power_save_mode, value : 0
10-16 15:55:55.783   904  1549 V SettingsProvider: packageValueForCallResult, name = star_super_power_save_mode, value : 0
10-16 15:55:55.785   904   914 V SettingsProvider: name : LavaBatteryLevel callingUid : 1000
10-16 15:55:55.786   904  1553 V ActivityManager: Broadcast: Intent { act=terminate_SwitchModeActivity flg=0x10 } ordered=false userid=0 callerApp=ProcessRecord{c9cd5ef 1055:com.android.systemui/u0a21}
10-16 15:55:55.793   904  1608 D BatteryService: Processing new values: chargerAcOnline=false, chargerUsbOnline=true, chargerWirelessOnline=false, batteryStatus=5, batteryHealth=2, batteryPresent=true, batteryLevel=100, batteryTechnology=Li-ion, batteryVoltage=4351, batteryTemperature=320, mBatteryLevelCritical=false, mPlugType=2
10-16 15:55:57.614   904   972 V ActivityManager: Broadcast sticky: Intent { act=android.net.wifi.RSSI_CHANGED flg=0x4000010 (has extras) } ordered=false userid=-1 callerApp=ProcessRecord{51a6cc8 904:system/1000}
10-16 15:56:00.000   904   962 D AlarmManager: set alarm to RTC 877003
10-16 15:56:00.001   904   962 D DataShapingService: Alarm manager openLteDataUpLinkGate: true
10-16 15:56:00.001   904   962 V AlarmManager: openLteGateSuccess = true
10-16 15:56:00.002   904   962 V ActivityManager: Broadcast: Intent { act=android.intent.action.TIME_TICK flg=0x50000114 (has extras) } ordered=true userid=-1 callerApp=null
10-16 15:56:00.003   904  1005 D DataShapingService: [handleMessage] msg_alarm_manager_trigger
10-16 15:56:00.018   904   962 V AlarmManager: sending alarm Alarm{82c264d type 3 when 636003 android} success
