10-16 15:57:00.074  1055  1055 D ActivityThread: BDC-Calling finishReceiver: IIntentReceiver=78f4426
10-16 15:57:00.080  1055  1055 D ActivityThread: BDC-Calling finishReceiver: IIntentReceiver=a27c867
10-16 15:57:00.099  1055  1055 D ActivityThread: BDC-Calling finishReceiver: IIntentReceiver=be93ebd
10-16 15:57:00.112  1055  1055 D ActivityThread: BDC-Calling finishReceiver: IIntentReceiver=3de8403
10-16 15:57:00.129  1055  1055 D ActivityThread: BDC-Calling finishReceiver: IIntentReceiver=57009b9
10-16 15:57:00.130   904   904 D AlarmManager: onSendFinished begin
10-16 15:57:00.130   904   904 D PowerManagerService: releaseWakeLockInternal: lock=111214972 [*alarm*], flags=0x0, total_time=116ms
10-16 15:57:00.130   904   904 D PowerManagerNotifier: onWakeLockReleased: flags=1073741825, tag="*alarm*", packageName=android, ownerUid=1000, ownerPid=904, workSource=WorkSource{1000}
10-16 15:57:00.130   904   904 D PowerManagerService: updateWakeLockSummaryLocked: mWakefulness=Awake, mWakeLockSummary=0x0
10-16 15:57:00.130   904   904 D PowerManagerService: updateUserActivitySummaryLocked: mWakefulness=Awake, mUserActivitySummary=0x4, nextTimeout=-1 (696134 ms ago)
10-16 15:57:00.130   904   904 D DisplayPowerController: requestPowerState: policy=DIM, useProximitySensor=false, screenBrightness=173, screenAutoBrightnessAdjustment=0.0, brightnessSetByUser=true, useAutoBrightness=false, blockScreenOn=false, lowPowerMode=false, boostScreenBrightness=false, dozeScreenBrightness=-1, dozeScreenState=UNKNOWN, waitForNegativeProximity=false
10-16 15:57:00.130   904   904 I PowerManagerService: setBrightness mButtonLight 0.
10-16 15:57:00.131   904   904 D PowerManagerService: updateDisplayPowerStateLocked: mDisplayReady=true, policy=2, mWakefulness=1, mWakeLockSummary=0x0, mUserActivitySummary=0x4, mBootCompleted=true, mScreenBrightnessBoostInProgress=false
10-16 15:57:00.131   904   904 D PowerManagerService: Releasing suspend blocker "PowerManagerService.WakeLocks".
10-16 15:57:01.490   904   972 V ActivityManager: Broadcast sticky: Intent { act=android.net.wifi.RSSI_CHANGED flg=0x4000010 (has extras) } ordered=false userid=-1 callerApp=ProcessRecord{51a6cc8 904:system/1000}
10-16 15:57:01.491   904   975 D ConnectivityService: updateCapabilities cap: [ Transports: WIFI Capabilities: INTERNET&NOT_RESTRICTED&TRUSTED&NOT_VPN LinkUpBandwidth>=1048576Kbps LinkDnBandwidth>=1048576Kbps SignalStrength: -77]
10-16 15:57:01.491   904   975 D ConnectivityService: rematching NetworkAgentInfo [WIFI () - 1000]
10-16 15:57:01.491   904   975 D ConnectivityService:  network has: [ Transports: WIFI Capabilities: INTERNET&NOT_RESTRICTED&TRUSTED&NOT_VPN&VALIDATED LinkUpBandwidth>=1048576Kbps LinkDnBandwidth>=1048576Kbps SignalStrength: -77]
10-16 15:57:01.491   904   975 D ConnectivityService: Network NetworkAgentInfo [WIFI () - 1000] was already satisfying request 1. No change.
10-16 15:57:01.492   904   975 D ConnectivityService:   checking if request is satisfied: NetworkRequest [ id=4, legacyType=-1, [ Transports: WIFI Capabilities: NOT_RESTRICTED&TRUSTED&NOT_VPN&VALIDATED] ]
10-16 15:57:01.492   904   975 D ConnectivityService:   checking if request is satisfied: NetworkRequest [ id=3, legacyType=-1, [] ]
10-16 15:57:01.492   904   975 D ConnectivityService: notifyType CAP_CHANGED for NetworkAgentInfo [WIFI () - 1000]
10-16 15:57:01.492   904   975 D ConnectivityService:  sending notification for NetworkRequest [ id=1, legacyType=-1, [ Capabilities: INTERNET&NOT_RESTRICTED&TRUSTED&NOT_VPN] ]
10-16 15:57:01.492   904   975 D ConnectivityService:  sending notification for NetworkRequest [ id=3, legacyType=-1, [] ]
10-16 15:57:01.492   904   975 D ConnectivityService: sending notification CAP_CHANGED for NetworkRequest [ id=3, legacyType=-1, [] ]
10-16 15:57:01.493   904   975 D ConnectivityService:  sending notification for NetworkRequest [ id=4, legacyType=-1, [ Transports: WIFI Capabilities: NOT_RESTRICTED&TRUSTED&NOT_VPN&VALIDATED] ]
10-16 15:57:01.493   904   975 D ConnectivityService: sending notification CAP_CHANGED for NetworkRequest [ id=4, legacyType=-1, [ Transports: WIFI Capabilities: NOT_RESTRICTED&TRUSTED&NOT_VPN&VALIDATED] ]
10-16 15:57:01.500   904   972 V ActivityManager: Broadcast sticky: Intent { act=android.net.wifi.RSSI_CHANGED flg=0x4000010 (has extras) } ordered=false userid=-1 callerApp=ProcessRecord{51a6cc8 904:system/1000}
10-16 15:57:01.506   904   975 D ConnectivityService: rematchCapabilityClearDefault
10-16 15:57:01.506   904   975 D ConnectivityService: checking requestId:1
10-16 15:57:01.506   904   975 D ConnectivityService: satisfied:true
10-16 15:57:01.506   904   975 D ConnectivityService: checking requestId:3
10-16 15:57:01.507   904   975 D ConnectivityService: satisfied:true
10-16 15:57:01.507   904   975 D ConnectivityService: checking requestId:4
10-16 15:57:01.507   904   975 D ConnectivityService: satisfied:true
10-16 15:57:04.535   904   972 V ActivityManager: Broadcast sticky: Intent { act=android.net.wifi.RSSI_CHANGED flg=0x4000010 (has extras) } ordered=false userid=-1 callerApp=ProcessRecord{51a6cc8 904:system/1000}
10-16 15:57:05.773   904  1036 D BatteryService: Processing new values: chargerAcOnline=false, chargerUsbOnline=true, chargerWirelessOnline=false, batteryStatus=5, batteryHealth=2, batteryPresent=true, batteryLevel=100, batteryTechnology=Li-ion, batteryVoltage=4356, batteryTemperature=310, mBatteryLevelCritical=false, mPlugType=2
10-16 15:57:05.789   904  1553 D BatteryService: Processing new values: chargerAcOnline=false, chargerUsbOnline=true, chargerWirelessOnline=false, batteryStatus=5, batteryHealth=2, batteryPresent=true, batteryLevel=100, batteryTechnology=Li-ion, batteryVoltage=4356, batteryTemperature=310, mBatteryLevelCritical=false, mPlugType=2
10-16 15:57:05.802   904   914 D BatteryService: Processing new values: chargerAcOnline=false, chargerUsbOnline=true, chargerWirelessOnline=false, batteryStatus=5, batteryHealth=2, batteryPresent=true, batteryLevel=100, batteryTechnology=Li-ion, batteryVoltage=4357, batteryTemperature=310, mBatteryLevelCritical=false, mPlugType=2
10-16 15:57:05.803   904   914 D BatteryService: Sending ACTION_BATTERY_CHANGED.  level:100, scale:100, status:5, health:2, present:true, voltage: 4357, temperature: 310, technology: Li-ion, AC powered:false, USB powered:true, Wireless powered:false, icon:17303294, invalid charger:0, status_smb:1, present_smb:false,level_smb:50
10-16 15:57:05.804   904   904 V ActivityManager: Broadcast sticky: Intent { act=android.intent.action.BATTERY_CHANGED flg=0x60000010 (has extras) } ordered=false userid=-1 callerApp=null
10-16 15:57:05.806   904   929 D PowerManagerService: updateIsPoweredLocked: wasPowered=true, mIsPowered=true, oldPlugType=2, mPlugType=2, mBatteryLevel=100
10-16 15:57:05.811   904  1512 V SettingsProvider: name : key_battery_charge_status callingUid : 1000
10-16 15:57:05.815   904   904 D WifiService: onReceive, action:android.intent.action.BATTERY_CHANGED
10-16 15:57:05.815   904   974 D WifiController: DeviceActiveState{ when=0 what=155652 arg1=2 target=com.android.internal.util.StateMachine$SmHandler }
10-16 15:57:05.815   904   974 D WifiController: StaEnabledState{ when=0 what=155652 arg1=2 target=com.android.internal.util.StateMachine$SmHandler }
10-16 15:57:05.815   904   974 D WifiController: DefaultState{ when=0 what=155652 arg1=2 target=com.android.internal.util.StateMachine$SmHandler }
10-16 15:57:05.815   904   974 D WifiController: battery changed pluggedType: 2
10-16 15:57:05.816   904  1514 V SettingsProvider: packageValueForCallResult, name = star_power_save_mode, value : 0
10-16 15:57:05.819   904  1603 V SettingsProvider: packageValueForCallResult, name = star_super_power_save_mode, value : 0
10-16 15:57:05.820   904  1562 V SettingsProvider: name : LavaBatteryLevel callingUid : 1000
10-16 15:57:05.822   904  1035 V ActivityManager: Broadcast: Intent { act=terminate_SwitchModeActivity flg=0x10 } ordered=false userid=0 callerApp=ProcessRecord{c9cd5ef 1055:com.android.systemui/u0a21}
10-16 15:57:05.825   904  1553 D BatteryService: Processing new values: chargerAcOnline=false, chargerUsbOnline=true, chargerWirelessOnline=false, batteryStatus=5, batteryHealth=2, batteryPresent=true, batteryLevel=100, batteryTechnology=Li-ion, batteryVoltage=4357, batteryTemperature=310, mBatteryLevelCritical=false, mPlugType=2
10-16 15:57:07.560   904   972 V ActivityManager: Broadcast sticky: Intent { act=android.net.wifi.RSSI_CHANGED flg=0x4000010 (has extras) } ordered=false userid=-1 callerApp=ProcessRecord{51a6cc8 904:system/1000}
10-16 15:57:07.955   330   896 D SocketClient: SocketClient sendData done: 600 Iface linkstate wlan0 up
10-16 15:57:07.956   904   968 D NetdConnector: RCV <- {600 Iface linkstate wlan0 up}
10-16 15:57:07.957   904   923 D NetworkManagement: onEvent:600 Iface linkstate wlan0 up:5
10-16 15:57:10.158   330   895 D SocketClient: SocketClient sendData done: 613 IfaceClass idle 1 706160782118
10-16 15:57:10.159   904   968 D NetdConnector: RCV <- {613 IfaceClass idle 1 706160782118}
10-16 15:57:10.160   904   923 D NetworkManagement: onEvent:613 IfaceClass idle 1 706160782118:5
10-16 15:57:10.161   904   923 V ActivityManager: Broadcast: Intent { act=android.net.conn.DATA_ACTIVITY_CHANGE flg=0x10 (has extras) } ordered=true userid=-1 callerApp=ProcessRecord{51a6cc8 904:system/1000}
10-16 15:57:10.163   904   923 V ActivityManager: Broadcast sticky: Intent { act=android.net.conn.DATA_ACTIVITY_CHANGE_CT flg=0x10 (has extras) } ordered=false userid=-1 callerApp=ProcessRecord{51a6cc8 904:system/1000}
10-16 15:57:10.478   330   895 D SocketClient: SocketClient sendData done: 613 IfaceClass active 1 706481140041 0
10-16 15:57:10.478   904   968 D NetdConnector: RCV <- {613 IfaceClass active 1 706481140041 0}
10-16 15:57:10.479   904   923 D NetworkManagement: onEvent:613 IfaceClass active 1 706481140041 0:6
10-16 15:57:10.479   904   923 V ActivityManager: Broadcast: Intent { act=android.net.conn.DATA_ACTIVITY_CHANGE flg=0x10 (has extras) } ordered=true userid=-1 callerApp=ProcessRecord{51a6cc8 904:system/1000}
10-16 15:57:10.481   904   923 V ActivityManager: Broadcast sticky: Intent { act=android.net.conn.DATA_ACTIVITY_CHANGE_CT flg=0x10 (has extras) } ordered=false userid=-1 callerApp=ProcessRecord{51a6cc8 904:system/1000}
10-16 15:57:10.580   904   972 V ActivityManager: Broadcast sticky: Intent { act=android.net.wifi.RSSI_CHANGED flg=0x4000010 (has extras) } ordered=false userid=-1 callerApp=ProcessRecord{51a6cc8 904:system/1000}
10-16 15:57:13.621   904   972 V ActivityManager: Broadcast sticky: Intent { act=android.net.wifi.RSSI_CHANGED flg=0x4000010 (has extras) } ordered=false userid=-1 callerApp=ProcessRecord{51a6cc8 904:system/1000}
10-16 15:57:15.769   904  1556 D BatteryService: Processing new values: chargerAcOnline=false, chargerUsbOnline=true, chargerWirelessOnline=false, batteryStatus=5, batteryHealth=2, batteryPresent=true, batteryLevel=100, batteryTechnology=Li-ion, batteryVoltage=4357, batteryTemperature=310, mBatteryLevelCritical=false, mPlugType=2
10-16 15:57:15.779   904  1575 D BatteryService: Processing new values: chargerAcOnline=false, chargerUsbOnline=true, chargerWirelessOnline=false, batteryStatus=5, batteryHealth=2, batteryPresent=true, batteryLevel=100, batteryTechnology=Li-ion, batteryVoltage=4357, batteryTemperature=310, mBatteryLevelCritical=false, mPlugType=2
10-16 15:57:15.789   904  1511 D BatteryService: Processing new values: chargerAcOnline=false, chargerUsbOnline=true, chargerWirelessOnline=false, batteryStatus=5, batteryHealth=2, batteryPresent=true, batteryLevel=100, batteryTechnology=Li-ion, batteryVoltage=4358, batteryTemperature=310, mBatteryLevelCritical=false, mPlugType=2
10-16 15:57:15.790   904  1511 D BatteryService: Sending ACTION_BATTERY_CHANGED.  level:100, scale:100, status:5, health:2, present:true, voltage: 4358, temperature: 310, technology: Li-ion, AC powered:false, USB powered:true, Wireless powered:false, icon:17303294, invalid charger:0, status_smb:1, present_smb:false,level_smb:50
10-16 15:57:15.790   904   904 V ActivityManager: Broadcast sticky: Intent { act=android.intent.action.BATTERY_CHANGED flg=0x60000010 (has extras) } ordered=false userid=-1 callerApp=null
10-16 15:57:15.793   904   929 D PowerManagerService: updateIsPoweredLocked: wasPowered=true, mIsPowered=true, oldPlugType=2, mPlugType=2, mBatteryLevel=100
10-16 15:57:15.797   904  1514 V SettingsProvider: name : key_battery_charge_status callingUid : 1000
10-16 15:57:15.800   904   904 D WifiService: onReceive, action:android.intent.action.BATTERY_CHANGED
10-16 15:57:15.801   904   974 D WifiController: DeviceActiveState{ when=0 what=155652 arg1=2 target=com.android.internal.util.StateMachine$SmHandler }
10-16 15:57:15.801   904   974 D WifiController: StaEnabledState{ when=0 what=155652 arg1=2 target=com.android.internal.util.StateMachine$SmHandler }
10-16 15:57:15.801   904   974 D WifiController: DefaultState{ when=0 what=155652 arg1=2 target=com.android.internal.util.StateMachine$SmHandler }
10-16 15:57:15.801   904   974 D WifiController: battery changed pluggedType: 2
10-16 15:57:15.802   904  1553 V SettingsProvider: packageValueForCallResult, name = star_power_save_mode, value : 0
10-16 15:57:15.804   904   914 V SettingsProvider: packageValueForCallResult, name = star_super_power_save_mode, value : 0
10-16 15:57:15.805   904  1512 V SettingsProvider: name : LavaBatteryLevel callingUid : 1000
10-16 15:57:15.806   904   918 V ActivityManager: Broadcast: Intent { act=terminate_SwitchModeActivity flg=0x10 } ordered=false userid=0 callerApp=ProcessRecord{c9cd5ef 1055:com.android.systemui/u0a21}
10-16 15:57:15.813   904   915 D BatteryService: Processing new values: chargerAcOnline=false, chargerUsbOnline=true, chargerWirelessOnline=false, batteryStatus=5, batteryHealth=2, batteryPresent=true, batteryLevel=100, batteryTechnology=Li-ion, batteryVoltage=4358, batteryTemperature=310, mBatteryLevelCritical=false, mPlugType=2
10-16 15:57:16.654   904   972 V ActivityManager: Broadcast sticky: Intent { act=android.net.wifi.RSSI_CHANGED flg=0x4000010 (has extras) } ordered=false userid=-1 callerApp=ProcessRecord{51a6cc8 904:system/1000}
10-16 15:57:16.861   904  1398 W Watchdog: SWT Watchdog after wait current time:712864
10-16 15:57:16.862   904  1398 W Watchdog: **Get SF Time **1
10-16 15:57:16.862   904  1398 W Watchdog: SWT Watchdog before synchronized:712865
10-16 15:57:16.862   904  1398 W Watchdog: SWT Watchdog after synchronized:712865
10-16 15:57:16.862   904  1398 W Watchdog: SWT Watchdog before wait timeout:30000
10-16 15:57:16.862   904  1398 W Watchdog: SWT Watchdog before wait current time:712865
10-16 15:57:16.862   904  1398 W Watchdog: SWT Watchdog before wait start:712865
10-16 15:57:16.862   904  1398 W Watchdog: SWT Watchdog before wait CHECK_INTERVAL:30000
10-16 15:57:19.700   904   975 D ConnectivityService: updateCapabilities cap: [ Transports: WIFI Capabilities: INTERNET&NOT_RESTRICTED&TRUSTED&NOT_VPN LinkUpBandwidth>=1048576Kbps LinkDnBandwidth>=1048576Kbps SignalStrength: -73]
10-16 15:57:19.700   904   975 D ConnectivityService: rematching NetworkAgentInfo [WIFI () - 1000]
10-16 15:57:19.700   904   975 D ConnectivityService:  network has: [ Transports: WIFI Capabilities: INTERNET&NOT_RESTRICTED&TRUSTED&NOT_VPN&VALIDATED LinkUpBandwidth>=1048576Kbps LinkDnBandwidth>=1048576Kbps SignalStrength: -73]
10-16 15:57:19.700   904   975 D ConnectivityService: Network NetworkAgentInfo [WIFI () - 1000] was already satisfying request 1. No change.
10-16 15:57:19.700   904   975 D ConnectivityService:   checking if request is satisfied: NetworkRequest [ id=4, legacyType=-1, [ Transports: WIFI Capabilities: NOT_RESTRICTED&TRUSTED&NOT_VPN&VALIDATED] ]
10-16 15:57:19.700   904   975 D ConnectivityService:   checking if request is satisfied: NetworkRequest [ id=3, legacyType=-1, [] ]
10-16 15:57:19.701   904   975 D ConnectivityService: notifyType CAP_CHANGED for NetworkAgentInfo [WIFI () - 1000]
10-16 15:57:19.701   904   975 D ConnectivityService:  sending notification for NetworkRequest [ id=1, legacyType=-1, [ Capabilities: INTERNET&NOT_RESTRICTED&TRUSTED&NOT_VPN] ]
10-16 15:57:19.701   904   975 D ConnectivityService:  sending notification for NetworkRequest [ id=3, legacyType=-1, [] ]
10-16 15:57:19.701   904   975 D ConnectivityService: sending notification CAP_CHANGED for NetworkRequest [ id=3, legacyType=-1, [] ]
10-16 15:57:19.702   904   975 D ConnectivityService:  sending notification for NetworkRequest [ id=4, legacyType=-1, [ Transports: WIFI Capabilities: NOT_RESTRICTED&TRUSTED&NOT_VPN&VALIDATED] ]
10-16 15:57:19.702   904   975 D ConnectivityService: sending notification CAP_CHANGED for NetworkRequest [ id=4, legacyType=-1, [ Transports: WIFI Capabilities: NOT_RESTRICTED&TRUSTED&NOT_VPN&VALIDATED] ]
10-16 15:57:19.705   904   975 D ConnectivityService: rematchCapabilityClearDefault
10-16 15:57:19.705   904   975 D ConnectivityService: checking requestId:1
10-16 15:57:19.705   904   975 D ConnectivityService: satisfied:true
10-16 15:57:19.705   904   975 D ConnectivityService: checking requestId:3
10-16 15:57:19.706   904   975 D ConnectivityService: satisfied:true
10-16 15:57:19.706   904   975 D ConnectivityService: checking requestId:4
10-16 15:57:19.706   904   975 D ConnectivityService: satisfied:true
10-16 15:57:19.709   904   972 V ActivityManager: Broadcast sticky: Intent { act=android.net.wifi.RSSI_CHANGED flg=0x4000010 (has extras) } ordered=false userid=-1 callerApp=ProcessRecord{51a6cc8 904:system/1000}
10-16 15:57:19.716   904   972 V ActivityManager: Broadcast sticky: Intent { act=android.net.wifi.RSSI_CHANGED flg=0x4000010 (has extras) } ordered=false userid=-1 callerApp=ProcessRecord{51a6cc8 904:system/1000}
10-16 15:57:22.768   904   972 V ActivityManager: Broadcast sticky: Intent { act=android.net.wifi.RSSI_CHANGED flg=0x4000010 (has extras) } ordered=false userid=-1 callerApp=ProcessRecord{51a6cc8 904:system/1000}
10-16 15:57:25.767   904  1575 D BatteryService: Processing new values: chargerAcOnline=false, chargerUsbOnline=true, chargerWirelessOnline=false, batteryStatus=5, batteryHealth=2, batteryPresent=true, batteryLevel=100, batteryTechnology=Li-ion, batteryVoltage=4358, batteryTemperature=310, mBatteryLevelCritical=false, mPlugType=2
10-16 15:57:25.767   904  1575 D BatteryService: Processing new values: chargerAcOnline=false, chargerUsbOnline=true, chargerWirelessOnline=false, batteryStatus=5, batteryHealth=2, batteryPresent=true, batteryLevel=100, batteryTechnology=Li-ion, batteryVoltage=4358, batteryTemperature=310, mBatteryLevelCritical=false, mPlugType=2
10-16 15:57:25.768   904  1575 D BatteryService: Processing new values: chargerAcOnline=false, chargerUsbOnline=true, chargerWirelessOnline=false, batteryStatus=5, batteryHealth=2, batteryPresent=true, batteryLevel=100, batteryTechnology=Li-ion, batteryVoltage=4358, batteryTemperature=310, mBatteryLevelCritical=false, mPlugType=2
10-16 15:57:25.768   904  1575 D BatteryService: Processing new values: chargerAcOnline=false, chargerUsbOnline=true, chargerWirelessOnline=false, batteryStatus=5, batteryHealth=2, batteryPresent=true, batteryLevel=100, batteryTechnology=Li-ion, batteryVoltage=4358, batteryTemperature=310, mBatteryLevelCritical=false, mPlugType=2
10-16 15:57:25.790   904   972 V ActivityManager: Broadcast sticky: Intent { act=android.net.wifi.RSSI_CHANGED flg=0x4000010 (has extras) } ordered=false userid=-1 callerApp=ProcessRecord{51a6cc8 904:system/1000}
10-16 15:57:27.954   330   896 D SocketClient: SocketClient sendData done: 600 Iface linkstate wlan0 up
10-16 15:57:27.954   904   968 D NetdConnector: RCV <- {600 Iface linkstate wlan0 up}
10-16 15:57:27.956   904   923 D NetworkManagement: onEvent:600 Iface linkstate wlan0 up:5
10-16 15:57:28.849   904   975 D ConnectivityService: updateNetworkScore for NetworkAgentInfo [WIFI () - 1000] to 60
10-16 15:57:28.849   904   975 D ConnectivityService: rematching NetworkAgentInfo [WIFI () - 1000]
10-16 15:57:28.850   904   975 D ConnectivityService:  network has: [ Transports: WIFI Capabilities: INTERNET&NOT_RESTRICTED&TRUSTED&NOT_VPN&VALIDATED LinkUpBandwidth>=1048576Kbps LinkDnBandwidth>=1048576Kbps SignalStrength: -73]
10-16 15:57:28.850   904   975 D ConnectivityService: Network NetworkAgentInfo [WIFI () - 1000] was already satisfying request 1. No change.
10-16 15:57:28.850   904   975 D ConnectivityService:   checking if request is satisfied: NetworkRequest [ id=4, legacyType=-1, [ Transports: WIFI Capabilities: NOT_RESTRICTED&TRUSTED&NOT_VPN&VALIDATED] ]
10-16 15:57:28.850   904   975 D ConnectivityService:   checking if request is satisfied: NetworkRequest [ id=3, legacyType=-1, [] ]
10-16 15:57:28.850   904   975 D ConnectivityService: sending new Min Network Score(60): NetworkRequest [ id=1, legacyType=-1, [ Capabilities: INTERNET&NOT_RESTRICTED&TRUSTED&NOT_VPN] ]
10-16 15:57:28.857   904   972 V ActivityManager: Broadcast sticky: Intent { act=android.net.wifi.RSSI_CHANGED flg=0x4000010 (has extras) } ordered=false userid=-1 callerApp=ProcessRecord{51a6cc8 904:system/1000}
10-16 15:57:30.117   330   895 D SocketClient: SocketClient sendData done: 613 IfaceClass idle 1 726120164196
10-16 15:57:30.118   904   968 D NetdConnector: RCV <- {613 IfaceClass idle 1 726120164196}
10-16 15:57:30.120   904   923 D NetworkManagement: onEvent:613 IfaceClass idle 1 726120164196:5
10-16 15:57:30.121   904   923 V ActivityManager: Broadcast: Intent { act=android.net.conn.DATA_ACTIVITY_CHANGE flg=0x10 (has extras) } ordered=true userid=-1 callerApp=ProcessRecord{51a6cc8 904:system/1000}
10-16 15:57:30.126   904   923 V ActivityManager: Broadcast sticky: Intent { act=android.net.conn.DATA_ACTIVITY_CHANGE_CT flg=0x10 (has extras) } ordered=false userid=-1 callerApp=ProcessRecord{51a6cc8 904:system/1000}
10-16 15:57:31.905   904   972 V ActivityManager: Broadcast sticky: Intent { act=android.net.wifi.RSSI_CHANGED flg=0x4000010 (has extras) } ordered=false userid=-1 callerApp=ProcessRecord{51a6cc8 904:system/1000}
10-16 15:57:34.933   904   972 V ActivityManager: Broadcast sticky: Intent { act=android.net.wifi.RSSI_CHANGED flg=0x4000010 (has extras) } ordered=false userid=-1 callerApp=ProcessRecord{51a6cc8 904:system/1000}
10-16 15:57:35.138   330   895 D SocketClient: SocketClient sendData done: 613 IfaceClass active 1 731140624350 0
10-16 15:57:35.138   904   968 D NetdConnector: RCV <- {613 IfaceClass active 1 731140624350 0}
10-16 15:57:35.140   904   923 D NetworkManagement: onEvent:613 IfaceClass active 1 731140624350 0:6
10-16 15:57:35.140   904   923 V ActivityManager: Broadcast: Intent { act=android.net.conn.DATA_ACTIVITY_CHANGE flg=0x10 (has extras) } ordered=true userid=-1 callerApp=ProcessRecord{51a6cc8 904:system/1000}
10-16 15:57:35.148   904   923 V ActivityManager: Broadcast sticky: Intent { act=android.net.conn.DATA_ACTIVITY_CHANGE_CT flg=0x10 (has extras) } ordered=false userid=-1 callerApp=ProcessRecord{51a6cc8 904:system/1000}
10-16 15:57:35.756   904   918 D BatteryService: Processing new values: chargerAcOnline=false, chargerUsbOnline=true, chargerWirelessOnline=false, batteryStatus=5, batteryHealth=2, batteryPresent=true, batteryLevel=100, batteryTechnology=Li-ion, batteryVoltage=4358, batteryTemperature=310, mBatteryLevelCritical=false, mPlugType=2
10-16 15:57:35.769   904   915 D BatteryService: Processing new values: chargerAcOnline=false, chargerUsbOnline=true, chargerWirelessOnline=false, batteryStatus=5, batteryHealth=2, batteryPresent=true, batteryLevel=100, batteryTechnology=Li-ion, batteryVoltage=4358, batteryTemperature=310, mBatteryLevelCritical=false, mPlugType=2
10-16 15:57:35.780   904  1556 D BatteryService: Processing new values: chargerAcOnline=false, chargerUsbOnline=true, chargerWirelessOnline=false, batteryStatus=5, batteryHealth=2, batteryPresent=true, batteryLevel=100, batteryTechnology=Li-ion, batteryVoltage=4358, batteryTemperature=310, mBatteryLevelCritical=false, mPlugType=2
10-16 15:57:35.785   904  1575 D BatteryService: Processing new values: chargerAcOnline=false, chargerUsbOnline=true, chargerWirelessOnline=false, batteryStatus=5, batteryHealth=2, batteryPresent=true, batteryLevel=100, batteryTechnology=Li-ion, batteryVoltage=4358, batteryTemperature=310, mBatteryLevelCritical=false, mPlugType=2
10-16 15:57:37.974   904   972 V ActivityManager: Broadcast sticky: Intent { act=android.net.wifi.RSSI_CHANGED flg=0x4000010 (has extras) } ordered=false userid=-1 callerApp=ProcessRecord{51a6cc8 904:system/1000}
10-16 15:57:41.014   904   972 V ActivityManager: Broadcast sticky: Intent { act=android.net.wifi.RSSI_CHANGED flg=0x4000010 (has extras) } ordered=false userid=-1 callerApp=ProcessRecord{51a6cc8 904:system/1000}
10-16 15:57:44.069   904   972 V ActivityManager: Broadcast sticky: Intent { act=android.net.wifi.RSSI_CHANGED flg=0x4000010 (has extras) } ordered=false userid=-1 callerApp=ProcessRecord{51a6cc8 904:system/1000}
10-16 15:57:45.756   904  1603 D BatteryService: Processing new values: chargerAcOnline=false, chargerUsbOnline=true, chargerWirelessOnline=false, batteryStatus=5, batteryHealth=2, batteryPresent=true, batteryLevel=100, batteryTechnology=Li-ion, batteryVoltage=4358, batteryTemperature=310, mBatteryLevelCritical=false, mPlugType=2
10-16 15:57:45.764   904  1562 D BatteryService: Processing new values: chargerAcOnline=false, chargerUsbOnline=true, chargerWirelessOnline=false, batteryStatus=5, batteryHealth=2, batteryPresent=true, batteryLevel=100, batteryTechnology=Li-ion, batteryVoltage=4358, batteryTemperature=310, mBatteryLevelCritical=false, mPlugType=2
10-16 15:57:45.774   904  1035 D BatteryService: Processing new values: chargerAcOnline=false, chargerUsbOnline=true, chargerWirelessOnline=false, batteryStatus=5, batteryHealth=2, batteryPresent=true, batteryLevel=100, batteryTechnology=Li-ion, batteryVoltage=4359, batteryTemperature=310, mBatteryLevelCritical=false, mPlugType=2
10-16 15:57:45.775   904  1035 D BatteryService: Sending ACTION_BATTERY_CHANGED.  level:100, scale:100, status:5, health:2, present:true, voltage: 4359, temperature: 310, technology: Li-ion, AC powered:false, USB powered:true, Wireless powered:false, icon:17303294, invalid charger:0, status_smb:1, present_smb:false,level_smb:50
10-16 15:57:45.778   904   904 V ActivityManager: Broadcast sticky: Intent { act=android.intent.action.BATTERY_CHANGED flg=0x60000010 (has extras) } ordered=false userid=-1 callerApp=null
10-16 15:57:45.784   904  1036 V SettingsProvider: name : key_battery_charge_status callingUid : 1000
10-16 15:57:45.789   904  1608 V SettingsProvider: packageValueForCallResult, name = star_power_save_mode, value : 0
10-16 15:57:45.789   904   904 D WifiService: onReceive, action:android.intent.action.BATTERY_CHANGED
10-16 15:57:45.790   904   974 D WifiController: DeviceActiveState{ when=0 what=155652 arg1=2 target=com.android.internal.util.StateMachine$SmHandler }
10-16 15:57:45.790   904   974 D WifiController: StaEnabledState{ when=0 what=155652 arg1=2 target=com.android.internal.util.StateMachine$SmHandler }
10-16 15:57:45.790   904   974 D WifiController: DefaultState{ when=0 what=155652 arg1=2 target=com.android.internal.util.StateMachine$SmHandler }
10-16 15:57:45.790   904   974 D WifiController: battery changed pluggedType: 2
10-16 15:57:45.791   904   915 V SettingsProvider: packageValueForCallResult, name = star_super_power_save_mode, value : 0
10-16 15:57:45.792   904  1556 V SettingsProvider: name : LavaBatteryLevel callingUid : 1000
10-16 15:57:45.793   904  1575 V ActivityManager: Broadcast: Intent { act=terminate_SwitchModeActivity flg=0x10 } ordered=false userid=0 callerApp=ProcessRecord{c9cd5ef 1055:com.android.systemui/u0a21}
10-16 15:57:45.795   904   929 D PowerManagerService: updateIsPoweredLocked: wasPowered=true, mIsPowered=true, oldPlugType=2, mPlugType=2, mBatteryLevel=100
10-16 15:57:45.800   904  1511 D BatteryService: Processing new values: chargerAcOnline=false, chargerUsbOnline=true, chargerWirelessOnline=false, batteryStatus=5, batteryHealth=2, batteryPresent=true, batteryLevel=100, batteryTechnology=Li-ion, batteryVoltage=4359, batteryTemperature=310, mBatteryLevelCritical=false, mPlugType=2
10-16 15:57:46.863   904  1398 W Watchdog: SWT Watchdog after wait current time:742866
10-16 15:57:46.863   904  1398 W Watchdog: **Get SF Time **1
10-16 15:57:46.864   904  1398 W Watchdog: SWT Watchdog before synchronized:742867
10-16 15:57:46.864   904  1398 W Watchdog: SWT Watchdog after synchronized:742867
10-16 15:57:46.864   904  1398 W Watchdog: SWT Watchdog before wait timeout:30000
10-16 15:57:46.864   904  1398 W Watchdog: SWT Watchdog before wait current time:742867
10-16 15:57:46.864   904  1398 W Watchdog: SWT Watchdog before wait start:742867
10-16 15:57:46.864   904  1398 W Watchdog: SWT Watchdog before wait CHECK_INTERVAL:30000
10-16 15:57:47.095   904   972 V ActivityManager: Broadcast sticky: Intent { act=android.net.wifi.RSSI_CHANGED flg=0x4000010 (has extras) } ordered=false userid=-1 callerApp=ProcessRecord{51a6cc8 904:system/1000}
10-16 15:57:47.960   330   896 D SocketClient: SocketClient sendData done: 600 Iface linkstate wlan0 up
10-16 15:57:47.960   904   968 D NetdConnector: RCV <- {600 Iface linkstate wlan0 up}
10-16 15:57:47.961   904   923 D NetworkManagement: onEvent:600 Iface linkstate wlan0 up:5
10-16 15:57:48.087   904   972 V ActivityManager: Broadcast: Intent { act=android.net.wifi.SCAN_RESULTS flg=0x4000010 (has extras) } ordered=false userid=-1 callerApp=ProcessRecord{51a6cc8 904:system/1000}
10-16 15:57:48.089   904   904 I WifiNotificationController: checkAndSetNotification, state:CONNECTED
10-16 15:57:50.119   904   972 V ActivityManager: Broadcast sticky: Intent { act=android.net.wifi.RSSI_CHANGED flg=0x4000010 (has extras) } ordered=false userid=-1 callerApp=ProcessRecord{51a6cc8 904:system/1000}
10-16 15:57:53.141   904   972 V ActivityManager: Broadcast sticky: Intent { act=android.net.wifi.RSSI_CHANGED flg=0x4000010 (has extras) } ordered=false userid=-1 callerApp=ProcessRecord{51a6cc8 904:system/1000}
10-16 15:57:55.771   904  1511 D BatteryService: Processing new values: chargerAcOnline=false, chargerUsbOnline=true, chargerWirelessOnline=false, batteryStatus=5, batteryHealth=2, batteryPresent=true, batteryLevel=100, batteryTechnology=Li-ion, batteryVoltage=4359, batteryTemperature=310, mBatteryLevelCritical=false, mPlugType=2
10-16 15:57:55.775   904  1514 D BatteryService: Processing new values: chargerAcOnline=false, chargerUsbOnline=true, chargerWirelessOnline=false, batteryStatus=5, batteryHealth=2, batteryPresent=true, batteryLevel=100, batteryTechnology=Li-ion, batteryVoltage=4359, batteryTemperature=310, mBatteryLevelCritical=false, mPlugType=2
10-16 15:57:55.783   904  1562 D BatteryService: Processing new values: chargerAcOnline=false, chargerUsbOnline=true, chargerWirelessOnline=false, batteryStatus=5, batteryHealth=2, batteryPresent=true, batteryLevel=100, batteryTechnology=Li-ion, batteryVoltage=4360, batteryTemperature=310, mBatteryLevelCritical=false, mPlugType=2
10-16 15:57:55.784   904  1562 D BatteryService: Sending ACTION_BATTERY_CHANGED.  level:100, scale:100, status:5, health:2, present:true, voltage: 4360, temperature: 310, technology: Li-ion, AC powered:false, USB powered:true, Wireless powered:false, icon:17303294, invalid charger:0, status_smb:1, present_smb:false,level_smb:50
10-16 15:57:55.784   904   904 V ActivityManager: Broadcast sticky: Intent { act=android.intent.action.BATTERY_CHANGED flg=0x60000010 (has extras) } ordered=false userid=-1 callerApp=null
10-16 15:57:55.789   904   929 D PowerManagerService: updateIsPoweredLocked: wasPowered=true, mIsPowered=true, oldPlugType=2, mPlugType=2, mBatteryLevel=100
10-16 15:57:55.796   904  1553 V SettingsProvider: name : key_battery_charge_status callingUid : 1000
10-16 15:57:55.805   904   904 D WifiService: onReceive, action:android.intent.action.BATTERY_CHANGED
10-16 15:57:55.806   904   974 D WifiController: DeviceActiveState{ when=0 what=155652 arg1=2 target=com.android.internal.util.StateMachine$SmHandler }
10-16 15:57:55.806   904   974 D WifiController: StaEnabledState{ when=0 what=155652 arg1=2 target=com.android.internal.util.StateMachine$SmHandler }
10-16 15:57:55.806   904   974 D WifiController: DefaultState{ when=0 what=155652 arg1=2 target=com.android.internal.util.StateMachine$SmHandler }
10-16 15:57:55.806   904   974 D WifiController: battery changed pluggedType: 2
10-16 15:57:55.808   904  1512 V SettingsProvider: packageValueForCallResult, name = star_power_save_mode, value : 0
10-16 15:57:55.810   904   918 V SettingsProvider: packageValueForCallResult, name = star_super_power_save_mode, value : 0
10-16 15:57:55.811   904  1608 V SettingsProvider: name : LavaBatteryLevel callingUid : 1000
10-16 15:57:55.812   904   915 V ActivityManager: Broadcast: Intent { act=terminate_SwitchModeActivity flg=0x10 } ordered=false userid=0 callerApp=ProcessRecord{c9cd5ef 1055:com.android.systemui/u0a21}
10-16 15:57:55.818   904  1575 D BatteryService: Processing new values: chargerAcOnline=false, chargerUsbOnline=true, chargerWirelessOnline=false, batteryStatus=5, batteryHealth=2, batteryPresent=true, batteryLevel=100, batteryTechnology=Li-ion, batteryVoltage=4360, batteryTemperature=310, mBatteryLevelCritical=false, mPlugType=2
10-16 15:57:56.170   904   972 V ActivityManager: Broadcast sticky: Intent { act=android.net.wifi.RSSI_CHANGED flg=0x4000010 (has extras) } ordered=false userid=-1 callerApp=ProcessRecord{51a6cc8 904:system/1000}
10-16 15:57:59.204   904   972 V ActivityManager: Broadcast sticky: Intent { act=android.net.wifi.RSSI_CHANGED flg=0x4000010 (has extras) } ordered=false userid=-1 callerApp=ProcessRecord{51a6cc8 904:system/1000}
10-16 15:58:00.000   904   962 D AlarmManager: set alarm to RTC 877003
10-16 15:58:00.001   904   962 D DataShapingService: Alarm manager openLteDataUpLinkGate: false
10-16 15:58:00.001   904   962 V AlarmManager: openLteGateSuccess = false
10-16 15:58:00.001   904   962 V ActivityManager: Broadcast: Intent { act=android.intent.action.TIME_TICK flg=0x50000114 (has extras) } ordered=true userid=-1 callerApp=null
10-16 15:58:00.017   904   962 V AlarmManager: sending alarm Alarm{3bc1e13 type 3 when 756003 android} success
10-16 15:58:00.017   904   962 D PowerManagerService: acquireWakeLockInternal: lock=111214972, flags=0x40000001, tag="*alarm*", ws=WorkSource{1000}, uid=1000, pid=904
10-16 15:58:00.018   904   962 D PowerManagerService: updateWakeLockSummaryLocked: mWakefulness=Awake, mWakeLockSummary=0x1
10-16 15:58:00.018   904   962 D PowerManagerService: updateUserActivitySummaryLocked: mWakefulness=Awake, mUserActivitySummary=0x4, nextTimeout=-1 (756022 ms ago)
10-16 15:58:00.018   904   962 D DisplayPowerController: requestPowerState: policy=DIM, useProximitySensor=false, screenBrightness=173, screenAutoBrightnessAdjustment=0.0, brightnessSetByUser=true, useAutoBrightness=false, blockScreenOn=false, lowPowerMode=false, boostScreenBrightness=false, dozeScreenBrightness=-1, dozeScreenState=UNKNOWN, waitForNegativeProximity=false
10-16 15:58:00.019   904   962 I PowerManagerService: setBrightness mButtonLight 0.
10-16 15:58:00.019   904   962 D PowerManagerService: updateDisplayPowerStateLocked: mDisplayReady=true, policy=2, mWakefulness=1, mWakeLockSummary=0x1, mUserActivitySummary=0x4, mBootCompleted=true, mScreenBrightnessBoostInProgress=false
10-16 15:58:00.026   904   962 D PowerManagerService: Acquiring suspend blocker "PowerManagerService.WakeLocks".
10-16 15:58:00.029   904   962 D PowerManagerNotifier: onWakeLockAcquired: flags=1073741825, tag="*alarm*", packageName=android, ownerUid=1000, ownerPid=904, workSource=WorkSource{1000}
10-16 15:58:00.037  2078  2078 D ActivityThread: BDC-Calling finishReceiver: IIntentReceiver=eda125f
10-16 15:58:00.039   904   904 V AlarmManager: APP set(PendingIntent{fc57fcf: PendingIntentRecord{d22ad5c android broadcastIntent}}) : type=3 triggerAtTime=816003 win=0 tElapsed=816003 maxElapsed=816003 interval=0 flags=0x1
10-16 15:58:00.041   904   904 D AlarmManager:  whichBatch = -1
10-16 15:58:00.041   904   904 D AlarmManager: set alarm to RTC 816003
10-16 15:58:00.041   904   904 D ActivityThread: BDC-Calling finishReceiver: IIntentReceiver=805de30
10-16 15:58:00.042  1055  1055 D ActivityThread: BDC-Calling finishReceiver: IIntentReceiver=2c19176
10-16 15:58:00.048  1055  1055 D ActivityThread: BDC-Calling finishReceiver: IIntentReceiver=2a5594e
10-16 15:58:00.051  1055  1055 D ActivityThread: BDC-Calling finishReceiver: IIntentReceiver=1f0fa6f
10-16 15:58:00.058  1055  1055 D ActivityThread: BDC-Calling finishReceiver: IIntentReceiver=c2a37c
10-16 15:58:00.068  1055  1055 D ActivityThread: BDC-Calling finishReceiver: IIntentReceiver=e979405
10-16 15:58:00.081  1055  1055 D ActivityThread: BDC-Calling finishReceiver: IIntentReceiver=681bc5a
10-16 15:58:00.084  1055  1055 D ActivityThread: BDC-Calling finishReceiver: IIntentReceiver=43cce8b
10-16 15:58:00.087  1055  1055 D ActivityThread: BDC-Calling finishReceiver: IIntentReceiver=f547b68
10-16 15:58:00.090  1055  1055 D ActivityThread: BDC-Calling finishReceiver: IIntentReceiver=f026b81
10-16 15:58:00.094  1055  1055 D ActivityThread: BDC-Calling finishReceiver: IIntentReceiver=78f4426
10-16 15:58:00.100  1055  1055 D ActivityThread: BDC-Calling finishReceiver: IIntentReceiver=a27c867
10-16 15:58:00.120  1055  1055 D ActivityThread: BDC-Calling finishReceiver: IIntentReceiver=be93ebd
10-16 15:58:00.140  1055  1055 D ActivityThread: BDC-Calling finishReceiver: IIntentReceiver=3de8403
10-16 15:58:00.159  1055  1055 D ActivityThread: BDC-Calling finishReceiver: IIntentReceiver=57009b9
10-16 15:58:00.160   904   904 D AlarmManager: onSendFinished begin
10-16 15:58:00.160   904   904 D PowerManagerService: releaseWakeLockInternal: lock=111214972 [*alarm*], flags=0x0, total_time=142ms
10-16 15:58:00.160   904   904 D PowerManagerNotifier: onWakeLockReleased: flags=1073741825, tag="*alarm*", packageName=android, ownerUid=1000, ownerPid=904, workSource=WorkSource{1000}
10-16 15:58:00.161   904   904 D PowerManagerService: updateWakeLockSummaryLocked: mWakefulness=Awake, mWakeLockSummary=0x0
10-16 15:58:00.161   904   904 D PowerManagerService: updateUserActivitySummaryLocked: mWakefulness=Awake, mUserActivitySummary=0x4, nextTimeout=-1 (756165 ms ago)
10-16 15:58:00.161   904   904 D DisplayPowerController: requestPowerState: policy=DIM, useProximitySensor=false, screenBrightness=173, screenAutoBrightnessAdjustment=0.0, brightnessSetByUser=true, useAutoBrightness=false, blockScreenOn=false, lowPowerMode=false, boostScreenBrightness=false, dozeScreenBrightness=-1, dozeScreenState=UNKNOWN, waitForNegativeProximity=false
10-16 15:58:00.161   904   904 I PowerManagerService: setBrightness mButtonLight 0.
10-16 15:58:00.161   904   904 D PowerManagerService: updateDisplayPowerStateLocked: mDisplayReady=true, policy=2, mWakefulness=1, mWakeLockSummary=0x0, mUserActivitySummary=0x4, mBootCompleted=true, mScreenBrightnessBoostInProgress=false
10-16 15:58:00.161   904   904 D PowerManagerService: Releasing suspend blocker "PowerManagerService.WakeLocks".
10-16 15:58:02.229   904   972 V ActivityManager: Broadcast sticky: Intent { act=android.net.wifi.RSSI_CHANGED flg=0x4000010 (has extras) } ordered=false userid=-1 callerApp=ProcessRecord{51a6cc8 904:system/1000}
10-16 15:58:05.251   904   975 D ConnectivityService: updateNetworkScore for NetworkAgentInfo [WIFI () - 1000] to 56
10-16 15:58:05.251   904   975 D ConnectivityService: rematching NetworkAgentInfo [WIFI () - 1000]
10-16 15:58:05.251   904   975 D ConnectivityService:  network has: [ Transports: WIFI Capabilities: INTERNET&NOT_RESTRICTED&TRUSTED&NOT_VPN&VALIDATED LinkUpBandwidth>=1048576Kbps LinkDnBandwidth>=1048576Kbps SignalStrength: -73]
10-16 15:58:05.251   904   975 D ConnectivityService: Network NetworkAgentInfo [WIFI () - 1000] was already satisfying request 1. No change.
10-16 15:58:05.251   904   975 D ConnectivityService:   checking if request is satisfied: NetworkRequest [ id=4, legacyType=-1, [ Transports: WIFI Capabilities: NOT_RESTRICTED&TRUSTED&NOT_VPN&VALIDATED] ]
10-16 15:58:05.251   904   975 D ConnectivityService:   checking if request is satisfied: NetworkRequest [ id=3, legacyType=-1, [] ]
10-16 15:58:05.251   904   975 D ConnectivityService: sending new Min Network Score(56): NetworkRequest [ id=1, legacyType=-1, [ Capabilities: INTERNET&NOT_RESTRICTED&TRUSTED&NOT_VPN] ]
10-16 15:58:05.257   904   972 V ActivityManager: Broadcast sticky: Intent { act=android.net.wifi.RSSI_CHANGED flg=0x4000010 (has extras) } ordered=false userid=-1 callerApp=ProcessRecord{51a6cc8 904:system/1000}
10-16 15:58:05.760   904  1036 D BatteryService: Processing new values: chargerAcOnline=false, chargerUsbOnline=true, chargerWirelessOnline=false, batteryStatus=5, batteryHealth=2, batteryPresent=true, batteryLevel=100, batteryTechnology=Li-ion, batteryVoltage=4360, batteryTemperature=310, mBatteryLevelCritical=false, mPlugType=2
10-16 15:58:05.780   904   914 D BatteryService: Processing new values: chargerAcOnline=false, chargerUsbOnline=true, chargerWirelessOnline=false, batteryStatus=5, batteryHealth=2, batteryPresent=true, batteryLevel=100, batteryTechnology=Li-ion, batteryVoltage=4360, batteryTemperature=310, mBatteryLevelCritical=false, mPlugType=2
10-16 15:58:05.789   904  1553 D BatteryService: Processing new values: chargerAcOnline=false, chargerUsbOnline=true, chargerWirelessOnline=false, batteryStatus=5, batteryHealth=2, batteryPresent=true, batteryLevel=100, batteryTechnology=Li-ion, batteryVoltage=4360, batteryTemperature=310, mBatteryLevelCritical=false, mPlugType=2
10-16 15:58:05.794   904  1512 D BatteryService: Processing new values: chargerAcOnline=false, chargerUsbOnline=true, chargerWirelessOnline=false, batteryStatus=5, batteryHealth=2, batteryPresent=true, batteryLevel=100, batteryTechnology=Li-ion, batteryVoltage=4360, batteryTemperature=310, mBatteryLevelCritical=false, mPlugType=2
10-16 15:58:07.951   330   896 D SocketClient: SocketClient sendData done: 600 Iface linkstate wlan0 up
10-16 15:58:07.952   904   968 D NetdConnector: RCV <- {600 Iface linkstate wlan0 up}
10-16 15:58:07.953   904   923 D NetworkManagement: onEvent:600 Iface linkstate wlan0 up:5
10-16 15:58:08.279   904   972 V ActivityManager: Broadcast sticky: Intent { act=android.net.wifi.RSSI_CHANGED flg=0x4000010 (has extras) } ordered=false userid=-1 callerApp=ProcessRecord{51a6cc8 904:system/1000}
10-16 15:58:10.117   330   895 D SocketClient: SocketClient sendData done: 613 IfaceClass idle 1 766120132275
10-16 15:58:10.118   904   968 D NetdConnector: RCV <- {613 IfaceClass idle 1 766120132275}
10-16 15:58:10.120   904   923 D NetworkManagement: onEvent:613 IfaceClass idle 1 766120132275:5
10-16 15:58:10.121   904   923 V ActivityManager: Broadcast: Intent { act=android.net.conn.DATA_ACTIVITY_CHANGE flg=0x10 (has extras) } ordered=true userid=-1 callerApp=ProcessRecord{51a6cc8 904:system/1000}
10-16 15:58:10.123   904   923 V ActivityManager: Broadcast sticky: Intent { act=android.net.conn.DATA_ACTIVITY_CHANGE_CT flg=0x10 (has extras) } ordered=false userid=-1 callerApp=ProcessRecord{51a6cc8 904:system/1000}
10-16 15:58:11.316   904   975 D ConnectivityService: updateNetworkScore for NetworkAgentInfo [WIFI () - 1000] to 60
10-16 15:58:11.316   904   975 D ConnectivityService: rematching NetworkAgentInfo [WIFI () - 1000]
10-16 15:58:11.316   904   975 D ConnectivityService:  network has: [ Transports: WIFI Capabilities: INTERNET&NOT_RESTRICTED&TRUSTED&NOT_VPN&VALIDATED LinkUpBandwidth>=1048576Kbps LinkDnBandwidth>=1048576Kbps SignalStrength: -73]
10-16 15:58:11.317   904   975 D ConnectivityService: Network NetworkAgentInfo [WIFI () - 1000] was already satisfying request 1. No change.
10-16 15:58:11.317   904   975 D ConnectivityService:   checking if request is satisfied: NetworkRequest [ id=4, legacyType=-1, [ Transports: WIFI Capabilities: NOT_RESTRICTED&TRUSTED&NOT_VPN&VALIDATED] ]
10-16 15:58:11.317   904   975 D ConnectivityService:   checking if request is satisfied: NetworkRequest [ id=3, legacyType=-1, [] ]
10-16 15:58:11.317   904   975 D ConnectivityService: sending new Min Network Score(60): NetworkRequest [ id=1, legacyType=-1, [ Capabilities: INTERNET&NOT_RESTRICTED&TRUSTED&NOT_VPN] ]
10-16 15:58:11.338   904   972 V ActivityManager: Broadcast sticky: Intent { act=android.net.wifi.RSSI_CHANGED flg=0x4000010 (has extras) } ordered=false userid=-1 callerApp=ProcessRecord{51a6cc8 904:system/1000}
10-16 15:58:14.362   904   972 V ActivityManager: Broadcast sticky: Intent { act=android.net.wifi.RSSI_CHANGED flg=0x4000010 (has extras) } ordered=false userid=-1 callerApp=ProcessRecord{51a6cc8 904:system/1000}
10-16 15:58:15.158   330   895 D SocketClient: SocketClient sendData done: 613 IfaceClass active 1 771160680045 0
10-16 15:58:15.159   904   968 D NetdConnector: RCV <- {613 IfaceClass active 1 771160680045 0}
10-16 15:58:15.160   904   923 D NetworkManagement: onEvent:613 IfaceClass active 1 771160680045 0:6
10-16 15:58:15.161   904   923 V ActivityManager: Broadcast: Intent { act=android.net.conn.DATA_ACTIVITY_CHANGE flg=0x10 (has extras) } ordered=true userid=-1 callerApp=ProcessRecord{51a6cc8 904:system/1000}
10-16 15:58:15.165   904   923 V ActivityManager: Broadcast sticky: Intent { act=android.net.conn.DATA_ACTIVITY_CHANGE_CT flg=0x10 (has extras) } ordered=false userid=-1 callerApp=ProcessRecord{51a6cc8 904:system/1000}
10-16 15:58:15.793   904  1603 D BatteryService: Processing new values: chargerAcOnline=false, chargerUsbOnline=true, chargerWirelessOnline=false, batteryStatus=5, batteryHealth=2, batteryPresent=true, batteryLevel=100, batteryTechnology=Li-ion, batteryVoltage=4360, batteryTemperature=310, mBatteryLevelCritical=false, mPlugType=2
10-16 15:58:15.797   904  1562 D BatteryService: Processing new values: chargerAcOnline=false, chargerUsbOnline=true, chargerWirelessOnline=false, batteryStatus=5, batteryHealth=2, batteryPresent=true, batteryLevel=100, batteryTechnology=Li-ion, batteryVoltage=4360, batteryTemperature=310, mBatteryLevelCritical=false, mPlugType=2
10-16 15:58:15.801   904  1036 D BatteryService: Processing new values: chargerAcOnline=false, chargerUsbOnline=true, chargerWirelessOnline=false, batteryStatus=5, batteryHealth=2, batteryPresent=true, batteryLevel=100, batteryTechnology=Li-ion, batteryVoltage=4361, batteryTemperature=310, mBatteryLevelCritical=false, mPlugType=2
10-16 15:58:15.801   904  1036 D BatteryService: Sending ACTION_BATTERY_CHANGED.  level:100, scale:100, status:5, health:2, present:true, voltage: 4361, temperature: 310, technology: Li-ion, AC powered:false, USB powered:true, Wireless powered:false, icon:17303294, invalid charger:0, status_smb:1, present_smb:false,level_smb:50
10-16 15:58:15.802   904   904 V ActivityManager: Broadcast sticky: Intent { act=android.intent.action.BATTERY_CHANGED flg=0x60000010 (has extras) } ordered=false userid=-1 callerApp=null
10-16 15:58:15.804   904   929 D PowerManagerService: updateIsPoweredLocked: wasPowered=true, mIsPowered=true, oldPlugType=2, mPlugType=2, mBatteryLevel=100
10-16 15:58:15.806   904   914 V SettingsProvider: name : key_battery_charge_status callingUid : 1000
10-16 15:58:15.808   904   904 D WifiService: onReceive, action:android.intent.action.BATTERY_CHANGED
10-16 15:58:15.808   904   974 D WifiController: DeviceActiveState{ when=0 what=155652 arg1=2 target=com.android.internal.util.StateMachine$SmHandler }
10-16 15:58:15.808   904   974 D WifiController: StaEnabledState{ when=0 what=155652 arg1=2 target=com.android.internal.util.StateMachine$SmHandler }
10-16 15:58:15.808   904   974 D WifiController: DefaultState{ when=0 what=155652 arg1=2 target=com.android.internal.util.StateMachine$SmHandler }
10-16 15:58:15.808   904   974 D WifiController: battery changed pluggedType: 2
10-16 15:58:15.809   904  1553 V SettingsProvider: packageValueForCallResult, name = star_power_save_mode, value : 0
10-16 15:58:15.815   904  1512 V SettingsProvider: packageValueForCallResult, name = star_super_power_save_mode, value : 0
10-16 15:58:15.816   904   918 V SettingsProvider: name : LavaBatteryLevel callingUid : 1000
10-16 15:58:15.826   904  1556 V ActivityManager: Broadcast: Intent { act=terminate_SwitchModeActivity flg=0x10 } ordered=false userid=0 callerApp=ProcessRecord{c9cd5ef 1055:com.android.systemui/u0a21}
10-16 15:58:15.831   904  1035 D BatteryService: Processing new values: chargerAcOnline=false, chargerUsbOnline=true, chargerWirelessOnline=false, batteryStatus=5, batteryHealth=2, batteryPresent=true, batteryLevel=100, batteryTechnology=Li-ion, batteryVoltage=4361, batteryTemperature=310, mBatteryLevelCritical=false, mPlugType=2
10-16 15:58:16.865   904  1398 W Watchdog: SWT Watchdog after wait current time:772868
10-16 15:58:16.865   904  1398 W Watchdog: **Get SF Time **1
10-16 15:58:16.865   904  1398 W Watchdog: SWT Watchdog before synchronized:772868
10-16 15:58:16.865   904  1398 W Watchdog: SWT Watchdog after synchronized:772868
10-16 15:58:16.865   904  1398 W Watchdog: SWT Watchdog before wait timeout:30000
10-16 15:58:16.865   904  1398 W Watchdog: SWT Watchdog before wait current time:772868
10-16 15:58:16.865   904  1398 W Watchdog: SWT Watchdog before wait start:772868
10-16 15:58:16.865   904  1398 W Watchdog: SWT Watchdog before wait CHECK_INTERVAL:30000
